// Jest Snapshot v1, https://goo.gl/fbAQLP

exports[`Test pageppu Home: it renders 1`] = `
"<div class=\\"sc-bdVaJa iDPgMh\\">
  <div data-testid=\\"container\\" class=\\"sc-dxgOiQ jCNdaf\\">
    <div class=\\"sc-kGXeez iUJElA\\"><img src=\\"https://scontent-lax3-1.cdninstagram.com/vp/faabb8c4b137c218c14ba6731c6afbd6/5E6134C6/t51.2885-15/e15/s240x240/74700264_787934528308707_5359669060944196620_n.jpg?_nc_ht=scontent-lax3-1.cdninstagram.com&amp;_nc_cat=103\\" alt=\\"recent post\\" class=\\"sc-kpOJdX jrHEFc\\"></div>
    <div class=\\"sc-kGXeez iUJElA\\"><img src=\\"https://scontent-lax3-1.cdninstagram.com/vp/e96a848083f069ebedb271e29cb282d8/5E46EE5E/t51.2885-15/e15/s240x240/71090542_779311812512210_5227104155764971815_n.jpg?_nc_ht=scontent-lax3-1.cdninstagram.com&amp;_nc_cat=102\\" alt=\\"recent post\\" class=\\"sc-kpOJdX jrHEFc\\"></div>
    <div class=\\"sc-kGXeez iUJElA\\"><img src=\\"https://scontent-lax3-1.cdninstagram.com/vp/7552aa083144e8df3748a3d971d30e21/5DB1F0AA/t51.2885-15/e35/c90.0.540.540a/s240x240/73185812_2561810237383074_2311812671370968008_n.jpg?_nc_ht=scontent-lax3-1.cdninstagram.com&amp;_nc_cat=106\\" alt=\\"recent post\\" class=\\"sc-kpOJdX jrHEFc\\"></div>
    <div class=\\"sc-kGXeez iUJElA\\"><img src=\\"https://scontent-lax3-1.cdninstagram.com/vp/fa23e6509f661cc5c6848d70c732d107/5E3DFCD4/t51.2885-15/e15/s240x240/73407461_220677115625807_242816955558630818_n.jpg?_nc_ht=scontent-lax3-1.cdninstagram.com&amp;_nc_cat=111\\" alt=\\"recent post\\" class=\\"sc-kpOJdX jrHEFc\\"></div>
    <div class=\\"sc-kGXeez iUJElA\\"><img src=\\"https://scontent-lax3-1.cdninstagram.com/vp/256db1ba7aa51565d36b29fe52cb7f2a/5E42FDB8/t51.2885-15/e15/s240x240/72227397_551966932011798_4514848816583354296_n.jpg?_nc_ht=scontent-lax3-1.cdninstagram.com&amp;_nc_cat=106\\" alt=\\"recent post\\" class=\\"sc-kpOJdX jrHEFc\\"></div>
    <div class=\\"sc-kGXeez iUJElA\\"><img src=\\"https://scontent-lax3-1.cdninstagram.com/vp/1b8b4d07290bb0921d67ede93d7c3e9f/5E3E309D/t51.2885-15/e15/s240x240/71136042_417862012478838_7675763124419013593_n.jpg?_nc_ht=scontent-lax3-1.cdninstagram.com&amp;_nc_cat=106\\" alt=\\"recent post\\" class=\\"sc-kpOJdX jrHEFc\\"></div>
    <div class=\\"sc-kGXeez iUJElA\\"><img src=\\"https://scontent-lax3-1.cdninstagram.com/vp/23dfa049b6b4a99a9d0edbb85441e89c/5E2A2D8B/t51.2885-15/e35/c0.135.1080.1080a/s240x240/70884961_945701605807306_8762903756322568972_n.jpg?_nc_ht=scontent-lax3-1.cdninstagram.com&amp;_nc_cat=110\\" alt=\\"recent post\\" class=\\"sc-kpOJdX jrHEFc\\"></div>
    <div class=\\"sc-kGXeez iUJElA\\"><img src=\\"https://scontent-lax3-1.cdninstagram.com/vp/ce66c97efed7b9e5bc343f9b2f0b538b/5E2C8040/t51.2885-15/e15/s240x240/72847222_439558716677482_3906162651132030408_n.jpg?_nc_ht=scontent-lax3-1.cdninstagram.com&amp;_nc_cat=110\\" alt=\\"recent post\\" class=\\"sc-kpOJdX jrHEFc\\"></div>
    <div class=\\"sc-kGXeez iUJElA\\"><img src=\\"https://scontent-lax3-1.cdninstagram.com/vp/5077704b6c515e95b2493b27e8bdb822/5DB24BAC/t51.2885-15/e35/c157.0.406.406a/s240x240/73239270_138577364205638_1188940091198263161_n.jpg?_nc_ht=scontent-lax3-1.cdninstagram.com&amp;_nc_cat=102\\" alt=\\"recent post\\" class=\\"sc-kpOJdX jrHEFc\\"></div>
    <div class=\\"sc-kGXeez iUJElA\\"><img src=\\"https://scontent-lax3-1.cdninstagram.com/vp/305d9b2fcd430fe6e1318c675dd2ffa6/5E4AEF94/t51.2885-15/e15/s240x240/71193209_733476380409244_8343765505413501733_n.jpg?_nc_ht=scontent-lax3-1.cdninstagram.com&amp;_nc_cat=104\\" alt=\\"recent post\\" class=\\"sc-kpOJdX jrHEFc\\"></div>
    <div class=\\"sc-kGXeez iUJElA\\"><img src=\\"https://scontent-lax3-1.cdninstagram.com/vp/e8ea55afbcbeabb7052cfe3313eb5de9/5E57BDEB/t51.2885-15/e35/c0.0.1080.1080a/s240x240/72161162_173284080514270_6249262911902644151_n.jpg?_nc_ht=scontent-lax3-1.cdninstagram.com&amp;_nc_cat=110\\" alt=\\"recent post\\" class=\\"sc-kpOJdX jrHEFc\\"></div>
    <div class=\\"sc-kGXeez iUJElA\\"><img src=\\"https://scontent-lax3-1.cdninstagram.com/vp/2b604880ca1355d57fb260ec77f354c4/5E4085ED/t51.2885-15/e15/s240x240/70663288_413689329343686_308042980676913484_n.jpg?_nc_ht=scontent-lax3-1.cdninstagram.com&amp;_nc_cat=106\\" alt=\\"recent post\\" class=\\"sc-kpOJdX jrHEFc\\"></div>
  </div>
  <div class=\\"sc-htoDjs lmFljz\\"></div>
  <div class=\\"sc-bdVaJa iDPgMh\\">
    <div class=\\"sc-bwzfXH hNHvRd\\">
      <h1 class=\\"sc-htpNat gzPCZx\\">Ferry Tale Creative</h1>
      <p class=\\"sc-bxivhb fHYAUi\\">Thanks for visiting us! Follow us on Instagram to get the lastest looks. Also check out the page background! Cool right?</p>
      <p class=\\"sc-bxivhb fHYAUi\\">Our store will soon be open for business. Until then look around and let us know what you think.</p><button class=\\"sc-ifAKCX bVPOgF\\">@ferrytalecreative</button>
    </div>
  </div>
</div>"
`;
