// Jest Snapshot v1, https://goo.gl/fbAQLP

exports[`InstaForm renders 1`] = `
<DocumentFragment>
  <form>
    <input
      class="sc-bdVaJa isLXXY"
      name="instagram"
      required=""
      type="text"
      value=""
    />
    <button
      class="sc-bwzfXH ljZSuA"
      type="submit"
      value="Submit"
    >
      Use my Instagram!
    </button>
  </form>
</DocumentFragment>
`;
