// Jest Snapshot v1, https://goo.gl/fbAQLP

exports[`API call 1`] = `
Response {
  "_bodyBlob": Blob {},
  "_bodyInit": Blob {},
  "headers": Headers {
    "map": Object {
      "cache-control": "private, no-cache, no-store, must-revalidate",
      "content-language": "en",
      "content-type": "application/json; charset=utf-8",
      "expires": "Sat, 01 Jan 2000 00:00:00 GMT",
      "pragma": "no-cache",
    },
  },
  "ok": true,
  "status": 200,
  "statusText": "OK",
  "type": "default",
  "url": "https://www.instagram.com/ferrytalecreative/?__a=1",
}
`;

exports[`API call 2`] = `
Object {
  "graphql": Object {
    "user": Object {
      "biography": "[SANITIZED]",
      "blocked_by_viewer": false,
      "business_category_name": "Personal Goods & General Merchandise Stores",
      "connected_fb_page": null,
      "country_block": false,
      "edge_felix_video_timeline": Object {
        "count": 0,
        "edges": Array [],
        "page_info": Object {
          "end_cursor": null,
          "has_next_page": false,
        },
      },
      "edge_follow": Object {
        "count": 197,
      },
      "edge_followed_by": Object {
        "count": 160,
      },
      "edge_media_collections": Object {
        "count": 0,
        "edges": Array [],
        "page_info": Object {
          "end_cursor": null,
          "has_next_page": false,
        },
      },
      "edge_mutual_followed_by": Object {
        "count": 0,
        "edges": Array [],
      },
      "edge_owner_to_timeline_media": Object {
        "count": 87,
        "edges": Array [
          Object {
            "node": Object {
              "__typename": "GraphImage",
              "accessibility_caption": "Image may contain: one or more people, people sitting, beard and outdoor",
              "comments_disabled": false,
              "dimensions": Object {
                "height": 1080,
                "width": 1080,
              },
              "display_url": "https://scontent-lax3-1.cdninstagram.com/v/t51.2885-15/fr/e15/s1080x1080/74896037_522503351637220_1111407668180862866_n.jpg?_nc_ht=scontent-lax3-1.cdninstagram.com&_nc_cat=104&oh=e2ae7fc3a014f2ac875d73a3ba8a9e92&oe=5E735B7C",
              "edge_liked_by": Object {
                "count": 20,
              },
              "edge_media_preview_like": Object {
                "count": 20,
              },
              "edge_media_to_caption": Object {
                "edges": Array [
                  Object {
                    "node": Object {
                      "text": "this is #myfriendQuay - Quay is sleepy.
.
.
Won't we all be sleepy tomorrow after all that turkey? Hope everyone is traveling safely and warming up for all the eating and thanking we will do tomorrow. .
.
#disney #disneyworld #disneybound #disneylove #disneypic #instadisney #fallintodisney #mickeyears #disneymagic #happilyeverafter #disneygrammers #thankful #grateful #mickeyears #disneyParks #disneyBus",
                    },
                  },
                ],
              },
              "edge_media_to_comment": Object {
                "count": 0,
              },
              "fact_check_information": null,
              "fact_check_overall_rating": null,
              "gating_info": null,
              "id": "2186350557270987612",
              "is_video": false,
              "location": Object {
                "has_public_page": true,
                "id": "159633136",
                "name": "Epcot - Walt Disney World",
                "slug": "epcot-walt-disney-world",
              },
              "media_preview": "ACoqjaMM2VADj7yHGD9O1NkgXcsiqCpOGXA/p/nNauxLnBwVxnk9Qe2D3qrNAYyVYZDcHA4b39mH5H60xFQoIJxtG1WHTnHTsPrTFQyne+QOckdgOwqdkIKkjeUUg+nsf/rdaihRiAgPJ6d8+vHpz70XHZk0cIdsRlgPr/8AWq//AGe/99v0qzBCIlAJHy9cdM/jzVrIouIxkuJN23AA9j6exH4VLds5jG09xntxUG1VIKckr3OfTB9qaJzMpjk4wecccD39PWp2Wo4oiViULds8H+99Ppz9aS0Oz52I46L/AIe1QySjcCB8nQD8O319KRwSwcYwtCQORuJcxyDEhAIGT26c/wCf0rJN8+flxjtkdu1G3zcgH+E1l+ZjiqRPmzTt54gWZzyx6YPQdMVJcXELxnbncfYj6/nWbB938alNIonJSWIfNyPu89D70RgdAQfpmqlkAZuf881vSgBT/nvU7OxTs1dkAWNTuHB79s/hWBKuXbg9T2962o/mzu5571d2j0FJPqD7H//Z",
              "owner": Object {
                "id": "21687057195",
                "username": "ferrytalecreative",
              },
              "shortcode": "B5Xej-AnVNc",
              "taken_at_timestamp": 1574853318,
              "thumbnail_resources": Array [
                Object {
                  "config_height": 150,
                  "config_width": 150,
                  "src": "https://scontent-lax3-1.cdninstagram.com/v/t51.2885-15/e15/s150x150/74896037_522503351637220_1111407668180862866_n.jpg?_nc_ht=scontent-lax3-1.cdninstagram.com&_nc_cat=104&oh=f74c014cb92ed0c145072e94215d2aa2&oe=5E86BDC0",
                },
                Object {
                  "config_height": 240,
                  "config_width": 240,
                  "src": "https://scontent-lax3-1.cdninstagram.com/v/t51.2885-15/e15/s240x240/74896037_522503351637220_1111407668180862866_n.jpg?_nc_ht=scontent-lax3-1.cdninstagram.com&_nc_cat=104&oh=016178eeeed8a360a459f73044faf550&oe=5E8C0F8A",
                },
                Object {
                  "config_height": 320,
                  "config_width": 320,
                  "src": "https://scontent-lax3-1.cdninstagram.com/v/t51.2885-15/e15/s320x320/74896037_522503351637220_1111407668180862866_n.jpg?_nc_ht=scontent-lax3-1.cdninstagram.com&_nc_cat=104&oh=8f005ac411e1b8d565112a9f39a29e97&oe=5E769130",
                },
                Object {
                  "config_height": 480,
                  "config_width": 480,
                  "src": "https://scontent-lax3-1.cdninstagram.com/v/t51.2885-15/e15/s480x480/74896037_522503351637220_1111407668180862866_n.jpg?_nc_ht=scontent-lax3-1.cdninstagram.com&_nc_cat=104&oh=85dcdf364775c7ac4ee15736f050fbbc&oe=5E71EA6A",
                },
                Object {
                  "config_height": 640,
                  "config_width": 640,
                  "src": "https://scontent-lax3-1.cdninstagram.com/v/t51.2885-15/sh0.08/e35/s640x640/74896037_522503351637220_1111407668180862866_n.jpg?_nc_ht=scontent-lax3-1.cdninstagram.com&_nc_cat=104&oh=1b0658e2ec08e8914804d7b231a5d8fa&oe=5E7BF2C6",
                },
              ],
              "thumbnail_src": "https://scontent-lax3-1.cdninstagram.com/v/t51.2885-15/sh0.08/e35/s640x640/74896037_522503351637220_1111407668180862866_n.jpg?_nc_ht=scontent-lax3-1.cdninstagram.com&_nc_cat=104&oh=1b0658e2ec08e8914804d7b231a5d8fa&oe=5E7BF2C6",
            },
          },
          Object {
            "node": Object {
              "__typename": "GraphImage",
              "accessibility_caption": "Image may contain: one or more people",
              "comments_disabled": false,
              "dimensions": Object {
                "height": 1080,
                "width": 1080,
              },
              "display_url": "https://scontent-lax3-2.cdninstagram.com/v/t51.2885-15/e35/74515508_700762777077018_269363372459983786_n.jpg?_nc_ht=scontent-lax3-2.cdninstagram.com&_nc_cat=106&oh=dcbc0f1574b52e84b33660a68e79d60c&oe=5E7BE316",
              "edge_liked_by": Object {
                "count": 16,
              },
              "edge_media_preview_like": Object {
                "count": 16,
              },
              "edge_media_to_caption": Object {
                "edges": Array [
                  Object {
                    "node": Object {
                      "text": "California ✈️Georgia got me like... .
.
I didn't want to complain all over my story or be a grouch but y'all our 2:30p flight from SNA to ATL stunk! We got there at noon (my bad I only fly out big airports I didn't know it could be so fast!) Our flight delayed 15 minutes due to late departure - no big! .
.
Then we boarded 20 minutes later than they said.. fine no big let's go home. Then they left us on the plane for over an hour telling us about 30 minutes in that we'd be leaving soon. Then over an hour in they said deplane for our comfort and a 3 hour fix.
.
.
4 and a half hours later they said we'd board in 45 minutes which we did and depart 45 minutes later. An hour later they closed the plane door. 30 minutes later we took off.

Luckily we were flying direct so really I feel worse for all the people with connections. Anyone who knows about the enneagram will understand when I say I am a hard type one! I want honesty, transparency and fair treatment.  I can handle disapointment if if you just give it to me straight all the time.
Their need to smile and act like it's all good and then make us sit and wait for hours .. well it just isn't nice or honest.  And they don't do anything to help you in the mean time. Part of why I love Disney is they don't stop trying to help you feel magical even in a crappy situation.

Anyway glad to be home. ✨💚✨ We didn't get home til 5am EST and luckily had a chance to sleep for a few hours! But time to unpack Disney repack Thanksgiving and start bring grateful 💚💚",
                    },
                  },
                ],
              },
              "edge_media_to_comment": Object {
                "count": 0,
              },
              "fact_check_information": null,
              "fact_check_overall_rating": null,
              "gating_info": null,
              "id": "2185044335937154396",
              "is_video": false,
              "location": null,
              "media_preview": "ACoqk3FRxj9KeJO7np71XYDG3afz/wDrUqxJJ9/IwO5/X8Kx2OjcsFVPOM+tVzkHAx+nFV5A1qPMjOR/n/Oad55Y7sflnv8AhVNdSU+jJRgf3f0qPDeq/p/hT1AbqDml8tfQ/mf8Kkod5wXPXn1pRKCCMZIHX602WYAfKefpWe9w3XdtPb0+h+tUk2S5JFq7ZVi2gY3EcVBA23k54/pUcjrIQM5PU0xJCpyPp+tNCe5tLc7ucdKf559KzfOwuSx/Kj7Unqfy/wDr0tQ0G3jYAAx+A/L9aqMKuagMYx6H+lUz0q1sYy3GHhgamK556f5FQknpVg/d/A0i0OhJcHkde9S+Wfb8v/rVDZ9/oP51ohRjpSluVHY//9k=",
              "owner": Object {
                "id": "21687057195",
                "username": "ferrytalecreative",
              },
              "shortcode": "B5S1j8mA21c",
              "taken_at_timestamp": 1574697604,
              "thumbnail_resources": Array [
                Object {
                  "config_height": 150,
                  "config_width": 150,
                  "src": "https://scontent-lax3-2.cdninstagram.com/v/t51.2885-15/e35/s150x150/74515508_700762777077018_269363372459983786_n.jpg?_nc_ht=scontent-lax3-2.cdninstagram.com&_nc_cat=106&oh=406500fb7a7d0a1ece8ba961b2ad47e8&oe=5E7E1184",
                },
                Object {
                  "config_height": 240,
                  "config_width": 240,
                  "src": "https://scontent-lax3-2.cdninstagram.com/v/t51.2885-15/e35/s240x240/74515508_700762777077018_269363372459983786_n.jpg?_nc_ht=scontent-lax3-2.cdninstagram.com&_nc_cat=106&oh=177ae20bacd2fb786c1b100b8c80000c&oe=5E6CCB31",
                },
                Object {
                  "config_height": 320,
                  "config_width": 320,
                  "src": "https://scontent-lax3-2.cdninstagram.com/v/t51.2885-15/e35/s320x320/74515508_700762777077018_269363372459983786_n.jpg?_nc_ht=scontent-lax3-2.cdninstagram.com&_nc_cat=106&oh=27fadebef8ed5f147d9352781e523ba3&oe=5E878189",
                },
                Object {
                  "config_height": 480,
                  "config_width": 480,
                  "src": "https://scontent-lax3-2.cdninstagram.com/v/t51.2885-15/e35/s480x480/74515508_700762777077018_269363372459983786_n.jpg?_nc_ht=scontent-lax3-2.cdninstagram.com&_nc_cat=106&oh=2010c7b9e5a0f4b8193639e0ee6472a6&oe=5E8944D5",
                },
                Object {
                  "config_height": 640,
                  "config_width": 640,
                  "src": "https://scontent-lax3-2.cdninstagram.com/v/t51.2885-15/sh0.08/e35/s640x640/74515508_700762777077018_269363372459983786_n.jpg?_nc_ht=scontent-lax3-2.cdninstagram.com&_nc_cat=106&oh=e5bf9542235f61a2c66c5bfa87d1efd3&oe=5E680765",
                },
              ],
              "thumbnail_src": "https://scontent-lax3-2.cdninstagram.com/v/t51.2885-15/sh0.08/e35/s640x640/74515508_700762777077018_269363372459983786_n.jpg?_nc_ht=scontent-lax3-2.cdninstagram.com&_nc_cat=106&oh=e5bf9542235f61a2c66c5bfa87d1efd3&oe=5E680765",
            },
          },
          Object {
            "node": Object {
              "__typename": "GraphImage",
              "accessibility_caption": "Image may contain: one or more people",
              "comments_disabled": false,
              "dimensions": Object {
                "height": 1080,
                "width": 1080,
              },
              "display_url": "https://scontent-lax3-2.cdninstagram.com/v/t51.2885-15/e35/72093822_2468695870037239_3689832794201327984_n.jpg?_nc_ht=scontent-lax3-2.cdninstagram.com&_nc_cat=107&oh=20d2cc5e7c83535403566f5b3b39ac5e&oe=5E74F88D",
              "edge_liked_by": Object {
                "count": 25,
              },
              "edge_media_preview_like": Object {
                "count": 25,
              },
              "edge_media_to_caption": Object {
                "edges": Array [
                  Object {
                    "node": Object {
                      "text": "Day 2 swinging around disney at California Adventures. I wasn't expecting that much swing on the ferris wheel.. I had to sit down for a second  when we got off!
.
.
✨✨✨✨✨✨✨✨✨✨✨✨✨✨✨✨
#disney #disneylifestyle  #disneyday #disneyland #californiaadventure #disneygirl #disneyLove #disneycouple #disneyMerch",
                    },
                  },
                ],
              },
              "edge_media_to_comment": Object {
                "count": 1,
              },
              "fact_check_information": null,
              "fact_check_overall_rating": null,
              "gating_info": null,
              "id": "2183700712310079984",
              "is_video": false,
              "location": Object {
                "has_public_page": true,
                "id": "2998961",
                "name": "Disney California Adventure Park",
                "slug": "disney-california-adventure-park",
              },
              "media_preview": "ACoqvAbR/uj+QqrBtChz1VifwIx+VTzuFjPvxUabEQA8FlYn8q06EWfQarZyRgknPf1PpmlYnHzdeowD2+v+RR5mxVK9QOf60ryk8rkseOnAz/Q1Ol7js7WI5SpXI4JY1dWdSBnriq6gGIjjoP0qoG4q7XEia5bcAvTn/wCt/WkmUjHy7gFz1xyOen5UhO91Gd2Ome/f8aak2c+Z+HHSspOySNoxbu10JYITgEHBOc9DjvjPsOP/ANVKoKyck9cdaZbTEnbjjJ5+pq1tG/Pt/nFLcGuVu/URIivyggj1qkVxx6Vojj6j071G1uSSfU1on3M7dihHKn3geQDwe3YVDUjqFQ4AH0qGuc7KeiJoW8tGY9Nw6VqMccj/AD6Vjf8ALFvr/hWhCSYhn+4K0ic8tx5crgDGD+J9+akPnA4XGO2fTtVTv+VatPqyXsj/2Q==",
              "owner": Object {
                "id": "21687057195",
                "username": "ferrytalecreative",
              },
              "shortcode": "B5OEDplAoHw",
              "taken_at_timestamp": 1574537432,
              "thumbnail_resources": Array [
                Object {
                  "config_height": 150,
                  "config_width": 150,
                  "src": "https://scontent-lax3-2.cdninstagram.com/v/t51.2885-15/e35/s150x150/72093822_2468695870037239_3689832794201327984_n.jpg?_nc_ht=scontent-lax3-2.cdninstagram.com&_nc_cat=107&oh=474751062e7f36a7c8b91e5d4928d556&oe=5E8000B2",
                },
                Object {
                  "config_height": 240,
                  "config_width": 240,
                  "src": "https://scontent-lax3-2.cdninstagram.com/v/t51.2885-15/e35/s240x240/72093822_2468695870037239_3689832794201327984_n.jpg?_nc_ht=scontent-lax3-2.cdninstagram.com&_nc_cat=107&oh=e6f7e02c38744f3d513f2058233d064a&oe=5E715EB4",
                },
                Object {
                  "config_height": 320,
                  "config_width": 320,
                  "src": "https://scontent-lax3-2.cdninstagram.com/v/t51.2885-15/e35/s320x320/72093822_2468695870037239_3689832794201327984_n.jpg?_nc_ht=scontent-lax3-2.cdninstagram.com&_nc_cat=107&oh=13fb5241ef55aee3ef0cc201ed870a05&oe=5E7E60CA",
                },
                Object {
                  "config_height": 480,
                  "config_width": 480,
                  "src": "https://scontent-lax3-2.cdninstagram.com/v/t51.2885-15/e35/s480x480/72093822_2468695870037239_3689832794201327984_n.jpg?_nc_ht=scontent-lax3-2.cdninstagram.com&_nc_cat=107&oh=6e19b3fa91756fe395f88b7dc245eb04&oe=5E8D0E8D",
                },
                Object {
                  "config_height": 640,
                  "config_width": 640,
                  "src": "https://scontent-lax3-2.cdninstagram.com/v/t51.2885-15/sh0.08/e35/s640x640/72093822_2468695870037239_3689832794201327984_n.jpg?_nc_ht=scontent-lax3-2.cdninstagram.com&_nc_cat=107&oh=f9f92939037243be2ddf4fe9c7db3f79&oe=5E710E37",
                },
              ],
              "thumbnail_src": "https://scontent-lax3-2.cdninstagram.com/v/t51.2885-15/sh0.08/e35/s640x640/72093822_2468695870037239_3689832794201327984_n.jpg?_nc_ht=scontent-lax3-2.cdninstagram.com&_nc_cat=107&oh=f9f92939037243be2ddf4fe9c7db3f79&oe=5E710E37",
            },
          },
          Object {
            "node": Object {
              "__typename": "GraphSidecar",
              "accessibility_caption": "Image may contain: people smiling, one or more people, outdoor and closeup",
              "comments_disabled": false,
              "dimensions": Object {
                "height": 1080,
                "width": 1080,
              },
              "display_url": "https://scontent-lax3-1.cdninstagram.com/v/t51.2885-15/e35/71527447_719413511903698_3569508707095693050_n.jpg?_nc_ht=scontent-lax3-1.cdninstagram.com&_nc_cat=110&oh=ef7f864c9901ba8bbc156cb668f8003b&oe=5E65A7D7",
              "edge_liked_by": Object {
                "count": 24,
              },
              "edge_media_preview_like": Object {
                "count": 24,
              },
              "edge_media_to_caption": Object {
                "edges": Array [
                  Object {
                    "node": Object {
                      "text": "Wow #disneyland just wow. 
So much good. So much different. It's going to take days to process it all but for now I'm going to bed to prep for #californiaadventure",
                    },
                  },
                ],
              },
              "edge_media_to_comment": Object {
                "count": 0,
              },
              "fact_check_information": null,
              "fact_check_overall_rating": null,
              "gating_info": null,
              "id": "2183306597638581291",
              "is_video": false,
              "location": Object {
                "has_public_page": true,
                "id": "112466925901669",
                "name": "Disneyland - Theme Park",
                "slug": "disneyland-theme-park",
              },
              "media_preview": null,
              "owner": Object {
                "id": "21687057195",
                "username": "ferrytalecreative",
              },
              "shortcode": "B5MqchsA6wr",
              "taken_at_timestamp": 1574490450,
              "thumbnail_resources": Array [
                Object {
                  "config_height": 150,
                  "config_width": 150,
                  "src": "https://scontent-lax3-1.cdninstagram.com/v/t51.2885-15/e35/s150x150/71527447_719413511903698_3569508707095693050_n.jpg?_nc_ht=scontent-lax3-1.cdninstagram.com&_nc_cat=110&oh=38a80ec85d45cf1542b687476312fb88&oe=5E83A595",
                },
                Object {
                  "config_height": 240,
                  "config_width": 240,
                  "src": "https://scontent-lax3-1.cdninstagram.com/v/t51.2885-15/e35/s240x240/71527447_719413511903698_3569508707095693050_n.jpg?_nc_ht=scontent-lax3-1.cdninstagram.com&_nc_cat=110&oh=bc9a011264b3de1ca84840eaa14b615f&oe=5E7ABEDF",
                },
                Object {
                  "config_height": 320,
                  "config_width": 320,
                  "src": "https://scontent-lax3-1.cdninstagram.com/v/t51.2885-15/e35/s320x320/71527447_719413511903698_3569508707095693050_n.jpg?_nc_ht=scontent-lax3-1.cdninstagram.com&_nc_cat=110&oh=0697270e87de3fe776ab81adf3c5e7b0&oe=5E79DE65",
                },
                Object {
                  "config_height": 480,
                  "config_width": 480,
                  "src": "https://scontent-lax3-1.cdninstagram.com/v/t51.2885-15/e35/s480x480/71527447_719413511903698_3569508707095693050_n.jpg?_nc_ht=scontent-lax3-1.cdninstagram.com&_nc_cat=110&oh=6198834d3ee057890fca2de743ef4e36&oe=5E84203F",
                },
                Object {
                  "config_height": 640,
                  "config_width": 640,
                  "src": "https://scontent-lax3-1.cdninstagram.com/v/t51.2885-15/sh0.08/e35/s640x640/71527447_719413511903698_3569508707095693050_n.jpg?_nc_ht=scontent-lax3-1.cdninstagram.com&_nc_cat=110&oh=a9e6697a7790f2a2d36aa4c5a2248726&oe=5E663332",
                },
              ],
              "thumbnail_src": "https://scontent-lax3-1.cdninstagram.com/v/t51.2885-15/sh0.08/e35/s640x640/71527447_719413511903698_3569508707095693050_n.jpg?_nc_ht=scontent-lax3-1.cdninstagram.com&_nc_cat=110&oh=a9e6697a7790f2a2d36aa4c5a2248726&oe=5E663332",
            },
          },
          Object {
            "node": Object {
              "__typename": "GraphImage",
              "accessibility_caption": "Image may contain: one or more people and outdoor",
              "comments_disabled": false,
              "dimensions": Object {
                "height": 1079,
                "width": 1080,
              },
              "display_url": "https://scontent-lax3-1.cdninstagram.com/v/t51.2885-15/e35/74906735_2493472900974149_4308179678639243614_n.jpg?_nc_ht=scontent-lax3-1.cdninstagram.com&_nc_cat=105&oh=0b24723138c425e53b3c5a4f521a2e8e&oe=5E760D19",
              "edge_liked_by": Object {
                "count": 32,
              },
              "edge_media_preview_like": Object {
                "count": 32,
              },
              "edge_media_to_caption": Object {
                "edges": Array [
                  Object {
                    "node": Object {
                      "text": "We.
Are.
In.
Disneyland.

That is all",
                    },
                  },
                ],
              },
              "edge_media_to_comment": Object {
                "count": 1,
              },
              "fact_check_information": null,
              "fact_check_overall_rating": null,
              "gating_info": null,
              "id": "2183076546850406775",
              "is_video": false,
              "location": Object {
                "has_public_page": true,
                "id": "112466925901669",
                "name": "Disneyland - Theme Park",
                "slug": "disneyland-theme-park",
              },
              "media_preview": "ACopts+04I4A/P24/WpYbhH+UcEdiMUxnYfMB1xwaheX+8MbTyeuP8ihIbL5YDqcVWuJQMKDyefyqtNMVUMw78c9PrULsZCTgEgEn8O3v7U7Nk7FosrfKep/PHrUOJPSmQ5kAPHzDp0xzxnH51JyOC/I9AamzHcmwsYAJOByCT+hNRDHO08HP0zTnYxHcfmRvXqPz7e1SSbQpIxgDOf1rS2or6FMQyODtH13Hqef1569OaEYsxBGCvBqUIUBaMncx6cfj7Z9DVYu3nEtgFgMgc9u/vS6ldLEoUKMelQsZcnDHFSZ70ZrQzLxAZdrc5rMldtpt+d2cD3H+f8APFag/r/Wq8v+vT/db+dSwXYlcbY8kgELjPvisaM4bB71p3/+rH1qpULc6OX3XL+tXYQn0o8ymt1ptaGVj//Z",
              "owner": Object {
                "id": "21687057195",
                "username": "ferrytalecreative",
              },
              "shortcode": "B5L2I2MgUF3",
              "taken_at_timestamp": 1574463025,
              "thumbnail_resources": Array [
                Object {
                  "config_height": 150,
                  "config_width": 150,
                  "src": "https://scontent-lax3-1.cdninstagram.com/v/t51.2885-15/e35/c0.0.1079.1079a/s150x150/74906735_2493472900974149_4308179678639243614_n.jpg?_nc_ht=scontent-lax3-1.cdninstagram.com&_nc_cat=105&oh=6e1b67910468043bc982afa6ddcee455&oe=5E85EBB6",
                },
                Object {
                  "config_height": 240,
                  "config_width": 240,
                  "src": "https://scontent-lax3-1.cdninstagram.com/v/t51.2885-15/e35/c0.0.1079.1079a/s240x240/74906735_2493472900974149_4308179678639243614_n.jpg?_nc_ht=scontent-lax3-1.cdninstagram.com&_nc_cat=105&oh=d242ab5b6d2550f811836811c9e7c9b5&oe=5E69BDB0",
                },
                Object {
                  "config_height": 320,
                  "config_width": 320,
                  "src": "https://scontent-lax3-1.cdninstagram.com/v/t51.2885-15/e35/c0.0.1079.1079a/s320x320/74906735_2493472900974149_4308179678639243614_n.jpg?_nc_ht=scontent-lax3-1.cdninstagram.com&_nc_cat=105&oh=9a48b1f9ccd0aed14fcab0b093b68d69&oe=5E735FCE",
                },
                Object {
                  "config_height": 480,
                  "config_width": 480,
                  "src": "https://scontent-lax3-1.cdninstagram.com/v/t51.2885-15/e35/c0.0.1079.1079a/s480x480/74906735_2493472900974149_4308179678639243614_n.jpg?_nc_ht=scontent-lax3-1.cdninstagram.com&_nc_cat=105&oh=75d503362f43ca9caaaf0441f8e27712&oe=5E660589",
                },
                Object {
                  "config_height": 640,
                  "config_width": 640,
                  "src": "https://scontent-lax3-1.cdninstagram.com/v/t51.2885-15/sh0.08/e35/c0.0.1079.1079a/s640x640/74906735_2493472900974149_4308179678639243614_n.jpg?_nc_ht=scontent-lax3-1.cdninstagram.com&_nc_cat=105&oh=3d748c64dbe1ddc4833f27a321533435&oe=5E85E5F1",
                },
              ],
              "thumbnail_src": "https://scontent-lax3-1.cdninstagram.com/v/t51.2885-15/sh0.08/e35/c0.0.1079.1079a/s640x640/74906735_2493472900974149_4308179678639243614_n.jpg?_nc_ht=scontent-lax3-1.cdninstagram.com&_nc_cat=105&oh=3d748c64dbe1ddc4833f27a321533435&oe=5E85E5F1",
            },
          },
          Object {
            "node": Object {
              "__typename": "GraphVideo",
              "comments_disabled": false,
              "dimensions": Object {
                "height": 937,
                "width": 750,
              },
              "display_url": "https://scontent-lax3-1.cdninstagram.com/v/t51.2885-15/e35/72781849_2391635781084181_6252283967506783805_n.jpg?_nc_ht=scontent-lax3-1.cdninstagram.com&_nc_cat=101&oh=198b31d7407776fde3f676f70eb805ea&oe=5DE10B69",
              "edge_liked_by": Object {
                "count": 18,
              },
              "edge_media_preview_like": Object {
                "count": 18,
              },
              "edge_media_to_caption": Object {
                "edges": Array [
                  Object {
                    "node": Object {
                      "text": "we are in #DISNEYLAND !?! .
.
I had a wee bit of jet lag sooo we chilled for a few hours then ran around #downtownDisney ((which is so weird because I JUST finally started calling Disney springs by it's new name ..) and then ran around #DisneylandHotel .
.
Dinner and bed then DISNEYLAND in the AM!?! What should we do first ... How does Max Pass work?? Ahhh!!",
                    },
                  },
                ],
              },
              "edge_media_to_comment": Object {
                "count": 4,
              },
              "fact_check_information": null,
              "fact_check_overall_rating": null,
              "felix_profile_grid_crop": null,
              "gating_info": null,
              "id": "2182513833271210947",
              "is_video": true,
              "location": Object {
                "has_public_page": true,
                "id": "112466925901669",
                "name": "Disneyland - Theme Park",
                "slug": "disneyland-theme-park",
              },
              "media_preview": "ACEquSXKupHTI4zWZITK21AVAPIJHUnt3xjt0HWtPyhjacYqAhI2BXkgH3xjt6+49Oe1DaZSTWtxy2jrxkOP7pH8j2piYt2IIOG7dw3Ye4Pr1FTi7GMjr3Hp9aZcjzdpAwykHJBHHXrUla7EPnN/zyH/AHyf8aKTfL6t+ZopkkxiTr29QTnH1qOILGCeABxn3/8Ar9KprOY124BHY+lVS29vn6UrFN/ebyOAMdwfxPtTnl5CDGTyc/kPwz+gqpBMyrhsfJwW/l+NDMGf5TuboQO3HHP86QF3cfQf5/Cio8n2op8wWMwqjggdfTofxFU9p5HcVo9gapH734/4VZgmRKDg+lXbc7E+U8nr7f8A66rdC47VMhwUx6n+lRI2iXPPX0opMUVBdj//2Q==",
              "owner": Object {
                "id": "21687057195",
                "username": "ferrytalecreative",
              },
              "shortcode": "B5J2MSVgbPD",
              "taken_at_timestamp": 1574395957,
              "thumbnail_resources": Array [
                Object {
                  "config_height": 150,
                  "config_width": 150,
                  "src": "https://scontent-lax3-1.cdninstagram.com/v/t51.2885-15/e35/c0.90.720.720a/s150x150/72781849_2391635781084181_6252283967506783805_n.jpg?_nc_ht=scontent-lax3-1.cdninstagram.com&_nc_cat=101&oh=5b0ce1b2e28b6daa60f3fb6835a11eb5&oe=5DE13330",
                },
                Object {
                  "config_height": 240,
                  "config_width": 240,
                  "src": "https://scontent-lax3-1.cdninstagram.com/v/t51.2885-15/e35/c0.90.720.720a/s240x240/72781849_2391635781084181_6252283967506783805_n.jpg?_nc_ht=scontent-lax3-1.cdninstagram.com&_nc_cat=101&oh=1d58b487d8719d4ceae7d6385ecc404f&oe=5DE155F6",
                },
                Object {
                  "config_height": 320,
                  "config_width": 320,
                  "src": "https://scontent-lax3-1.cdninstagram.com/v/t51.2885-15/e35/c0.90.720.720a/s320x320/72781849_2391635781084181_6252283967506783805_n.jpg?_nc_ht=scontent-lax3-1.cdninstagram.com&_nc_cat=101&oh=8a19ee69255f985ac2e2d2bc0a70dac0&oe=5DE12988",
                },
                Object {
                  "config_height": 480,
                  "config_width": 480,
                  "src": "https://scontent-lax3-1.cdninstagram.com/v/t51.2885-15/e35/c0.90.720.720a/s480x480/72781849_2391635781084181_6252283967506783805_n.jpg?_nc_ht=scontent-lax3-1.cdninstagram.com&_nc_cat=101&oh=9dabf6753ed647a038462d28b4b23e04&oe=5DE1944F",
                },
                Object {
                  "config_height": 640,
                  "config_width": 640,
                  "src": "https://scontent-lax3-1.cdninstagram.com/v/t51.2885-15/sh0.08/e35/c0.90.720.720a/s640x640/72781849_2391635781084181_6252283967506783805_n.jpg?_nc_ht=scontent-lax3-1.cdninstagram.com&_nc_cat=101&oh=6bfce633d12f095caf961f8dde8671af&oe=5DE1A044",
                },
              ],
              "thumbnail_src": "https://scontent-lax3-1.cdninstagram.com/v/t51.2885-15/sh0.08/e35/c0.90.720.720a/s640x640/72781849_2391635781084181_6252283967506783805_n.jpg?_nc_ht=scontent-lax3-1.cdninstagram.com&_nc_cat=101&oh=6bfce633d12f095caf961f8dde8671af&oe=5DE1A044",
              "video_view_count": 60,
            },
          },
          Object {
            "node": Object {
              "__typename": "GraphImage",
              "accessibility_caption": "Image may contain: outdoor",
              "comments_disabled": false,
              "dimensions": Object {
                "height": 1080,
                "width": 1080,
              },
              "display_url": "https://scontent-lax3-1.cdninstagram.com/v/t51.2885-15/fr/e15/s1080x1080/73035529_1799700463670840_6898514102623357113_n.jpg?_nc_ht=scontent-lax3-1.cdninstagram.com&_nc_cat=108&oh=9559446a7ea6f198e54294266765e801&oe=5E71865A",
              "edge_liked_by": Object {
                "count": 21,
              },
              "edge_media_preview_like": Object {
                "count": 21,
              },
              "edge_media_to_caption": Object {
                "edges": Array [
                  Object {
                    "node": Object {
                      "text": "this is #myFriendQuay - Quay loves to play! .
.
We love our friend Quay and we loved running around Toy Story at 7am.  We rode #SlinkyDog and saw #CowboyWoody 
what a great day!
.
.
#pixiedust #disneylifestylers #parkbound #happilyeverafter #hollywoodstudios #disneylifestyle #disneyguy #disneygrammers #Cowboystyle #featuremydisney #disneyig",
                    },
                  },
                ],
              },
              "edge_media_to_comment": Object {
                "count": 0,
              },
              "fact_check_information": null,
              "fact_check_overall_rating": null,
              "gating_info": null,
              "id": "2181277130726245056",
              "is_video": false,
              "location": Object {
                "has_public_page": true,
                "id": "674112462971914",
                "name": "Toy Story Land",
                "slug": "toy-story-land",
              },
              "media_preview": "ACoq3jgVVguVkODwxPA/z3qjcXTMeTgj0ojTavmnr2Hp7/U/yovbcEruyNQuo6kD61SuWUnA6+p6cVTZiTk1PHI/cEj171Llb/hzR0/MrFsIw6DjsefY/SrOD6n8v/rVWuW27kOeQCPfn6fhUGRVfFqjG/LuRyvk/jWhM44BOFA/E+gAqgyuMlh19BmpEcOoRsKxGAf5f/qrKSbat0f59fkaRfKODhhkdR29v89auxyAqMegqlEPK+U1IZlQfSsp3b5Yptpl30vIj1B/u+vP9KgBpkjeed3HB4ycU7y3PauiK5Uk3qc8ve1SLkinscfSqmxVYMeSMn8Rz/OtB6ouMnn0NM0K0rMWznH+ef1qLaT1Oamx1pKomw3YMYx70m361KKDSGf/2Q==",
              "owner": Object {
                "id": "21687057195",
                "username": "ferrytalecreative",
              },
              "shortcode": "B5Fc_5VnwLA",
              "taken_at_timestamp": 1574248518,
              "thumbnail_resources": Array [
                Object {
                  "config_height": 150,
                  "config_width": 150,
                  "src": "https://scontent-lax3-1.cdninstagram.com/v/t51.2885-15/e15/s150x150/73035529_1799700463670840_6898514102623357113_n.jpg?_nc_ht=scontent-lax3-1.cdninstagram.com&_nc_cat=108&oh=063797a999652d1233b732df0b82b522&oe=5E7750AE",
                },
                Object {
                  "config_height": 240,
                  "config_width": 240,
                  "src": "https://scontent-lax3-1.cdninstagram.com/v/t51.2885-15/e15/s240x240/73035529_1799700463670840_6898514102623357113_n.jpg?_nc_ht=scontent-lax3-1.cdninstagram.com&_nc_cat=108&oh=e7dea3179b0e8f422bc326d89aa91330&oe=5E844EA8",
                },
                Object {
                  "config_height": 320,
                  "config_width": 320,
                  "src": "https://scontent-lax3-1.cdninstagram.com/v/t51.2885-15/e15/s320x320/73035529_1799700463670840_6898514102623357113_n.jpg?_nc_ht=scontent-lax3-1.cdninstagram.com&_nc_cat=108&oh=180aade68ad36157b4f709190e3971f5&oe=5E7AE9D6",
                },
                Object {
                  "config_height": 480,
                  "config_width": 480,
                  "src": "https://scontent-lax3-1.cdninstagram.com/v/t51.2885-15/e15/s480x480/73035529_1799700463670840_6898514102623357113_n.jpg?_nc_ht=scontent-lax3-1.cdninstagram.com&_nc_cat=108&oh=f43aefa0900a0855a94e3e1f928c51ef&oe=5E87AB91",
                },
                Object {
                  "config_height": 640,
                  "config_width": 640,
                  "src": "https://scontent-lax3-1.cdninstagram.com/v/t51.2885-15/sh0.08/e35/s640x640/73035529_1799700463670840_6898514102623357113_n.jpg?_nc_ht=scontent-lax3-1.cdninstagram.com&_nc_cat=108&oh=076dd3d2d246690db25bef426ff70d64&oe=5E82D593",
                },
              ],
              "thumbnail_src": "https://scontent-lax3-1.cdninstagram.com/v/t51.2885-15/sh0.08/e35/s640x640/73035529_1799700463670840_6898514102623357113_n.jpg?_nc_ht=scontent-lax3-1.cdninstagram.com&_nc_cat=108&oh=076dd3d2d246690db25bef426ff70d64&oe=5E82D593",
            },
          },
          Object {
            "node": Object {
              "__typename": "GraphVideo",
              "comments_disabled": false,
              "dimensions": Object {
                "height": 750,
                "width": 750,
              },
              "display_url": "https://scontent-lax3-1.cdninstagram.com/v/t51.2885-15/e35/69638202_149832122942604_2681391640564436929_n.jpg?_nc_ht=scontent-lax3-1.cdninstagram.com&_nc_cat=100&oh=d3e46bb6d3aa4fe45431ccb96972bc48&oe=5DE16A66",
              "edge_liked_by": Object {
                "count": 21,
              },
              "edge_media_preview_like": Object {
                "count": 29,
              },
              "edge_media_to_caption": Object {
                "edges": Array [
                  Object {
                    "node": Object {
                      "text": "Just a good ol' EAR SWAP!! .
.
We made these because we didn't want to pack/store/or keep track of bunches of sets of ears!
.
.
Our headbands and hat bars hold ANY OF OUR EARS ((fabric/wire/3D) and bows too 😘
.
.
Easy to stow on rides (without messing up the hair) and easy to swap out from your extras in your bag or even your park day buddies!! {{Shop link in bio}} --wishing I was at that purple wall right now--
✨✨✨✨✨✨✨✨✨✨
.
.
.
.
#disney #disneyside #disneylifestyle #minimalistdisneystyle #disneylove #disneypics #disneystyle #disneyobsessed #disneybound #disneymerch #disneyinsta #putYourEarsOn #mostMagicalEars #disneyFerry #WDW #minimalist #minimalism 
#magicMinimalism",
                    },
                  },
                ],
              },
              "edge_media_to_comment": Object {
                "count": 0,
              },
              "fact_check_information": null,
              "fact_check_overall_rating": null,
              "felix_profile_grid_crop": null,
              "gating_info": null,
              "id": "2180746718537261797",
              "is_video": true,
              "location": null,
              "media_preview": "ACoq1KSnGqivmQ5IOQNuD27/AFqhkxphpxNMZgMZOM8CmIYRTcU80lUBNcR+ahTOAepHXHtWEJgZAVGNp+XH90DGPy7etdD1rGe1WGT5SSRz2rNjLhYsvynBI4NVLqccrjoBz6nrj/PerCjH0qldMoO3v3qmg2NIPuwePmAPH8vwpap27ZUEVbprYCzVGRfMUv33E/gDiqrO3qfzqNnbd1P51m2UlY0Fpk0ayHDDO3j+p561nFjvxnjNErHe3J6n+dU3dhYvogThRgdqsVlSE4T/AHf6mn1KlZJD5bn/2Q==",
              "owner": Object {
                "id": "21687057195",
                "username": "ferrytalecreative",
              },
              "shortcode": "B5DkZYfgyLl",
              "taken_at_timestamp": 1574185303,
              "thumbnail_resources": Array [
                Object {
                  "config_height": 150,
                  "config_width": 150,
                  "src": "https://scontent-lax3-1.cdninstagram.com/v/t51.2885-15/e35/s150x150/69638202_149832122942604_2681391640564436929_n.jpg?_nc_ht=scontent-lax3-1.cdninstagram.com&_nc_cat=100&oh=4da22380889aa8d4a93dddf114ea6334&oe=5DE16FE4",
                },
                Object {
                  "config_height": 240,
                  "config_width": 240,
                  "src": "https://scontent-lax3-1.cdninstagram.com/v/t51.2885-15/e35/s240x240/69638202_149832122942604_2681391640564436929_n.jpg?_nc_ht=scontent-lax3-1.cdninstagram.com&_nc_cat=100&oh=506f61abfbef16fd9caf99c9846ff9de&oe=5DE18E6E",
                },
                Object {
                  "config_height": 320,
                  "config_width": 320,
                  "src": "https://scontent-lax3-1.cdninstagram.com/v/t51.2885-15/e35/s320x320/69638202_149832122942604_2681391640564436929_n.jpg?_nc_ht=scontent-lax3-1.cdninstagram.com&_nc_cat=100&oh=bbf48569ab96f34bfa1f0daa862df3a8&oe=5DE14094",
                },
                Object {
                  "config_height": 480,
                  "config_width": 480,
                  "src": "https://scontent-lax3-1.cdninstagram.com/v/t51.2885-15/e35/s480x480/69638202_149832122942604_2681391640564436929_n.jpg?_nc_ht=scontent-lax3-1.cdninstagram.com&_nc_cat=100&oh=83712d74db9e26a5dffec7cde79bb54d&oe=5DE1818E",
                },
                Object {
                  "config_height": 640,
                  "config_width": 640,
                  "src": "https://scontent-lax3-1.cdninstagram.com/v/t51.2885-15/sh0.08/e35/s640x640/69638202_149832122942604_2681391640564436929_n.jpg?_nc_ht=scontent-lax3-1.cdninstagram.com&_nc_cat=100&oh=c07ff1f9d526e4132042cf8a53a03640&oe=5DE14943",
                },
              ],
              "thumbnail_src": "https://scontent-lax3-1.cdninstagram.com/v/t51.2885-15/sh0.08/e35/s640x640/69638202_149832122942604_2681391640564436929_n.jpg?_nc_ht=scontent-lax3-1.cdninstagram.com&_nc_cat=100&oh=c07ff1f9d526e4132042cf8a53a03640&oe=5DE14943",
              "video_view_count": 317,
            },
          },
          Object {
            "node": Object {
              "__typename": "GraphImage",
              "accessibility_caption": "Image may contain: one or more people, sky, outdoor and closeup",
              "comments_disabled": false,
              "dimensions": Object {
                "height": 1080,
                "width": 1080,
              },
              "display_url": "https://scontent-lax3-1.cdninstagram.com/v/t51.2885-15/fr/e15/s1080x1080/75454095_144022376894366_2761826276735567513_n.jpg?_nc_ht=scontent-lax3-1.cdninstagram.com&_nc_cat=102&oh=8898a37cc9ab2ce888be5bc25a128be2&oe=5E696708",
              "edge_liked_by": Object {
                "count": 12,
              },
              "edge_media_preview_like": Object {
                "count": 12,
              },
              "edge_media_to_caption": Object {
                "edges": Array [
                  Object {
                    "node": Object {
                      "text": "ummm is there an #Epcot in #Disneyland?? .
.
Can't wait so excited but still really confused.. No fastpass+ 
how will I preplan my every second?
.
.
#disneylove #disney #disneyStyle #disneylove #disneygirl",
                    },
                  },
                ],
              },
              "edge_media_to_comment": Object {
                "count": 1,
              },
              "fact_check_information": null,
              "fact_check_overall_rating": null,
              "gating_info": null,
              "id": "2180562344919564999",
              "is_video": false,
              "location": null,
              "media_preview": "ACoqlOouvRV/M1dinklUOpTB9j/jWEzenGOAf88U2G6MLf7J6j+v1przE/I3LkyNGQ7DHsP85Ht3qlHduiY3YA4A9sdeecZ4/wDrVBc3AchFPynkkfngVatIEK7iAc9CRn+dEmlsOKb3IzcSHgMVHoCOKj82T++35mkuTFGC0RXIIBA6f5/SoRvIzlefr/hTUlbYlp3K7cjJO0YyO+c9PYZ/n1qIQu3I6GtONU+4eh+77E/Xp1x/+qnedGvY8evr9Ki5RmMjA7cc4HStsqfJ2LwduP0qhJON3mIvTghv4hjp/hVyO5DjdjAPTvUNmkSlZQEl2mU7SMYPc+o+nrVoWoxwTjtnGasod5yGwPwp3TuP8/jSuVYpzxYPHQ+vQ57H0P6GqoZQckcj2xitOf7prJm6f59aozasTwwmRiW5Uc/WrPl4G1RT7cYj/H+gp1Yt6myWhTe2Zgeq+n1rMLMOCORXRmmlR6CrvYlq5//Z",
              "owner": Object {
                "id": "21687057195",
                "username": "ferrytalecreative",
              },
              "shortcode": "B5C6eZLhgLH",
              "taken_at_timestamp": 1574163309,
              "thumbnail_resources": Array [
                Object {
                  "config_height": 150,
                  "config_width": 150,
                  "src": "https://scontent-lax3-1.cdninstagram.com/v/t51.2885-15/e15/s150x150/75454095_144022376894366_2761826276735567513_n.jpg?_nc_ht=scontent-lax3-1.cdninstagram.com&_nc_cat=102&oh=e792085cbb46b8d02555ef7b2bb65e62&oe=5E7CC9B4",
                },
                Object {
                  "config_height": 240,
                  "config_width": 240,
                  "src": "https://scontent-lax3-1.cdninstagram.com/v/t51.2885-15/e15/s240x240/75454095_144022376894366_2761826276735567513_n.jpg?_nc_ht=scontent-lax3-1.cdninstagram.com&_nc_cat=102&oh=2126129554d2a4968a058a4a6ae8a5ca&oe=5E771AFE",
                },
                Object {
                  "config_height": 320,
                  "config_width": 320,
                  "src": "https://scontent-lax3-1.cdninstagram.com/v/t51.2885-15/e15/s320x320/75454095_144022376894366_2761826276735567513_n.jpg?_nc_ht=scontent-lax3-1.cdninstagram.com&_nc_cat=102&oh=845dffdb48b3b17fc83c7065fa6c1a44&oe=5E8B8644",
                },
                Object {
                  "config_height": 480,
                  "config_width": 480,
                  "src": "https://scontent-lax3-1.cdninstagram.com/v/t51.2885-15/e15/s480x480/75454095_144022376894366_2761826276735567513_n.jpg?_nc_ht=scontent-lax3-1.cdninstagram.com&_nc_cat=102&oh=a47aad364a3c0a2b96b02079229ef5ba&oe=5E85EF1E",
                },
                Object {
                  "config_height": 640,
                  "config_width": 640,
                  "src": "https://scontent-lax3-1.cdninstagram.com/v/t51.2885-15/sh0.08/e35/s640x640/75454095_144022376894366_2761826276735567513_n.jpg?_nc_ht=scontent-lax3-1.cdninstagram.com&_nc_cat=102&oh=6a2cdb4f81448839cea05f6c8f22dac7&oe=5E720EB2",
                },
              ],
              "thumbnail_src": "https://scontent-lax3-1.cdninstagram.com/v/t51.2885-15/sh0.08/e35/s640x640/75454095_144022376894366_2761826276735567513_n.jpg?_nc_ht=scontent-lax3-1.cdninstagram.com&_nc_cat=102&oh=6a2cdb4f81448839cea05f6c8f22dac7&oe=5E720EB2",
            },
          },
          Object {
            "node": Object {
              "__typename": "GraphImage",
              "accessibility_caption": "Image may contain: one or more people, eyeglasses, hat, outdoor and closeup",
              "comments_disabled": false,
              "dimensions": Object {
                "height": 1080,
                "width": 1080,
              },
              "display_url": "https://scontent-lax3-2.cdninstagram.com/v/t51.2885-15/fr/e15/s1080x1080/72965781_794256381090258_4527797924129128003_n.jpg?_nc_ht=scontent-lax3-2.cdninstagram.com&_nc_cat=106&oh=71d59ec4a47619a55a2642bc8145e033&oe=5E8344BF",
              "edge_liked_by": Object {
                "count": 15,
              },
              "edge_media_preview_like": Object {
                "count": 15,
              },
              "edge_media_to_caption": Object {
                "edges": Array [
                  Object {
                    "node": Object {
                      "text": "this is a wild one in his element for sure
.
.
we are missing #dadthePumpkinKing but can't wait to join him in California for our first ever #disneyland trip so soon!
.
.
although I have to ask.. what is a Disney trip like without #AnimalKingdom?  a little weirded out!
.
.
#disney #DisneyAnimal #DisneyLove #disneyBound #disneyStyle #customEars #kilamanjaroSafari",
                    },
                  },
                ],
              },
              "edge_media_to_comment": Object {
                "count": 0,
              },
              "fact_check_information": null,
              "fact_check_overall_rating": null,
              "gating_info": null,
              "id": "2179832519539624884",
              "is_video": false,
              "location": Object {
                "has_public_page": true,
                "id": "2999359",
                "name": "Disney's Animal Kingdom",
                "slug": "disneys-animal-kingdom",
              },
              "media_preview": "ACoqTzZZBkBR7HJOPx/lVd3dhlsE+uB09OnH1/SrSt5ZOegJye3rz/TpTSkD5LAg+x6n6Yx9alNltIz1nYKW+bdnj0x+VMFyRjODnqOhFaAXcDGFIOD97+Z7fTFItiCoLHDDHIHHt1/WmS9OpW87d2c/yo3f7DfkP8amjjwWyc89AP1xnirHlr6n/vmkF0RyvtBBGcMT6j/69NikxggFv0q0yId25gMs2Bn/AD19apW8nOKGUjQWVnboAVIGTz17f570wSkuVHAHJzz09PrTVzndj7zDp6D+WcUyY+QCpyxbocED8z1/CjoS1qMjmTecjG/kdcc+v+cVZMRz939D/jVVXjlXavBBB9xhQPxGc96Cjg43/rQQ0JPcjB2qPmHOMZx3+vFRW8CSjOeF/A89jR2/Afyao7bi4wOmDVyKRoTBYlAUHJIA5Ofc1YEmeGAx3zyD/nvVQclieSP8asIAevNXFWRMndmfcW4t286P7vp/dJ/mP68VmkknNb6cjB5BDfyrBHSpkrFJ33P/2Q==",
              "owner": Object {
                "id": "21687057195",
                "username": "ferrytalecreative",
              },
              "shortcode": "B5AUiCVAQu0",
              "taken_at_timestamp": 1574076307,
              "thumbnail_resources": Array [
                Object {
                  "config_height": 150,
                  "config_width": 150,
                  "src": "https://scontent-lax3-2.cdninstagram.com/v/t51.2885-15/e15/s150x150/72965781_794256381090258_4527797924129128003_n.jpg?_nc_ht=scontent-lax3-2.cdninstagram.com&_nc_cat=106&oh=e6641011a98c3efc0c3a408e89352e45&oe=5E74B803",
                },
                Object {
                  "config_height": 240,
                  "config_width": 240,
                  "src": "https://scontent-lax3-2.cdninstagram.com/v/t51.2885-15/e15/s240x240/72965781_794256381090258_4527797924129128003_n.jpg?_nc_ht=scontent-lax3-2.cdninstagram.com&_nc_cat=106&oh=411d34b9f02e0741f2924f8438f59659&oe=5E6DD349",
                },
                Object {
                  "config_height": 320,
                  "config_width": 320,
                  "src": "https://scontent-lax3-2.cdninstagram.com/v/t51.2885-15/e15/s320x320/72965781_794256381090258_4527797924129128003_n.jpg?_nc_ht=scontent-lax3-2.cdninstagram.com&_nc_cat=106&oh=746fd5cc0e8189d2cabf97c56353a4a7&oe=5E89BFF3",
                },
                Object {
                  "config_height": 480,
                  "config_width": 480,
                  "src": "https://scontent-lax3-2.cdninstagram.com/v/t51.2885-15/e15/s480x480/72965781_794256381090258_4527797924129128003_n.jpg?_nc_ht=scontent-lax3-2.cdninstagram.com&_nc_cat=106&oh=7a09143449cdabba8087ad23030982df&oe=5E8CB2A9",
                },
                Object {
                  "config_height": 640,
                  "config_width": 640,
                  "src": "https://scontent-lax3-2.cdninstagram.com/v/t51.2885-15/sh0.08/e35/s640x640/72965781_794256381090258_4527797924129128003_n.jpg?_nc_ht=scontent-lax3-2.cdninstagram.com&_nc_cat=106&oh=00426f5a26c2f3bd02c0c727f3e5010d&oe=5E858905",
                },
              ],
              "thumbnail_src": "https://scontent-lax3-2.cdninstagram.com/v/t51.2885-15/sh0.08/e35/s640x640/72965781_794256381090258_4527797924129128003_n.jpg?_nc_ht=scontent-lax3-2.cdninstagram.com&_nc_cat=106&oh=00426f5a26c2f3bd02c0c727f3e5010d&oe=5E858905",
            },
          },
          Object {
            "node": Object {
              "__typename": "GraphImage",
              "accessibility_caption": "Image may contain: one or more people",
              "comments_disabled": false,
              "dimensions": Object {
                "height": 1080,
                "width": 1080,
              },
              "display_url": "https://scontent-lax3-1.cdninstagram.com/v/t51.2885-15/fr/e15/s1080x1080/73174416_245879173053729_3894821130883957112_n.jpg?_nc_ht=scontent-lax3-1.cdninstagram.com&_nc_cat=109&oh=4cfb3d8a8130df093f3379af44c656ab&oe=5E7F923B",
              "edge_liked_by": Object {
                "count": 12,
              },
              "edge_media_preview_like": Object {
                "count": 12,
              },
              "edge_media_to_caption": Object {
                "edges": Array [
                  Object {
                    "node": Object {
                      "text": "pure elation on the carousel <3
.
.
some things never stop being fun or wonder-filled.
Something about a carousel just immediately takes you back to being a kid. plus after watching the imagineering story and being reminded that Walt first got the inklings for Disneyland while his kids were on a merry go round makes it that much sweeter. .
.
#disney #disneyworld #disneyinsta #disneybound #disneyLove #disneyDads #magicKingdom #magicMonday",
                    },
                  },
                ],
              },
              "edge_media_to_comment": Object {
                "count": 0,
              },
              "fact_check_information": null,
              "fact_check_overall_rating": null,
              "gating_info": null,
              "id": "2179102731304828542",
              "is_video": false,
              "location": Object {
                "has_public_page": true,
                "id": "158232190858368",
                "name": "Disney's Magic Kingdom",
                "slug": "disneys-magic-kingdom",
              },
              "media_preview": "ACoqZIwBYORhccjv3/PHWmrMjDAUlTxnGKjUMgCn5gxOMcjIxj3qNGYEqc5JwB2B9T6Y/GsmupvHaxYt4ziSLqSDj16cf0xTFgCLiU4OMkA/NxyMjt3Hr7cVajuFMojP3uMnHXj1/lVSCPe5OQQCQQevORx3P+eaae/yf9fcZtbfNEkUkTKVkGEz8p64zx1/LNTDT/7rnHbr07d6jTYjbI8Ak9Tye/TsMY9z70nkMepBP1f/AAp28xAl19ngGB8zZwc+vfHtWcZyXLjI59cn/P0Apkj5wOyjAqSKNFw0pwOu3qT9fQfrTt3C/YnhillcS4AA6EnGff1pLtSjhx6Dd6Z5x+YHfrWjHPG/3WFJPHuG5fvD0OM+34dR6GovqXuvxKUjswDBApABJHUc8Y9PT2qm1zKSfnbr/eP+NXy207SoORwXwB174zxTfsftn39f1pp9xNdiCS0CjO7n6f8A16v21pG43jJGMYb1Hp7VVuDwa3FAAAHAAH8qSba1G0k9Ct9jiPUZxUC7HcxBMYHXqAe3+c1oioHH8x/OkIz5F8sKDz1XgcZ+ue/5ZpPOjT5SZPl47dvxq6OQ4PI+asSQfMfqf500rjb6H//Z",
              "owner": Object {
                "id": "21687057195",
                "username": "ferrytalecreative",
              },
              "shortcode": "B49umOEgf5-",
              "taken_at_timestamp": 1573989310,
              "thumbnail_resources": Array [
                Object {
                  "config_height": 150,
                  "config_width": 150,
                  "src": "https://scontent-lax3-1.cdninstagram.com/v/t51.2885-15/e15/s150x150/73174416_245879173053729_3894821130883957112_n.jpg?_nc_ht=scontent-lax3-1.cdninstagram.com&_nc_cat=109&oh=2cb1c445efa55c804726273efaec782f&oe=5E79FD87",
                },
                Object {
                  "config_height": 240,
                  "config_width": 240,
                  "src": "https://scontent-lax3-1.cdninstagram.com/v/t51.2885-15/e15/s240x240/73174416_245879173053729_3894821130883957112_n.jpg?_nc_ht=scontent-lax3-1.cdninstagram.com&_nc_cat=109&oh=dd2ecb78eb9845ee0f0702ab8497f6da&oe=5E84BCCD",
                },
                Object {
                  "config_height": 320,
                  "config_width": 320,
                  "src": "https://scontent-lax3-1.cdninstagram.com/v/t51.2885-15/e15/s320x320/73174416_245879173053729_3894821130883957112_n.jpg?_nc_ht=scontent-lax3-1.cdninstagram.com&_nc_cat=109&oh=437170d3b214bbf1c04dd34c6167660e&oe=5E6C9877",
                },
                Object {
                  "config_height": 480,
                  "config_width": 480,
                  "src": "https://scontent-lax3-1.cdninstagram.com/v/t51.2885-15/e15/s480x480/73174416_245879173053729_3894821130883957112_n.jpg?_nc_ht=scontent-lax3-1.cdninstagram.com&_nc_cat=109&oh=71ed664a7c21eee353517f7adbb0fc83&oe=5E67412D",
                },
                Object {
                  "config_height": 640,
                  "config_width": 640,
                  "src": "https://scontent-lax3-1.cdninstagram.com/v/t51.2885-15/sh0.08/e35/s640x640/73174416_245879173053729_3894821130883957112_n.jpg?_nc_ht=scontent-lax3-1.cdninstagram.com&_nc_cat=109&oh=d1cd76e59945f59ebdb50ad00dc4bf16&oe=5E8BB581",
                },
              ],
              "thumbnail_src": "https://scontent-lax3-1.cdninstagram.com/v/t51.2885-15/sh0.08/e35/s640x640/73174416_245879173053729_3894821130883957112_n.jpg?_nc_ht=scontent-lax3-1.cdninstagram.com&_nc_cat=109&oh=d1cd76e59945f59ebdb50ad00dc4bf16&oe=5E8BB581",
            },
          },
          Object {
            "node": Object {
              "__typename": "GraphSidecar",
              "accessibility_caption": "No photo description available.",
              "comments_disabled": false,
              "dimensions": Object {
                "height": 1080,
                "width": 1080,
              },
              "display_url": "https://scontent-lax3-1.cdninstagram.com/v/t51.2885-15/e35/72566477_176158473528519_6364288238424326100_n.jpg?_nc_ht=scontent-lax3-1.cdninstagram.com&_nc_cat=103&oh=844b2ebb0852fe3a72933cddf35bd95d&oe=5E6FBF75",
              "edge_liked_by": Object {
                "count": 14,
              },
              "edge_media_preview_like": Object {
                "count": 14,
              },
              "edge_media_to_caption": Object {
                "edges": Array [
                  Object {
                    "node": Object {
                      "text": "✨✨NEW CHRISTMAS EAR✨✨
.
.
added to the store today!! {{Link in Bio}}
.
.
 I'm in love! Can't wait to wear these to #VeryMerry in December!!
(Let's be honest I wore them to a Christmas party last night!) 😍🎄😍 ✨✨✨✨✨✨✨✨✨✨
.
.
.
.
#disney #disneyside #disneylifestyle #disneychristmas #disneylove #disneypics #disneystyle #disneyobsessed #disneybound #disneymerch #disneyinsta #putYourEarsOn #mostMagicalEars #disneyFerry #WDW",
                    },
                  },
                ],
              },
              "edge_media_to_comment": Object {
                "count": 2,
              },
              "fact_check_information": null,
              "fact_check_overall_rating": null,
              "gating_info": null,
              "id": "2178718515635317082",
              "is_video": false,
              "location": Object {
                "has_public_page": true,
                "id": "455042644",
                "name": "Disney Springs",
                "slug": "disney-springs",
              },
              "media_preview": null,
              "owner": Object {
                "id": "21687057195",
                "username": "ferrytalecreative",
              },
              "shortcode": "B48XPJWAmla",
              "taken_at_timestamp": 1573943508,
              "thumbnail_resources": Array [
                Object {
                  "config_height": 150,
                  "config_width": 150,
                  "src": "https://scontent-lax3-1.cdninstagram.com/v/t51.2885-15/e35/s150x150/72566477_176158473528519_6364288238424326100_n.jpg?_nc_ht=scontent-lax3-1.cdninstagram.com&_nc_cat=103&oh=cf67c2fdf1b3f1476fc4eb5708aed053&oe=5E89B837",
                },
                Object {
                  "config_height": 240,
                  "config_width": 240,
                  "src": "https://scontent-lax3-1.cdninstagram.com/v/t51.2885-15/e35/s240x240/72566477_176158473528519_6364288238424326100_n.jpg?_nc_ht=scontent-lax3-1.cdninstagram.com&_nc_cat=103&oh=fb9d8fb8ca18b7f72ed339ec22cab829&oe=5E7C077D",
                },
                Object {
                  "config_height": 320,
                  "config_width": 320,
                  "src": "https://scontent-lax3-1.cdninstagram.com/v/t51.2885-15/e35/s320x320/72566477_176158473528519_6364288238424326100_n.jpg?_nc_ht=scontent-lax3-1.cdninstagram.com&_nc_cat=103&oh=1820ea53fb882e53693eb9846fa27805&oe=5E8585C7",
                },
                Object {
                  "config_height": 480,
                  "config_width": 480,
                  "src": "https://scontent-lax3-1.cdninstagram.com/v/t51.2885-15/e35/s480x480/72566477_176158473528519_6364288238424326100_n.jpg?_nc_ht=scontent-lax3-1.cdninstagram.com&_nc_cat=103&oh=fd3f92f06ec5479f21bb8668a7ae7895&oe=5E7B959D",
                },
                Object {
                  "config_height": 640,
                  "config_width": 640,
                  "src": "https://scontent-lax3-1.cdninstagram.com/v/t51.2885-15/sh0.08/e35/s640x640/72566477_176158473528519_6364288238424326100_n.jpg?_nc_ht=scontent-lax3-1.cdninstagram.com&_nc_cat=103&oh=831b6a80f8b0e02638a3d10ea12cbeb5&oe=5E6FF890",
                },
              ],
              "thumbnail_src": "https://scontent-lax3-1.cdninstagram.com/v/t51.2885-15/sh0.08/e35/s640x640/72566477_176158473528519_6364288238424326100_n.jpg?_nc_ht=scontent-lax3-1.cdninstagram.com&_nc_cat=103&oh=831b6a80f8b0e02638a3d10ea12cbeb5&oe=5E6FF890",
            },
          },
        ],
        "page_info": Object {
          "end_cursor": "[SANITIZED]",
          "has_next_page": true,
        },
      },
      "edge_saved_media": Object {
        "count": 0,
        "edges": Array [],
        "page_info": Object {
          "end_cursor": null,
          "has_next_page": false,
        },
      },
      "external_url": "https://www.etsy.com/shop/FerryTaleCreative",
      "external_url_linkshimmed": "[SANITIZED]",
      "followed_by_viewer": false,
      "follows_viewer": false,
      "full_name": "✨ Ferry Tale Creative ✨",
      "has_blocked_viewer": false,
      "has_channel": false,
      "has_requested_viewer": false,
      "highlight_reel_count": 2,
      "id": "21687057195",
      "is_business_account": true,
      "is_joined_recently": false,
      "is_private": false,
      "is_verified": false,
      "profile_pic_url": "https://scontent-lax3-2.cdninstagram.com/vp/d63568e8f27c5a4b2110ba6651ca1c32/5E817713/t51.2885-19/s150x150/73206448_802495700220354_7567181674845306880_n.jpg?_nc_ht=scontent-lax3-2.cdninstagram.com",
      "profile_pic_url_hd": "https://scontent-lax3-2.cdninstagram.com/vp/1c50678c02333349254a40b702565bd1/5E7F2BE3/t51.2885-19/s320x320/73206448_802495700220354_7567181674845306880_n.jpg?_nc_ht=scontent-lax3-2.cdninstagram.com",
      "requested_by_viewer": false,
      "username": "ferrytalecreative",
    },
  },
  "logging_page_id": "profilePage_21687057195",
  "show_follow_dialog": false,
  "show_suggested_profiles": false,
  "toast_content_on_load": null,
}
`;
