// Jest Snapshot v1, https://goo.gl/fbAQLP

exports[`API call 1`] = `
Response {
  "_bodyBlob": Blob {},
  "_bodyInit": Blob {},
  "headers": Headers {
    "map": Object {
      "cache-control": "private, no-cache, no-store, must-revalidate",
      "content-language": "en",
      "content-type": "application/json; charset=utf-8",
      "expires": "Sat, 01 Jan 2000 00:00:00 GMT",
      "pragma": "no-cache",
    },
  },
  "ok": true,
  "status": 200,
  "statusText": "OK",
  "type": "default",
  "url": "https://www.instagram.com/ferrytalecreative/?__a=1",
}
`;

exports[`API call 2`] = `
Object {
  "graphql": Object {
    "user": Object {
      "biography": "[SANITIZED]",
      "blocked_by_viewer": false,
      "business_category_name": "Personal Goods & General Merchandise Stores",
      "connected_fb_page": null,
      "country_block": false,
      "edge_felix_video_timeline": Object {
        "count": 0,
        "edges": Array [],
        "page_info": Object {
          "end_cursor": null,
          "has_next_page": false,
        },
      },
      "edge_follow": Object {
        "count": 208,
      },
      "edge_followed_by": Object {
        "count": 181,
      },
      "edge_media_collections": Object {
        "count": 0,
        "edges": Array [],
        "page_info": Object {
          "end_cursor": null,
          "has_next_page": false,
        },
      },
      "edge_mutual_followed_by": Object {
        "count": 0,
        "edges": Array [],
      },
      "edge_owner_to_timeline_media": Object {
        "count": 130,
        "edges": Array [
          Object {
            "node": Object {
              "__typename": "GraphImage",
              "accessibility_caption": "Image may contain: 2 people, bridge, sky and outdoor",
              "comments_disabled": false,
              "dimensions": Object {
                "height": 1080,
                "width": 1080,
              },
              "display_url": "https://scontent-lax3-2.cdninstagram.com/v/t51.2885-15/fr/e15/s1080x1080/82239030_2847504128642299_4255162763303554993_n.jpg?_nc_ht=scontent-lax3-2.cdninstagram.com&_nc_cat=107&_nc_ohc=VClHnWNFjaAAX-fMpRm&oh=851422bc19a76c498bb609befa5a6520&oe=5ED0FD4C",
              "edge_liked_by": Object {
                "count": 21,
              },
              "edge_media_preview_like": Object {
                "count": 21,
              },
              "edge_media_to_caption": Object {
                "edges": Array [
                  Object {
                    "node": Object {
                      "text": "Taking a break from our usual #disney centric travels to hang out in the mountains! (Don't worry I'm still rocking our magical headband just without the ears 😞) Chattanooga is so beautiful even when it's cold and overcast! We have been having a blast running around and doing lots of eating 💚
.
.
Where do you go (when you don't go to Disney!) #mountainGirl #instaMountain #MountainMagic #chattanooga",
                    },
                  },
                ],
              },
              "edge_media_to_comment": Object {
                "count": 0,
              },
              "fact_check_information": null,
              "fact_check_overall_rating": null,
              "gating_info": null,
              "id": "2234459954581188944",
              "is_video": false,
              "location": null,
              "media_preview": "ACoqsc1HKcnBAPHftVp4kT7zqPpzVaQJu4+YcdB25zTuK17Ip7cNkEH6GpoJNrZ+tDeUeikHtxSJlMDA65oTvuElbYtGbPI5pPNf0NI0jN3259OD+dQeSP8ALUXCwpcdF5PtSqxUZz7YHb/69QSMF+VeOg/H1/AVXEvJJ5B4P9Pxqbdy/QunbkANnn1/pSvFIy7gw/3e35+tU+g39RkfXrV9mCcsMYHUcD3zUvQte9uVY5dwz1xwRUvmL6H8qr2hBdschueaueWPelYm5SlP58sfqeg/KqYJ/rU79T/vGoR1P+fWtBFrjyue4qn5jEBSSSPeluPuJ9KiioEW7clJAR34Na/NYqfeH1H863KTA//Z",
              "owner": Object {
                "id": "21687057195",
                "username": "ferrytalecreative",
              },
              "shortcode": "B8CZX1xpbFQ",
              "taken_at_timestamp": 1580588408,
              "thumbnail_resources": Array [
                Object {
                  "config_height": 150,
                  "config_width": 150,
                  "src": "https://scontent-lax3-2.cdninstagram.com/v/t51.2885-15/e15/s150x150/82239030_2847504128642299_4255162763303554993_n.jpg?_nc_ht=scontent-lax3-2.cdninstagram.com&_nc_cat=107&_nc_ohc=VClHnWNFjaAAX-fMpRm&oh=0e84e6a5abc3d5521d96840b9b1e4c89&oe=5EB886B8",
                },
                Object {
                  "config_height": 240,
                  "config_width": 240,
                  "src": "https://scontent-lax3-2.cdninstagram.com/v/t51.2885-15/e15/s240x240/82239030_2847504128642299_4255162763303554993_n.jpg?_nc_ht=scontent-lax3-2.cdninstagram.com&_nc_cat=107&_nc_ohc=VClHnWNFjaAAX-fMpRm&oh=15a48e5331a250a7405e8722c9081d9b&oe=5EC0AEBE",
                },
                Object {
                  "config_height": 320,
                  "config_width": 320,
                  "src": "https://scontent-lax3-2.cdninstagram.com/v/t51.2885-15/e15/s320x320/82239030_2847504128642299_4255162763303554993_n.jpg?_nc_ht=scontent-lax3-2.cdninstagram.com&_nc_cat=107&_nc_ohc=VClHnWNFjaAAX-fMpRm&oh=af23f320f0860d2074197e696aa761f6&oe=5ED9DBC0",
                },
                Object {
                  "config_height": 480,
                  "config_width": 480,
                  "src": "https://scontent-lax3-2.cdninstagram.com/v/t51.2885-15/e15/s480x480/82239030_2847504128642299_4255162763303554993_n.jpg?_nc_ht=scontent-lax3-2.cdninstagram.com&_nc_cat=107&_nc_ohc=VClHnWNFjaAAX-fMpRm&oh=3247806a464e44ffc312f5fe77ac9d1c&oe=5ECE2587",
                },
                Object {
                  "config_height": 640,
                  "config_width": 640,
                  "src": "https://scontent-lax3-2.cdninstagram.com/v/t51.2885-15/sh0.08/e35/s640x640/82239030_2847504128642299_4255162763303554993_n.jpg?_nc_ht=scontent-lax3-2.cdninstagram.com&_nc_cat=107&_nc_ohc=VClHnWNFjaAAX-fMpRm&oh=a9fe0774151854a490b97f16e75f0cfa&oe=5EB83B85",
                },
              ],
              "thumbnail_src": "https://scontent-lax3-2.cdninstagram.com/v/t51.2885-15/sh0.08/e35/s640x640/82239030_2847504128642299_4255162763303554993_n.jpg?_nc_ht=scontent-lax3-2.cdninstagram.com&_nc_cat=107&_nc_ohc=VClHnWNFjaAAX-fMpRm&oh=a9fe0774151854a490b97f16e75f0cfa&oe=5EB83B85",
            },
          },
          Object {
            "node": Object {
              "__typename": "GraphImage",
              "accessibility_caption": "Image may contain: one or more people and people sitting",
              "comments_disabled": false,
              "dimensions": Object {
                "height": 1080,
                "width": 1080,
              },
              "display_url": "https://scontent-lax3-1.cdninstagram.com/v/t51.2885-15/fr/e15/s1080x1080/83472533_2486959544877363_7845776326724752508_n.jpg?_nc_ht=scontent-lax3-1.cdninstagram.com&_nc_cat=103&_nc_ohc=ZZbt7QyDLOkAX_ynouo&oh=28d0bf83d40b56c2017af57ab371640e&oe=5EBBC56E",
              "edge_liked_by": Object {
                "count": 22,
              },
              "edge_media_preview_like": Object {
                "count": 22,
              },
              "edge_media_to_caption": Object {
                "edges": Array [
                  Object {
                    "node": Object {
                      "text": "Someone looks comfy in his new Disney ride .
.
I love the way Disney invites you in to these fun small moments.  We were just meandering around the #disneylandHotel taking it all in on our first night and all the sudden I hear a flurry of activity. When I turn around hubs is in this car waving and pretending to drive.
It's such a small thing to let an adult sit in a play car, but it just invokes some child like side of us and it's so sweet (and magical).
.
.
I'm in a tough season with Disney right now. I'm worried they are too bottom line crazy and losing site if the original vision but holding on to these details gives me hope. .
.
.
#disney #disneyland #disneyworld #disneylife #disneygram #love #mickeymouse #disneydad  #disneyfan  #instadisney #wdw #disneyparks  #disneylandparis #disneylove #waltdisney #anaheim  #disneyig #disneymagic  #mickey",
                    },
                  },
                ],
              },
              "edge_media_to_comment": Object {
                "count": 0,
              },
              "fact_check_information": null,
              "fact_check_overall_rating": null,
              "gating_info": null,
              "id": "2233609385840492126",
              "is_video": false,
              "location": null,
              "media_preview": "ACoq0XO5SKpimebMegVfzP8AhVC9kIYLzwO3r36VNhmp9OaqhicqeRux+H/1+vWqNvOQ3zE7evP68d89/apVKLJndx1AII4J7jvjr6VDvsUu5eNRbBSNMoO0nr0PY0ZqiSR5Qo4+Y+g/xqgVZyWYcmo3xnjP404QMV3AjoTjvgdT7itVoQI8MhGAOD15H+fWon8xRyCccDnp7jH5YNWFmYddp/SkebPQc/XP6EUONwuRQkyEq/zDHfr/AJFSfZ/Rj/n8aahAZSOcjntz0xVrFKwysTk5POe3SpXm3Z2jaCAOueB2HTA/U+tQHrQKuxItMc59s040qjJpsRF0xWuFBGcjmsdugq6hO0fQVDKR/9k=",
              "owner": Object {
                "id": "21687057195",
                "username": "ferrytalecreative",
              },
              "shortcode": "B7_X-b6AD5e",
              "taken_at_timestamp": 1580487012,
              "thumbnail_resources": Array [
                Object {
                  "config_height": 150,
                  "config_width": 150,
                  "src": "https://scontent-lax3-1.cdninstagram.com/v/t51.2885-15/e15/s150x150/83472533_2486959544877363_7845776326724752508_n.jpg?_nc_ht=scontent-lax3-1.cdninstagram.com&_nc_cat=103&_nc_ohc=ZZbt7QyDLOkAX_ynouo&oh=56025169663d933762073f625e83ca00&oe=5ED7F59A",
                },
                Object {
                  "config_height": 240,
                  "config_width": 240,
                  "src": "https://scontent-lax3-1.cdninstagram.com/v/t51.2885-15/e15/s240x240/83472533_2486959544877363_7845776326724752508_n.jpg?_nc_ht=scontent-lax3-1.cdninstagram.com&_nc_cat=103&_nc_ohc=ZZbt7QyDLOkAX_ynouo&oh=e2fe505dbbae619a69c2608ac31460ac&oe=5EC9CA9C",
                },
                Object {
                  "config_height": 320,
                  "config_width": 320,
                  "src": "https://scontent-lax3-1.cdninstagram.com/v/t51.2885-15/e15/s320x320/83472533_2486959544877363_7845776326724752508_n.jpg?_nc_ht=scontent-lax3-1.cdninstagram.com&_nc_cat=103&_nc_ohc=ZZbt7QyDLOkAX_ynouo&oh=09dc2f274094d99d82b7016f956a67b8&oe=5ED93DE2",
                },
                Object {
                  "config_height": 480,
                  "config_width": 480,
                  "src": "https://scontent-lax3-1.cdninstagram.com/v/t51.2885-15/e15/s480x480/83472533_2486959544877363_7845776326724752508_n.jpg?_nc_ht=scontent-lax3-1.cdninstagram.com&_nc_cat=103&_nc_ohc=ZZbt7QyDLOkAX_ynouo&oh=b3c7600a8165ca6a908d29204d0da55c&oe=5EC2D0A5",
                },
                Object {
                  "config_height": 640,
                  "config_width": 640,
                  "src": "https://scontent-lax3-1.cdninstagram.com/v/t51.2885-15/sh0.08/e35/s640x640/83472533_2486959544877363_7845776326724752508_n.jpg?_nc_ht=scontent-lax3-1.cdninstagram.com&_nc_cat=103&_nc_ohc=ZZbt7QyDLOkAX_ynouo&oh=762ba74805f3826d811ec0fb58a64ba6&oe=5ED151A7",
                },
              ],
              "thumbnail_src": "https://scontent-lax3-1.cdninstagram.com/v/t51.2885-15/sh0.08/e35/s640x640/83472533_2486959544877363_7845776326724752508_n.jpg?_nc_ht=scontent-lax3-1.cdninstagram.com&_nc_cat=103&_nc_ohc=ZZbt7QyDLOkAX_ynouo&oh=762ba74805f3826d811ec0fb58a64ba6&oe=5ED151A7",
            },
          },
          Object {
            "node": Object {
              "__typename": "GraphImage",
              "accessibility_caption": "Image may contain: night and outdoor",
              "comments_disabled": false,
              "dimensions": Object {
                "height": 810,
                "width": 1080,
              },
              "display_url": "https://scontent-lax3-1.cdninstagram.com/v/t51.2885-15/fr/e15/s1080x1080/81928862_153861336063093_6819544736755745957_n.jpg?_nc_ht=scontent-lax3-1.cdninstagram.com&_nc_cat=109&_nc_ohc=R7z6vWUOKaQAX_YbvSQ&oh=acea2b5e3c1ab07d3d51aa3eb16ab75a&oe=5EC99C79",
              "edge_liked_by": Object {
                "count": 19,
              },
              "edge_media_preview_like": Object {
                "count": 19,
              },
              "edge_media_to_caption": Object {
                "edges": Array [
                  Object {
                    "node": Object {
                      "text": "The most magical place in the world just keeps getting more and more magical.
.
.
#pandora is amazing.  Last time I was there I went for magic hours and it was so cool so early in the morning but Pandora after dark is incredible 💚✨
.
.
.
#minniemouse #happiestplaceonearth #disneyphoto #mickeymouse #animalKingdom  #positivity
#happiestplace #disneyears",
                    },
                  },
                ],
              },
              "edge_media_to_comment": Object {
                "count": 0,
              },
              "fact_check_information": null,
              "fact_check_overall_rating": null,
              "gating_info": null,
              "id": "2232132307238549457",
              "is_video": false,
              "location": Object {
                "has_public_page": true,
                "id": "1897711293781283",
                "name": "Pandora the World of Avatar Disney's Animal Kingdom",
                "slug": "pandora-the-world-of-avatar-disneys-animal-kingdom",
              },
              "media_preview": "ACof58SMBtz8vXFO85iNvb+X0qMDNKF9KaVwHrMyjH4/Q+tRdfenlBjnrS4wc5xWvI+uxNxuCOKTaad7+tG6hopCqPXvVjYF5Ofw/wDr8flmmCPGPXGfbrVkESYB6Dj8eprONRR17GnImmn1sU/L3HC5+nWmlDn6f56VcQ7XGOpOB+NP3nHoQT0z61bkrcz2YuTTfUoCNqTy2q8ADRtFYOYcp//Z",
              "owner": Object {
                "id": "21687057195",
                "username": "ferrytalecreative",
              },
              "shortcode": "B76IIHQoHfR",
              "taken_at_timestamp": 1580310932,
              "thumbnail_resources": Array [
                Object {
                  "config_height": 150,
                  "config_width": 150,
                  "src": "https://scontent-lax3-1.cdninstagram.com/v/t51.2885-15/e15/c135.0.810.810a/s150x150/81928862_153861336063093_6819544736755745957_n.jpg?_nc_ht=scontent-lax3-1.cdninstagram.com&_nc_cat=109&_nc_ohc=R7z6vWUOKaQAX_YbvSQ&oh=5d6679fa207d0d3447f4e6a672bd955f&oe=5ECCDBE6",
                },
                Object {
                  "config_height": 240,
                  "config_width": 240,
                  "src": "https://scontent-lax3-1.cdninstagram.com/v/t51.2885-15/e15/c135.0.810.810a/s240x240/81928862_153861336063093_6819544736755745957_n.jpg?_nc_ht=scontent-lax3-1.cdninstagram.com&_nc_cat=109&_nc_ohc=R7z6vWUOKaQAX_YbvSQ&oh=04fe13bd439b4fd7ec790ce519351f53&oe=5EBBC2AC",
                },
                Object {
                  "config_height": 320,
                  "config_width": 320,
                  "src": "https://scontent-lax3-1.cdninstagram.com/v/t51.2885-15/e15/c135.0.810.810a/s320x320/81928862_153861336063093_6819544736755745957_n.jpg?_nc_ht=scontent-lax3-1.cdninstagram.com&_nc_cat=109&_nc_ohc=R7z6vWUOKaQAX_YbvSQ&oh=8c926237a8f4372ef7bf9eb5c36a5b2a&oe=5ED71416",
                },
                Object {
                  "config_height": 480,
                  "config_width": 480,
                  "src": "https://scontent-lax3-1.cdninstagram.com/v/t51.2885-15/e15/c135.0.810.810a/s480x480/81928862_153861336063093_6819544736755745957_n.jpg?_nc_ht=scontent-lax3-1.cdninstagram.com&_nc_cat=109&_nc_ohc=R7z6vWUOKaQAX_YbvSQ&oh=a404d73e617524c807f2805d4b55d7cc&oe=5ED0544C",
                },
                Object {
                  "config_height": 640,
                  "config_width": 640,
                  "src": "https://scontent-lax3-1.cdninstagram.com/v/t51.2885-15/e15/c135.0.810.810a/s640x640/81928862_153861336063093_6819544736755745957_n.jpg?_nc_ht=scontent-lax3-1.cdninstagram.com&_nc_cat=109&_nc_ohc=R7z6vWUOKaQAX_YbvSQ&oh=de8802d93bf628bd454d123c76fa132f&oe=5EBDB279",
                },
              ],
              "thumbnail_src": "https://scontent-lax3-1.cdninstagram.com/v/t51.2885-15/e15/c135.0.810.810a/s640x640/81928862_153861336063093_6819544736755745957_n.jpg?_nc_ht=scontent-lax3-1.cdninstagram.com&_nc_cat=109&_nc_ohc=R7z6vWUOKaQAX_YbvSQ&oh=de8802d93bf628bd454d123c76fa132f&oe=5EBDB279",
            },
          },
          Object {
            "node": Object {
              "__typename": "GraphImage",
              "accessibility_caption": "Image may contain: outdoor and nature",
              "comments_disabled": false,
              "dimensions": Object {
                "height": 810,
                "width": 1080,
              },
              "display_url": "https://scontent-lax3-1.cdninstagram.com/v/t51.2885-15/fr/e15/s1080x1080/82888921_668410483697031_1083177368321851149_n.jpg?_nc_ht=scontent-lax3-1.cdninstagram.com&_nc_cat=103&_nc_ohc=YXmIgq2pZn4AX-waxa_&oh=f885aa3b52f6ffbda83a3686cf46f5ad&oe=5ED878D4",
              "edge_liked_by": Object {
                "count": 18,
              },
              "edge_media_preview_like": Object {
                "count": 18,
              },
              "edge_media_to_caption": Object {
                "edges": Array [
                  Object {
                    "node": Object {
                      "text": "I drive 7 hours from Atlanta to Central Florida and end up in this beautiful jungle with this amazing creature.
.
.
I love Disney ✨
.
.
.
#animalKingdom #kilamanjaroSafari #waltdisneyworld #disneyDay",
                    },
                  },
                ],
              },
              "edge_media_to_comment": Object {
                "count": 1,
              },
              "fact_check_information": null,
              "fact_check_overall_rating": null,
              "gating_info": null,
              "id": "2230931933706271821",
              "is_video": false,
              "location": null,
              "media_preview": "ACofxScnmrSBfLJI+71984qhu5rZtYHVTu2ktj5SffPPakxFZAsnH3Se2evsMf5Jqu+MZz35H8j/AI1flhG3cm3LAnHPX2P8ulZxIYYA4HX1pILDM/rUjPgke9MUAkA9iBUjMcnHTNUBfFgv8RJx9P8APHrTFjkVDIp4xgd93p9M1r70bjj9f8KQIg+Xt9OKm5ZnLbsq9cGMg47Ekf5FQtZMhzgMPb/Oa2VSNT8o5qbZuFFwsc01sw+bBB6gUz7OTzuAz2Oc105h9hTPK9h/n8aLisf/2Q==",
              "owner": Object {
                "id": "21687057195",
                "username": "ferrytalecreative",
              },
              "shortcode": "B713MYSozxN",
              "taken_at_timestamp": 1580167837,
              "thumbnail_resources": Array [
                Object {
                  "config_height": 150,
                  "config_width": 150,
                  "src": "https://scontent-lax3-1.cdninstagram.com/v/t51.2885-15/e15/c135.0.810.810a/s150x150/82888921_668410483697031_1083177368321851149_n.jpg?_nc_ht=scontent-lax3-1.cdninstagram.com&_nc_cat=103&_nc_ohc=YXmIgq2pZn4AX-waxa_&oh=0aed971dc97b55a431d137cf42f03312&oe=5EDAAC4B",
                },
                Object {
                  "config_height": 240,
                  "config_width": 240,
                  "src": "https://scontent-lax3-1.cdninstagram.com/v/t51.2885-15/e15/c135.0.810.810a/s240x240/82888921_668410483697031_1083177368321851149_n.jpg?_nc_ht=scontent-lax3-1.cdninstagram.com&_nc_cat=103&_nc_ohc=YXmIgq2pZn4AX-waxa_&oh=76647ba1fe16b7f16ece0e77acd908cc&oe=5EC5E301",
                },
                Object {
                  "config_height": 320,
                  "config_width": 320,
                  "src": "https://scontent-lax3-1.cdninstagram.com/v/t51.2885-15/e15/c135.0.810.810a/s320x320/82888921_668410483697031_1083177368321851149_n.jpg?_nc_ht=scontent-lax3-1.cdninstagram.com&_nc_cat=103&_nc_ohc=YXmIgq2pZn4AX-waxa_&oh=f780c9db2adf87691be8b5b8722e1252&oe=5ECC28BB",
                },
                Object {
                  "config_height": 480,
                  "config_width": 480,
                  "src": "https://scontent-lax3-1.cdninstagram.com/v/t51.2885-15/e15/c135.0.810.810a/s480x480/82888921_668410483697031_1083177368321851149_n.jpg?_nc_ht=scontent-lax3-1.cdninstagram.com&_nc_cat=103&_nc_ohc=YXmIgq2pZn4AX-waxa_&oh=6b33603ee3fb891a529ea5a512b3c031&oe=5EC3F2E1",
                },
                Object {
                  "config_height": 640,
                  "config_width": 640,
                  "src": "https://scontent-lax3-1.cdninstagram.com/v/t51.2885-15/e15/c135.0.810.810a/s640x640/82888921_668410483697031_1083177368321851149_n.jpg?_nc_ht=scontent-lax3-1.cdninstagram.com&_nc_cat=103&_nc_ohc=YXmIgq2pZn4AX-waxa_&oh=1122e86086bece90518e6437816d50eb&oe=5EBAAED4",
                },
              ],
              "thumbnail_src": "https://scontent-lax3-1.cdninstagram.com/v/t51.2885-15/e15/c135.0.810.810a/s640x640/82888921_668410483697031_1083177368321851149_n.jpg?_nc_ht=scontent-lax3-1.cdninstagram.com&_nc_cat=103&_nc_ohc=YXmIgq2pZn4AX-waxa_&oh=1122e86086bece90518e6437816d50eb&oe=5EBAAED4",
            },
          },
          Object {
            "node": Object {
              "__typename": "GraphVideo",
              "comments_disabled": false,
              "dimensions": Object {
                "height": 937,
                "width": 750,
              },
              "display_url": "https://scontent-lax3-2.cdninstagram.com/v/t51.2885-15/e35/81666011_179717553399083_8363414109254760502_n.jpg?_nc_ht=scontent-lax3-2.cdninstagram.com&_nc_cat=111&_nc_ohc=3gDeXexhq1kAX9lvtUD&oh=ce7b90dd3c7765a8ef118849aa923c1a&oe=5E39DFC7",
              "edge_liked_by": Object {
                "count": 13,
              },
              "edge_media_preview_like": Object {
                "count": 13,
              },
              "edge_media_to_caption": Object {
                "edges": Array [
                  Object {
                    "node": Object {
                      "text": "Sitting in the shadow of the #disneyland #castle playing with my #sparkleshoes .
.
Dreams come true ✨💚✨ .
.
#pixieDust #disneyGirl #instaDisney #disneyLife",
                    },
                  },
                ],
              },
              "edge_media_to_comment": Object {
                "count": 0,
              },
              "fact_check_information": null,
              "fact_check_overall_rating": null,
              "felix_profile_grid_crop": null,
              "gating_info": null,
              "id": "2230812662254470995",
              "is_video": true,
              "location": Object {
                "has_public_page": true,
                "id": "112466925901669",
                "name": "Disneyland - Theme Park",
                "slug": "disneyland-theme-park",
              },
              "media_preview": "ACEqhXrTiMlSOzAmos0x5ADz0+uP8f5UizelK7ApAO7+EgYJ7nn8yf1rGkJR8YxjGB6DsPp6H0rSt5VbLcgAAKSOo6k898//AFqrTBJJC2G3kjHPGMYH40ovUJIMj/P/AOuirX2R/Sirv5mdjHzUEnJ/CnbqNtD0KNKzuIzGEcgMvHP6e3SrUMXmyE/wqOo9e2P51iiANzVmN2RdqkgegNQlroU3obf2Zv77f5/Gisjz5P7zfmaKdmSZ6jFPpKUUMaJ1bA4puaQdKSmgY/NFNoqiT//Z",
              "owner": Object {
                "id": "21687057195",
                "username": "ferrytalecreative",
              },
              "shortcode": "B71cEwGHwdT",
              "taken_at_timestamp": 1580153624,
              "thumbnail_resources": Array [
                Object {
                  "config_height": 150,
                  "config_width": 150,
                  "src": "https://scontent-lax3-2.cdninstagram.com/v/t51.2885-15/e35/c0.90.720.720a/s150x150/81666011_179717553399083_8363414109254760502_n.jpg?_nc_ht=scontent-lax3-2.cdninstagram.com&_nc_cat=111&_nc_ohc=3gDeXexhq1kAX9lvtUD&oh=5bac093bfe479eeb6cca1f5b834e5e67&oe=5E39B7D9",
                },
                Object {
                  "config_height": 240,
                  "config_width": 240,
                  "src": "https://scontent-lax3-2.cdninstagram.com/v/t51.2885-15/e35/c0.90.720.720a/s240x240/81666011_179717553399083_8363414109254760502_n.jpg?_nc_ht=scontent-lax3-2.cdninstagram.com&_nc_cat=111&_nc_ohc=3gDeXexhq1kAX9lvtUD&oh=54a41dbf075a094c85f3fb21ecedf03b&oe=5E397493",
                },
                Object {
                  "config_height": 320,
                  "config_width": 320,
                  "src": "https://scontent-lax3-2.cdninstagram.com/v/t51.2885-15/e35/c0.90.720.720a/s320x320/81666011_179717553399083_8363414109254760502_n.jpg?_nc_ht=scontent-lax3-2.cdninstagram.com&_nc_cat=111&_nc_ohc=3gDeXexhq1kAX9lvtUD&oh=c4b017165a653744549567d2d9306ea1&oe=5E39F2E9",
                },
                Object {
                  "config_height": 480,
                  "config_width": 480,
                  "src": "https://scontent-lax3-2.cdninstagram.com/v/t51.2885-15/e35/c0.90.720.720a/s480x480/81666011_179717553399083_8363414109254760502_n.jpg?_nc_ht=scontent-lax3-2.cdninstagram.com&_nc_cat=111&_nc_ohc=3gDeXexhq1kAX9lvtUD&oh=87ca9f1400507fad713866d9e3294609&oe=5E39AA73",
                },
                Object {
                  "config_height": 640,
                  "config_width": 640,
                  "src": "https://scontent-lax3-2.cdninstagram.com/v/t51.2885-15/sh0.08/e35/c0.90.720.720a/s640x640/81666011_179717553399083_8363414109254760502_n.jpg?_nc_ht=scontent-lax3-2.cdninstagram.com&_nc_cat=111&_nc_ohc=3gDeXexhq1kAX9lvtUD&oh=9f16ec5785d78a4424e7f23d4ebeeffd&oe=5E399813",
                },
              ],
              "thumbnail_src": "https://scontent-lax3-2.cdninstagram.com/v/t51.2885-15/sh0.08/e35/c0.90.720.720a/s640x640/81666011_179717553399083_8363414109254760502_n.jpg?_nc_ht=scontent-lax3-2.cdninstagram.com&_nc_cat=111&_nc_ohc=3gDeXexhq1kAX9lvtUD&oh=9f16ec5785d78a4424e7f23d4ebeeffd&oe=5E399813",
              "video_view_count": 38,
            },
          },
          Object {
            "node": Object {
              "__typename": "GraphImage",
              "accessibility_caption": "Image may contain: one or more people",
              "comments_disabled": false,
              "dimensions": Object {
                "height": 1124,
                "width": 1080,
              },
              "display_url": "https://scontent-lax3-1.cdninstagram.com/v/t51.2885-15/fr/e15/p1080x1080/82843077_2491406881126781_1680745905799121742_n.jpg?_nc_ht=scontent-lax3-1.cdninstagram.com&_nc_cat=105&_nc_ohc=LIF10LJ1eUoAX-sLalY&oh=50539968c74f1f88170a9f24e3548187&oe=5EB4A270",
              "edge_liked_by": Object {
                "count": 30,
              },
              "edge_media_preview_like": Object {
                "count": 30,
              },
              "edge_media_to_caption": Object {
                "edges": Array [
                  Object {
                    "node": Object {
                      "text": "Gold glitter snowflake bows <3
.
.
I am missing the warm weather terribly and I would RATHER have shorts on but IF I have to be cold at least I have an adorable gold glitter snowflake bow to keep me company. .
.
Guys I think I talk about my bows more than my ears! I started this shop to make Ears but somehow I think I've had more fun with bows! .
.
Maybe because I live in #Atlanta and don't have a socially acceptable reason to wear ears daily BUT BOWS ... I can wear those everyday and just in my heart I know they are meant for magical #DisneyWorldDays <3 .
.
What accessory do you wear to keep you close to the magic always?
.
.
#bestDayEver #disneyMerch #disneyWorld #Disneyday #DisneyLife",
                    },
                  },
                ],
              },
              "edge_media_to_comment": Object {
                "count": 0,
              },
              "fact_check_information": null,
              "fact_check_overall_rating": null,
              "gating_info": null,
              "id": "2228538627746219820",
              "is_video": false,
              "location": null,
              "media_preview": "ACkq5/yjU9vatKTnhV6n+gqZSFGSwJIzgDvnkH0OOa0bYq6HZ/C3IPXB6f4U2+wJXdnoiaPbGioOdo79ev8ASplOTgVDkHhhgr6/54q59pQBQf4vTGcf/rrBw53zX2Nn7iStv/X5FMOJMkeuKdxVqNIijHo2ahwKco2ehMXdGVLZ+RgyE4PTC9fxNLb7y2LdcZ6k859iegH+c1pfu5EDTP5mBkDp7Dgf45qrHcuDtiUZYHgdOO+Ppxk9eK0TIsOfYvMpCnphDuP+A/Oo2n3rsVQoPGepJHI57Z9qiEQfJJ2+oxzx6UxZBkeg600kDbas3otiwrcbh95h/wCPDr+YqTz/AGNQvJhjs4BP5EDtTPOf0/Wk4p7gnvYgWVnyXb8O1Pa5+Y7QFPqAMmqiH5h704/eP1pWGWUdm5b8TUYjwwI5HenRd/8Ad/wp9FwsO2gDFGKt2QBLfQfzpcCncR//2Q==",
              "owner": Object {
                "id": "21687057195",
                "username": "ferrytalecreative",
              },
              "shortcode": "B7tXBMbDMcs",
              "taken_at_timestamp": 1579882531,
              "thumbnail_resources": Array [
                Object {
                  "config_height": 150,
                  "config_width": 150,
                  "src": "https://scontent-lax3-1.cdninstagram.com/v/t51.2885-15/e15/c0.22.1080.1080a/s150x150/82843077_2491406881126781_1680745905799121742_n.jpg?_nc_ht=scontent-lax3-1.cdninstagram.com&_nc_cat=105&_nc_ohc=LIF10LJ1eUoAX-sLalY&oh=895c8555c4a20560d3a90a7ebc4699cb&oe=5ED5CF2A",
                },
                Object {
                  "config_height": 240,
                  "config_width": 240,
                  "src": "https://scontent-lax3-1.cdninstagram.com/v/t51.2885-15/e15/c0.22.1080.1080a/s240x240/82843077_2491406881126781_1680745905799121742_n.jpg?_nc_ht=scontent-lax3-1.cdninstagram.com&_nc_cat=105&_nc_ohc=LIF10LJ1eUoAX-sLalY&oh=32766500e402f48055b46f4e229bfe74&oe=5EC23E2C",
                },
                Object {
                  "config_height": 320,
                  "config_width": 320,
                  "src": "https://scontent-lax3-1.cdninstagram.com/v/t51.2885-15/e15/c0.22.1080.1080a/s320x320/82843077_2491406881126781_1680745905799121742_n.jpg?_nc_ht=scontent-lax3-1.cdninstagram.com&_nc_cat=105&_nc_ohc=LIF10LJ1eUoAX-sLalY&oh=36bb168af853f34d73c214e498883646&oe=5EC00452",
                },
                Object {
                  "config_height": 480,
                  "config_width": 480,
                  "src": "https://scontent-lax3-1.cdninstagram.com/v/t51.2885-15/e15/c0.22.1080.1080a/s480x480/82843077_2491406881126781_1680745905799121742_n.jpg?_nc_ht=scontent-lax3-1.cdninstagram.com&_nc_cat=105&_nc_ohc=LIF10LJ1eUoAX-sLalY&oh=281fa27b9e8c1a2c53c56678f6c0098c&oe=5EC28315",
                },
                Object {
                  "config_height": 640,
                  "config_width": 640,
                  "src": "https://scontent-lax3-1.cdninstagram.com/v/t51.2885-15/sh0.08/e35/c0.22.1080.1080a/s640x640/82843077_2491406881126781_1680745905799121742_n.jpg?_nc_ht=scontent-lax3-1.cdninstagram.com&_nc_cat=105&_nc_ohc=LIF10LJ1eUoAX-sLalY&oh=9325ae281db29aef370bbcc5f4d77c69&oe=5ECA5597",
                },
              ],
              "thumbnail_src": "https://scontent-lax3-1.cdninstagram.com/v/t51.2885-15/sh0.08/e35/c0.22.1080.1080a/s640x640/82843077_2491406881126781_1680745905799121742_n.jpg?_nc_ht=scontent-lax3-1.cdninstagram.com&_nc_cat=105&_nc_ohc=LIF10LJ1eUoAX-sLalY&oh=9325ae281db29aef370bbcc5f4d77c69&oe=5ECA5597",
            },
          },
          Object {
            "node": Object {
              "__typename": "GraphImage",
              "accessibility_caption": "Photo by ✨ Ferry Tale Creative ✨ on January 23, 2020.",
              "comments_disabled": false,
              "dimensions": Object {
                "height": 1080,
                "width": 1080,
              },
              "display_url": "https://scontent-lax3-2.cdninstagram.com/v/t51.2885-15/fr/e15/s1080x1080/82183329_624130438154238_2577255239315573395_n.jpg?_nc_ht=scontent-lax3-2.cdninstagram.com&_nc_cat=106&_nc_ohc=gAVmWByPwBYAX-Nifp5&oh=0fe89a67f54c6b124529c2e44bd62e0e&oe=5EBBAD1C",
              "edge_liked_by": Object {
                "count": 24,
              },
              "edge_media_preview_like": Object {
                "count": 24,
              },
              "edge_media_to_caption": Object {
                "edges": Array [
                  Object {
                    "node": Object {
                      "text": "My #sparkleShoes wanna be where it's warm ☀️🌞🔆
.
.
PS do you see my #hiddenMickey 😘
. .
#disneyland #disneylandHotel #disneyGirl #instaDisney #disney #disneylifestyle",
                    },
                  },
                ],
              },
              "edge_media_to_comment": Object {
                "count": 2,
              },
              "fact_check_information": null,
              "fact_check_overall_rating": null,
              "gating_info": null,
              "id": "2227813721982531374",
              "is_video": false,
              "location": null,
              "media_preview": "ACoqUIWbzJPmkPOOyj/61QyTfwg9erdz9PalnJX5R0POf73/ANb2qk5xwKxhTv789b7f1/XnqaTn9lf15EyLkdc+nFTwynOxuGH3T6+30/8A1VUk4C47CpZMHGepFN+/ZS1TvburE/DdrdW+dy0V8s7wPl/jX0/2l/rWirwEA+vuKz4ZSw56r0Pt6GmmCE8lSCfSsuZ024S6G1lNc2w9trLz9326qf8ACsx0O7BwPc9MVZRwz55AA6etDBT8rdP5f/Wq43p6dPyM2ubXr+Yx49+CCMDg00Zlbj7q9/8AP6UwQNnB4UdT2/CrKDcQijAH+cn3p35bJO76eV/zYJc26suvmWRhVyBwOg9T6mmiaT/IpspA+6cEDn3po5HX+dKMVZuVm79Uwk2nZaLysVyrhuRg/wBKVpAccHI/T2psjHd1P+RVG7OGAHTA/lV2va/YV7feaYI27uq84HpVZLwIeeh64H+elNtCS2D3Xms+lGKu1/Wo23ozZDbsnHXnPtVgMuPuk/jVew5i/wA+prRT7o+gqZTtdWe/8zXRCUb/APDLuf/Z",
              "owner": Object {
                "id": "21687057195",
                "username": "ferrytalecreative",
              },
              "shortcode": "B7qyMbUgncu",
              "taken_at_timestamp": 1579796114,
              "thumbnail_resources": Array [
                Object {
                  "config_height": 150,
                  "config_width": 150,
                  "src": "https://scontent-lax3-2.cdninstagram.com/v/t51.2885-15/e15/s150x150/82183329_624130438154238_2577255239315573395_n.jpg?_nc_ht=scontent-lax3-2.cdninstagram.com&_nc_cat=106&_nc_ohc=gAVmWByPwBYAX-Nifp5&oh=87d168907110e3521ca50ce8d35441ff&oe=5EC725A0",
                },
                Object {
                  "config_height": 240,
                  "config_width": 240,
                  "src": "https://scontent-lax3-2.cdninstagram.com/v/t51.2885-15/e15/s240x240/82183329_624130438154238_2577255239315573395_n.jpg?_nc_ht=scontent-lax3-2.cdninstagram.com&_nc_cat=106&_nc_ohc=gAVmWByPwBYAX-Nifp5&oh=a17162ba5bd0013b9cc72f2d54a7b4a8&oe=5EC658EA",
                },
                Object {
                  "config_height": 320,
                  "config_width": 320,
                  "src": "https://scontent-lax3-2.cdninstagram.com/v/t51.2885-15/e15/s320x320/82183329_624130438154238_2577255239315573395_n.jpg?_nc_ht=scontent-lax3-2.cdninstagram.com&_nc_cat=106&_nc_ohc=gAVmWByPwBYAX-Nifp5&oh=a5248e0bb8b17dac63769dc4be3a6eee&oe=5EBDA850",
                },
                Object {
                  "config_height": 480,
                  "config_width": 480,
                  "src": "https://scontent-lax3-2.cdninstagram.com/v/t51.2885-15/e15/s480x480/82183329_624130438154238_2577255239315573395_n.jpg?_nc_ht=scontent-lax3-2.cdninstagram.com&_nc_cat=106&_nc_ohc=gAVmWByPwBYAX-Nifp5&oh=87ac69f1b81443ff4d020898014143d2&oe=5ED2790A",
                },
                Object {
                  "config_height": 640,
                  "config_width": 640,
                  "src": "https://scontent-lax3-2.cdninstagram.com/v/t51.2885-15/sh0.08/e35/s640x640/82183329_624130438154238_2577255239315573395_n.jpg?_nc_ht=scontent-lax3-2.cdninstagram.com&_nc_cat=106&_nc_ohc=gAVmWByPwBYAX-Nifp5&oh=aa2133618a2266c3e5ba3fbe25d1456b&oe=5EB663A6",
                },
              ],
              "thumbnail_src": "https://scontent-lax3-2.cdninstagram.com/v/t51.2885-15/sh0.08/e35/s640x640/82183329_624130438154238_2577255239315573395_n.jpg?_nc_ht=scontent-lax3-2.cdninstagram.com&_nc_cat=106&_nc_ohc=gAVmWByPwBYAX-Nifp5&oh=aa2133618a2266c3e5ba3fbe25d1456b&oe=5EB663A6",
            },
          },
          Object {
            "node": Object {
              "__typename": "GraphImage",
              "accessibility_caption": "Image may contain: one or more people",
              "comments_disabled": false,
              "dimensions": Object {
                "height": 1080,
                "width": 1080,
              },
              "display_url": "https://scontent-lax3-2.cdninstagram.com/v/t51.2885-15/fr/e15/s1080x1080/82369328_173313970601311_2709013080829578855_n.jpg?_nc_ht=scontent-lax3-2.cdninstagram.com&_nc_cat=107&_nc_ohc=Wv4zuuD4sFgAX_ya5iY&oh=2e30e1c3abac838cdb33aa3fc0b17eac&oe=5EB53289",
              "edge_liked_by": Object {
                "count": 27,
              },
              "edge_media_preview_like": Object {
                "count": 27,
              },
              "edge_media_to_caption": Object {
                "edges": Array [
                  Object {
                    "node": Object {
                      "text": "Me: \\"hey babe take a picture of me walking down these stairs like a princess!!\\"
.
.
Me: \\"Does it look cool?! How does it look!?\\"
.
.
Hubs: \\"You look like you're walking downstairs..\\"
.
.
He didn't catch my vision but it was still so fun! Loved playing around the #disneylandHotel

#waltdisney #disneyLife #disneyland #disneyGirl",
                    },
                  },
                ],
              },
              "edge_media_to_comment": Object {
                "count": 4,
              },
              "fact_check_information": null,
              "fact_check_overall_rating": null,
              "gating_info": null,
              "id": "2227086484756910899",
              "is_video": false,
              "location": Object {
                "has_public_page": true,
                "id": "1067278",
                "name": "Disneyland Hotel",
                "slug": "disneyland-hotel",
              },
              "media_preview": "ACoqvwslyWIwWJ5HcfhSm2w5UHgAH86wFOMuMcc/mf51oy3Egb5WIOcduAAfbpUW3sVce+9ZljyMMRjj1yOfx54q0xEPJIAz/niudkuWn+ZmYsOPbg8VIp83D992DnqMc0W7he5qSN55GwZHrjr/APWqTgcVSfmBiONpP/oWf61El0AoHoBTas7Aigq/OqjPOM/nV5mzHI3+0QPxP+Gagjh2OH5O0g9OuKsSpsjRe7EufX2p7K3f/hwRnOCoUjoe1OaNnbhW2nrgH8/rTpBwF75rSW5cYAXp9adiUFuw8pw3Yn9Rj+dUAhqzvZA/y8Sdfb6fnUOT6Gm1d3GWVCswUFufpRdsplwc4UY4x9auxIoYEAZ+lQFQZjkA/L/Ws95W7L9SunzMtkLfMoO0EZJ/Wpgyeh/Mf4VpogweB19PY1AoGKtO9/Im1ipuT0P5/wD1qbhfQ/n/APWrQBqYAVQj/9k=",
              "owner": Object {
                "id": "21687057195",
                "username": "ferrytalecreative",
              },
              "shortcode": "B7oM1u4AlMz",
              "taken_at_timestamp": 1579709422,
              "thumbnail_resources": Array [
                Object {
                  "config_height": 150,
                  "config_width": 150,
                  "src": "https://scontent-lax3-2.cdninstagram.com/v/t51.2885-15/e15/s150x150/82369328_173313970601311_2709013080829578855_n.jpg?_nc_ht=scontent-lax3-2.cdninstagram.com&_nc_cat=107&_nc_ohc=Wv4zuuD4sFgAX_ya5iY&oh=35b4d451cbde3af9eeb5e722deb3df7a&oe=5ECD7735",
                },
                Object {
                  "config_height": 240,
                  "config_width": 240,
                  "src": "https://scontent-lax3-2.cdninstagram.com/v/t51.2885-15/e15/s240x240/82369328_173313970601311_2709013080829578855_n.jpg?_nc_ht=scontent-lax3-2.cdninstagram.com&_nc_cat=107&_nc_ohc=Wv4zuuD4sFgAX_ya5iY&oh=153de2d48a422aa35b887722c0cf676d&oe=5ED0BC7F",
                },
                Object {
                  "config_height": 320,
                  "config_width": 320,
                  "src": "https://scontent-lax3-2.cdninstagram.com/v/t51.2885-15/e15/s320x320/82369328_173313970601311_2709013080829578855_n.jpg?_nc_ht=scontent-lax3-2.cdninstagram.com&_nc_cat=107&_nc_ohc=Wv4zuuD4sFgAX_ya5iY&oh=af23317b4b51add091d53590274e99cb&oe=5ED6E7C5",
                },
                Object {
                  "config_height": 480,
                  "config_width": 480,
                  "src": "https://scontent-lax3-2.cdninstagram.com/v/t51.2885-15/e15/s480x480/82369328_173313970601311_2709013080829578855_n.jpg?_nc_ht=scontent-lax3-2.cdninstagram.com&_nc_cat=107&_nc_ohc=Wv4zuuD4sFgAX_ya5iY&oh=f70f0422bd05b08bf69d9f810222ecfc&oe=5EDA8D9F",
                },
                Object {
                  "config_height": 640,
                  "config_width": 640,
                  "src": "https://scontent-lax3-2.cdninstagram.com/v/t51.2885-15/sh0.08/e35/s640x640/82369328_173313970601311_2709013080829578855_n.jpg?_nc_ht=scontent-lax3-2.cdninstagram.com&_nc_cat=107&_nc_ohc=Wv4zuuD4sFgAX_ya5iY&oh=a8b2249fd8a2a306617596514822b15d&oe=5EC0A633",
                },
              ],
              "thumbnail_src": "https://scontent-lax3-2.cdninstagram.com/v/t51.2885-15/sh0.08/e35/s640x640/82369328_173313970601311_2709013080829578855_n.jpg?_nc_ht=scontent-lax3-2.cdninstagram.com&_nc_cat=107&_nc_ohc=Wv4zuuD4sFgAX_ya5iY&oh=a8b2249fd8a2a306617596514822b15d&oe=5EC0A633",
            },
          },
          Object {
            "node": Object {
              "__typename": "GraphImage",
              "accessibility_caption": "Image may contain: tree, sky, outdoor and nature",
              "comments_disabled": false,
              "dimensions": Object {
                "height": 1080,
                "width": 1080,
              },
              "display_url": "https://scontent-lax3-1.cdninstagram.com/v/t51.2885-15/fr/e15/s1080x1080/82093018_189583282099821_9014902777128788578_n.jpg?_nc_ht=scontent-lax3-1.cdninstagram.com&_nc_cat=109&_nc_ohc=_7oZjWYtez8AX9GugvE&oh=cef6a98a551eb07265970118b0be0be4&oe=5EC89F07",
              "edge_liked_by": Object {
                "count": 12,
              },
              "edge_media_preview_like": Object {
                "count": 12,
              },
              "edge_media_to_caption": Object {
                "edges": Array [
                  Object {
                    "node": Object {
                      "text": "#kilamanjaroSafari best animal?? GIRAFFES .
.

What's your must see?
.
.
#animalKingdom #disneyInsta #bestDayEver #waltdisneyworld",
                    },
                  },
                ],
              },
              "edge_media_to_comment": Object {
                "count": 0,
              },
              "fact_check_information": null,
              "fact_check_overall_rating": null,
              "gating_info": null,
              "id": "2226253412666964600",
              "is_video": false,
              "location": null,
              "media_preview": "ACoqrSRZbcCV4yrHp64b/HvUu4TEEYyvDL7nv7g+tOezlYbdwwOg56fl/wDqqmyljgDEsfUf3gPb2/lWmqJ0ZY2JI5U8Pg8H1Pp7d/zpbOPhkbqrDP4UyCBpMSKevIPoe4NWogPOkA/2c/WmlsS2RTny48A7Wz26/wCNUN3uavXUId+MsSRuC9R+PTPtUf2U9kb/AD+NN3YLQlOobhtIx7g81BIQ53qcMo6/T/OB/hUARDwD+lSCHbznOP8APrWDl1NFoSWtyI3PmfKr8nHQN9O2e/pThPmVypwjYyR14/u/4/lVRmOCOOajVtpyen9KvmYuVG6s8cY2xjI+v+PJPqTTvtcf+SKz4rYthgysp+oNWfso9P5f41PtPMORFDcvoRRk9hVfNPJ4rIoQ/fz7f/WpCpAJp68k5/u1GelVcCxF8o7g+1T+e3q1Z0JOD9asVL3A/9k=",
              "owner": Object {
                "id": "21687057195",
                "username": "ferrytalecreative",
              },
              "shortcode": "B7lPa8CA_p4",
              "taken_at_timestamp": 1579610111,
              "thumbnail_resources": Array [
                Object {
                  "config_height": 150,
                  "config_width": 150,
                  "src": "https://scontent-lax3-1.cdninstagram.com/v/t51.2885-15/e15/s150x150/82093018_189583282099821_9014902777128788578_n.jpg?_nc_ht=scontent-lax3-1.cdninstagram.com&_nc_cat=109&_nc_ohc=_7oZjWYtez8AX9GugvE&oh=61962d52a725290f0cb809646e8bd1d1&oe=5ECC61BB",
                },
                Object {
                  "config_height": 240,
                  "config_width": 240,
                  "src": "https://scontent-lax3-1.cdninstagram.com/v/t51.2885-15/e15/s240x240/82093018_189583282099821_9014902777128788578_n.jpg?_nc_ht=scontent-lax3-1.cdninstagram.com&_nc_cat=109&_nc_ohc=_7oZjWYtez8AX9GugvE&oh=555074020ed90d37d74317c117e3f788&oe=5EBC56F1",
                },
                Object {
                  "config_height": 320,
                  "config_width": 320,
                  "src": "https://scontent-lax3-1.cdninstagram.com/v/t51.2885-15/e15/s320x320/82093018_189583282099821_9014902777128788578_n.jpg?_nc_ht=scontent-lax3-1.cdninstagram.com&_nc_cat=109&_nc_ohc=_7oZjWYtez8AX9GugvE&oh=7d359bdef8de71674212c6f21a5437d1&oe=5EBA8F4B",
                },
                Object {
                  "config_height": 480,
                  "config_width": 480,
                  "src": "https://scontent-lax3-1.cdninstagram.com/v/t51.2885-15/e15/s480x480/82093018_189583282099821_9014902777128788578_n.jpg?_nc_ht=scontent-lax3-1.cdninstagram.com&_nc_cat=109&_nc_ohc=_7oZjWYtez8AX9GugvE&oh=2ad10fce49b0b516a8461da7c26f03f8&oe=5ECFEC11",
                },
                Object {
                  "config_height": 640,
                  "config_width": 640,
                  "src": "https://scontent-lax3-1.cdninstagram.com/v/t51.2885-15/sh0.08/e35/s640x640/82093018_189583282099821_9014902777128788578_n.jpg?_nc_ht=scontent-lax3-1.cdninstagram.com&_nc_cat=109&_nc_ohc=_7oZjWYtez8AX9GugvE&oh=fbb039563eeb6cc93c75a5c94e4c398f&oe=5ECA80BD",
                },
              ],
              "thumbnail_src": "https://scontent-lax3-1.cdninstagram.com/v/t51.2885-15/sh0.08/e35/s640x640/82093018_189583282099821_9014902777128788578_n.jpg?_nc_ht=scontent-lax3-1.cdninstagram.com&_nc_cat=109&_nc_ohc=_7oZjWYtez8AX9GugvE&oh=fbb039563eeb6cc93c75a5c94e4c398f&oe=5ECA80BD",
            },
          },
          Object {
            "node": Object {
              "__typename": "GraphImage",
              "accessibility_caption": "Image may contain: sky, cloud and outdoor",
              "comments_disabled": false,
              "dimensions": Object {
                "height": 810,
                "width": 1080,
              },
              "display_url": "https://scontent-lax3-1.cdninstagram.com/v/t51.2885-15/fr/e15/s1080x1080/82445466_150281639747487_3400929865530033922_n.jpg?_nc_ht=scontent-lax3-1.cdninstagram.com&_nc_cat=103&_nc_ohc=75KolrKCnfMAX83uAcA&oh=44807201b26f6e7dcb61ed9b61d00ed8&oe=5EC1F830",
              "edge_liked_by": Object {
                "count": 21,
              },
              "edge_media_preview_like": Object {
                "count": 21,
              },
              "edge_media_to_caption": Object {
                "edges": Array [
                  Object {
                    "node": Object {
                      "text": "Where do you like to stick your ears?
.
.
#disneyland #DCA #Disneymerch #disneyGirl #Disneylife #DisneyDay #spiderman #pixar #mickeymouse",
                    },
                  },
                ],
              },
              "edge_media_to_comment": Object {
                "count": 0,
              },
              "fact_check_information": null,
              "fact_check_overall_rating": null,
              "gating_info": null,
              "id": "2225496163662189855",
              "is_video": false,
              "location": Object {
                "has_public_page": true,
                "id": "397219850778919",
                "name": "Pixar Pier",
                "slug": "pixar-pier",
              },
              "media_preview": "ACofn20wrjrU5bd9wbgOpPA+g9fc9KrzklSUyG44/ix7CujmRlysNlGypIfugtnnqfT6/wAqkLIDg5GPb2zRzLuKzINlLsphlJc7eVHHT8eag81hwD+g/wAKn2iK5WVZ3cNhXO0+nT8AOw9qtlVVAx4bA4J5564yeetRyPvVs4wn3cDkEdOfQjFMLgqONxYAsT7n/OB6VFiySNiqlmJwPT3z68en506OVSpJ3Y6DJBGT6rgYBxyeh6ZFV9xQ7FOAeR/s464+vao2UFgByT2JPP4+/wBahrqNE6zbpNis2R0wAOe/HQev9aui5IHIOe/1qqLUwsN52KQSv8RGBkjPuOnWpkM5UFEBUgYJK9O36VI7H//Z",
              "owner": Object {
                "id": "21687057195",
                "username": "ferrytalecreative",
              },
              "shortcode": "B7ijPg8FFUf",
              "taken_at_timestamp": 1579519840,
              "thumbnail_resources": Array [
                Object {
                  "config_height": 150,
                  "config_width": 150,
                  "src": "https://scontent-lax3-1.cdninstagram.com/v/t51.2885-15/e15/c135.0.810.810a/s150x150/82445466_150281639747487_3400929865530033922_n.jpg?_nc_ht=scontent-lax3-1.cdninstagram.com&_nc_cat=103&_nc_ohc=75KolrKCnfMAX83uAcA&oh=92d29519635224c5b2c58b3a58a80d4c&oe=5EB7E1AF",
                },
                Object {
                  "config_height": 240,
                  "config_width": 240,
                  "src": "https://scontent-lax3-1.cdninstagram.com/v/t51.2885-15/e15/c135.0.810.810a/s240x240/82445466_150281639747487_3400929865530033922_n.jpg?_nc_ht=scontent-lax3-1.cdninstagram.com&_nc_cat=103&_nc_ohc=75KolrKCnfMAX83uAcA&oh=a19e945c2013ad19f5234c2bc1b77a8c&oe=5EC8F4E5",
                },
                Object {
                  "config_height": 320,
                  "config_width": 320,
                  "src": "https://scontent-lax3-1.cdninstagram.com/v/t51.2885-15/e15/c135.0.810.810a/s320x320/82445466_150281639747487_3400929865530033922_n.jpg?_nc_ht=scontent-lax3-1.cdninstagram.com&_nc_cat=103&_nc_ohc=75KolrKCnfMAX83uAcA&oh=6e44b73d935b28f931336465023fc2bf&oe=5EC38D5F",
                },
                Object {
                  "config_height": 480,
                  "config_width": 480,
                  "src": "https://scontent-lax3-1.cdninstagram.com/v/t51.2885-15/e15/c135.0.810.810a/s480x480/82445466_150281639747487_3400929865530033922_n.jpg?_nc_ht=scontent-lax3-1.cdninstagram.com&_nc_cat=103&_nc_ohc=75KolrKCnfMAX83uAcA&oh=22541ecd3dd2c4e42c2656dd10fc22e0&oe=5ED5D605",
                },
                Object {
                  "config_height": 640,
                  "config_width": 640,
                  "src": "https://scontent-lax3-1.cdninstagram.com/v/t51.2885-15/e15/c135.0.810.810a/s640x640/82445466_150281639747487_3400929865530033922_n.jpg?_nc_ht=scontent-lax3-1.cdninstagram.com&_nc_cat=103&_nc_ohc=75KolrKCnfMAX83uAcA&oh=8573b92f688f5c31318aaf9b5ddb1fd8&oe=5EC28830",
                },
              ],
              "thumbnail_src": "https://scontent-lax3-1.cdninstagram.com/v/t51.2885-15/e15/c135.0.810.810a/s640x640/82445466_150281639747487_3400929865530033922_n.jpg?_nc_ht=scontent-lax3-1.cdninstagram.com&_nc_cat=103&_nc_ohc=75KolrKCnfMAX83uAcA&oh=8573b92f688f5c31318aaf9b5ddb1fd8&oe=5EC28830",
            },
          },
          Object {
            "node": Object {
              "__typename": "GraphImage",
              "accessibility_caption": "Image may contain: food",
              "comments_disabled": false,
              "dimensions": Object {
                "height": 992,
                "width": 1080,
              },
              "display_url": "https://scontent-lax3-2.cdninstagram.com/v/t51.2885-15/fr/e15/s1080x1080/82414866_2669343959810615_2200186021460280897_n.jpg?_nc_ht=scontent-lax3-2.cdninstagram.com&_nc_cat=111&_nc_ohc=Dp1LlQDELdkAX-8QNXA&oh=745a83013a5a8b81929759bf09568c0b&oe=5EBCFECD",
              "edge_liked_by": Object {
                "count": 22,
              },
              "edge_media_preview_like": Object {
                "count": 22,
              },
              "edge_media_to_caption": Object {
                "edges": Array [
                  Object {
                    "node": Object {
                      "text": "I want to be eating this now please and thank you...
.
.
Guys the food never matches the picture! ever! 
but the menu had a flower and so did my plate... I am not an insta foodie type gal but... my yummy breakfast burrito has a flower on the plate and it made me so happy so here ya go! .
.
my one day foray into being a @disneyfoodblog writer <3 just if anyone is wondering, it's the breakfast burrito at the quick service behind Trader Sams at the Disneyland Hotel and it was amazing! And also huge, we split it and were more than happy!
.
.
#disneyland #disneylandhotel #TraderSams #DisneyFood",
                    },
                  },
                ],
              },
              "edge_media_to_comment": Object {
                "count": 3,
              },
              "fact_check_information": null,
              "fact_check_overall_rating": null,
              "gating_info": null,
              "id": "2224786712509122697",
              "is_video": false,
              "location": Object {
                "has_public_page": true,
                "id": "158110224723221",
                "name": "Trader Sam's Enchanted Tiki Bar",
                "slug": "trader-sams-enchanted-tiki-bar",
              },
              "media_preview": "AComohy0gJqZG55GcGpktCO4H61aFoR3FNJCYRthaium/d8dzVlomQfKNx+tVpUeVdgXDelTJ9PNDS6mPnJpmDVxrCdfmwDjsCM1W3itY2sQzpAmOcZPYCl8xlUeZwf0qpJPOwzCUZfbJ/rx9CKnmnWNQG+ZiB2z+lc7b7WNCQ3SKMkiqBuHUs8YzvOefQeg6801Gjlc7x8wGemP09ves67l2MQrdOgzW3Lpe+pXKvwN2O5SZcqcEDJHQioN9seSwz9TWbaLJIrPwSwK5YnjPXFSiwb+8P1qbeVzO5UKlDlSQfUEipBdzr/Fu/3gD/TNFFQmzVpDv7QlHBCH8D/jUTXRY5KRk+pBP9aKKq7JshwvJei7V+ij+uaPtM399vzooqW2VZH/2Q==",
              "owner": Object {
                "id": "21687057195",
                "username": "ferrytalecreative",
              },
              "shortcode": "B7gB7pEHYiJ",
              "taken_at_timestamp": 1579435267,
              "thumbnail_resources": Array [
                Object {
                  "config_height": 150,
                  "config_width": 150,
                  "src": "https://scontent-lax3-2.cdninstagram.com/v/t51.2885-15/e15/c44.0.992.992a/s150x150/82414866_2669343959810615_2200186021460280897_n.jpg?_nc_ht=scontent-lax3-2.cdninstagram.com&_nc_cat=111&_nc_ohc=Dp1LlQDELdkAX-8QNXA&oh=b2ed6921d185271553dc23a7d5e34fc4&oe=5EC78941",
                },
                Object {
                  "config_height": 240,
                  "config_width": 240,
                  "src": "https://scontent-lax3-2.cdninstagram.com/v/t51.2885-15/e15/c44.0.992.992a/s240x240/82414866_2669343959810615_2200186021460280897_n.jpg?_nc_ht=scontent-lax3-2.cdninstagram.com&_nc_cat=111&_nc_ohc=Dp1LlQDELdkAX-8QNXA&oh=abbaba816b6688c593a451af669498cd&oe=5EC29447",
                },
                Object {
                  "config_height": 320,
                  "config_width": 320,
                  "src": "https://scontent-lax3-2.cdninstagram.com/v/t51.2885-15/e15/c44.0.992.992a/s320x320/82414866_2669343959810615_2200186021460280897_n.jpg?_nc_ht=scontent-lax3-2.cdninstagram.com&_nc_cat=111&_nc_ohc=Dp1LlQDELdkAX-8QNXA&oh=aee86f7e459f51675f40e3dbc75c2aa7&oe=5EC58639",
                },
                Object {
                  "config_height": 480,
                  "config_width": 480,
                  "src": "https://scontent-lax3-2.cdninstagram.com/v/t51.2885-15/e15/c44.0.992.992a/s480x480/82414866_2669343959810615_2200186021460280897_n.jpg?_nc_ht=scontent-lax3-2.cdninstagram.com&_nc_cat=111&_nc_ohc=Dp1LlQDELdkAX-8QNXA&oh=e033d29f5efac11a73c863e5264bff26&oe=5EDB277E",
                },
                Object {
                  "config_height": 640,
                  "config_width": 640,
                  "src": "https://scontent-lax3-2.cdninstagram.com/v/t51.2885-15/e15/c44.0.992.992a/s640x640/82414866_2669343959810615_2200186021460280897_n.jpg?_nc_ht=scontent-lax3-2.cdninstagram.com&_nc_cat=111&_nc_ohc=Dp1LlQDELdkAX-8QNXA&oh=020897c9158f70b58631f519d21cb23f&oe=5EBDFE82",
                },
              ],
              "thumbnail_src": "https://scontent-lax3-2.cdninstagram.com/v/t51.2885-15/e15/c44.0.992.992a/s640x640/82414866_2669343959810615_2200186021460280897_n.jpg?_nc_ht=scontent-lax3-2.cdninstagram.com&_nc_cat=111&_nc_ohc=Dp1LlQDELdkAX-8QNXA&oh=020897c9158f70b58631f519d21cb23f&oe=5EBDFE82",
            },
          },
          Object {
            "node": Object {
              "__typename": "GraphImage",
              "accessibility_caption": "Image may contain: outdoor",
              "comments_disabled": false,
              "dimensions": Object {
                "height": 1080,
                "width": 1080,
              },
              "display_url": "https://scontent-lax3-2.cdninstagram.com/v/t51.2885-15/fr/e15/s1080x1080/81642497_272446373715906_1198702293418220160_n.jpg?_nc_ht=scontent-lax3-2.cdninstagram.com&_nc_cat=106&_nc_ohc=p2ZUPKQn4YUAX9dGC16&oh=541dbcc32c5f5ee6c385fea4ccdde17b&oe=5EBD6DA9",
              "edge_liked_by": Object {
                "count": 19,
              },
              "edge_media_preview_like": Object {
                "count": 19,
              },
              "edge_media_to_caption": Object {
                "edges": Array [
                  Object {
                    "node": Object {
                      "text": "Name a better snack 
I dare you 😘
. 
#waltdisney #disney #disneyaddict #disneySnack #magicKingdom",
                    },
                  },
                ],
              },
              "edge_media_to_comment": Object {
                "count": 0,
              },
              "fact_check_information": null,
              "fact_check_overall_rating": null,
              "gating_info": null,
              "id": "2224076695401308352",
              "is_video": false,
              "location": null,
              "media_preview": "ACoqkLqWIQFSpKkH8uKYeaYLq3AMhJycAjndwOD6c9c/nUf26Hjk4PfHT610qS3e5i0+mxN90E+gpuKaJknVwhztH4dcE/Tpjv1qS3dFYl8EKcfkMChS1f8AW1wcdBuKTFSTToW+QA8fT9elA1FQMbRxRzoOVmTcR/KCoxg8/j0qjWuwkRvlXcBxnj09DVA2kqjJXj8P8a5rmxJZtjIHX+n/AOun+YSenT+fc1UXKng4PersaE8hWHGQR6+1J+YiPep4buOQOmakEqgYyfzFIbdy3IbA6ZH+GaTyT/cb8v8A61GjA20hXuuPx/wNVZFWMlVwzvj8Pp7n07VpHp+FY0f+vH/Av5UFomtgj9eSTjnjp2/wq55Ke4/GqUHJ/wC2g/lWiaAZD5Hoxx6U7yh6t+f/ANan0UCP/9k=",
              "owner": Object {
                "id": "21687057195",
                "username": "ferrytalecreative",
              },
              "shortcode": "B7dgfiGnqDA",
              "taken_at_timestamp": 1579350626,
              "thumbnail_resources": Array [
                Object {
                  "config_height": 150,
                  "config_width": 150,
                  "src": "https://scontent-lax3-2.cdninstagram.com/v/t51.2885-15/e15/s150x150/81642497_272446373715906_1198702293418220160_n.jpg?_nc_ht=scontent-lax3-2.cdninstagram.com&_nc_cat=106&_nc_ohc=p2ZUPKQn4YUAX9dGC16&oh=6e0ff997ef30c1fcc17e72b1c22dd10c&oe=5ED0CD15",
                },
                Object {
                  "config_height": 240,
                  "config_width": 240,
                  "src": "https://scontent-lax3-2.cdninstagram.com/v/t51.2885-15/e15/s240x240/81642497_272446373715906_1198702293418220160_n.jpg?_nc_ht=scontent-lax3-2.cdninstagram.com&_nc_cat=106&_nc_ohc=p2ZUPKQn4YUAX9dGC16&oh=94ddb6cb5d9410a0799d50bf745f585d&oe=5EC1505F",
                },
                Object {
                  "config_height": 320,
                  "config_width": 320,
                  "src": "https://scontent-lax3-2.cdninstagram.com/v/t51.2885-15/e15/s320x320/81642497_272446373715906_1198702293418220160_n.jpg?_nc_ht=scontent-lax3-2.cdninstagram.com&_nc_cat=106&_nc_ohc=p2ZUPKQn4YUAX9dGC16&oh=e8e5fd83ba5afa34f02109a0d6a509e3&oe=5ED537E5",
                },
                Object {
                  "config_height": 480,
                  "config_width": 480,
                  "src": "https://scontent-lax3-2.cdninstagram.com/v/t51.2885-15/e15/s480x480/81642497_272446373715906_1198702293418220160_n.jpg?_nc_ht=scontent-lax3-2.cdninstagram.com&_nc_cat=106&_nc_ohc=p2ZUPKQn4YUAX9dGC16&oh=c2a4de6a0a15eff582994184d32ca7a4&oe=5EC4A0BF",
                },
                Object {
                  "config_height": 640,
                  "config_width": 640,
                  "src": "https://scontent-lax3-2.cdninstagram.com/v/t51.2885-15/sh0.08/e35/s640x640/81642497_272446373715906_1198702293418220160_n.jpg?_nc_ht=scontent-lax3-2.cdninstagram.com&_nc_cat=106&_nc_ohc=p2ZUPKQn4YUAX9dGC16&oh=b8bfdb77f76353b1192b81ca6834297f&oe=5ECFFC13",
                },
              ],
              "thumbnail_src": "https://scontent-lax3-2.cdninstagram.com/v/t51.2885-15/sh0.08/e35/s640x640/81642497_272446373715906_1198702293418220160_n.jpg?_nc_ht=scontent-lax3-2.cdninstagram.com&_nc_cat=106&_nc_ohc=p2ZUPKQn4YUAX9dGC16&oh=b8bfdb77f76353b1192b81ca6834297f&oe=5ECFFC13",
            },
          },
        ],
        "page_info": Object {
          "end_cursor": "[SANITIZED]",
          "has_next_page": true,
        },
      },
      "edge_saved_media": Object {
        "count": 0,
        "edges": Array [],
        "page_info": Object {
          "end_cursor": null,
          "has_next_page": false,
        },
      },
      "external_url": "https://www.etsy.com/shop/FerryTaleCreative",
      "external_url_linkshimmed": "[SANITIZED]",
      "followed_by_viewer": false,
      "follows_viewer": false,
      "full_name": "✨ Ferry Tale Creative ✨",
      "has_blocked_viewer": false,
      "has_channel": false,
      "has_requested_viewer": false,
      "highlight_reel_count": 3,
      "id": "21687057195",
      "is_business_account": true,
      "is_joined_recently": false,
      "is_private": false,
      "is_verified": false,
      "profile_pic_url": "https://scontent-lax3-2.cdninstagram.com/v/t51.2885-19/s150x150/73206448_802495700220354_7567181674845306880_n.jpg?_nc_ht=scontent-lax3-2.cdninstagram.com&_nc_ohc=EvsKdXQWOJoAX_ye9CP&oh=a97c766732ccb5b4786843681c4e3842&oe=5ED09113",
      "profile_pic_url_hd": "https://scontent-lax3-2.cdninstagram.com/v/t51.2885-19/s320x320/73206448_802495700220354_7567181674845306880_n.jpg?_nc_ht=scontent-lax3-2.cdninstagram.com&_nc_ohc=EvsKdXQWOJoAX_ye9CP&oh=4208821c672238a7b1325aae94ff84a1&oe=5ECE45E3",
      "requested_by_viewer": false,
      "username": "ferrytalecreative",
    },
  },
  "logging_page_id": "profilePage_21687057195",
  "show_follow_dialog": false,
  "show_suggested_profiles": false,
  "toast_content_on_load": null,
}
`;
