// Jest Snapshot v1, https://goo.gl/fbAQLP

exports[`API call 1`] = `
Response {
  "_bodyBlob": Blob {},
  "_bodyInit": Blob {},
  "headers": Headers {
    "map": Object {
      "cache-control": "private, no-cache, no-store, must-revalidate",
      "content-language": "en",
      "content-type": "application/json; charset=utf-8",
      "expires": "Sat, 01 Jan 2000 00:00:00 GMT",
      "pragma": "no-cache",
    },
  },
  "ok": true,
  "status": 200,
  "statusText": "OK",
  "type": "default",
  "url": "https://www.instagram.com/ferrytalecreative/?__a=1",
}
`;

exports[`API call 2`] = `
Object {
  "graphql": Object {
    "user": Object {
      "biography": "[SANITIZED]",
      "blocked_by_viewer": false,
      "business_category_name": "Personal Goods & General Merchandise Stores",
      "connected_fb_page": null,
      "country_block": false,
      "edge_felix_video_timeline": Object {
        "count": 0,
        "edges": Array [],
        "page_info": Object {
          "end_cursor": null,
          "has_next_page": false,
        },
      },
      "edge_follow": Object {
        "count": 202,
      },
      "edge_followed_by": Object {
        "count": 170,
      },
      "edge_media_collections": Object {
        "count": 0,
        "edges": Array [],
        "page_info": Object {
          "end_cursor": null,
          "has_next_page": false,
        },
      },
      "edge_mutual_followed_by": Object {
        "count": 0,
        "edges": Array [],
      },
      "edge_owner_to_timeline_media": Object {
        "count": 104,
        "edges": Array [
          Object {
            "node": Object {
              "__typename": "GraphImage",
              "accessibility_caption": "Image may contain: indoor",
              "comments_disabled": false,
              "dimensions": Object {
                "height": 810,
                "width": 1080,
              },
              "display_url": "https://scontent-lax3-1.cdninstagram.com/v/t51.2885-15/fr/e15/s1080x1080/78776330_151657656131777_1273805306692380964_n.jpg?_nc_ht=scontent-lax3-1.cdninstagram.com&_nc_cat=105&_nc_ohc=t6vekKeINksAX_uATzL&oh=d3fd148e76dd66af1574584011ef17b3&oe=5EAA03FC",
              "edge_liked_by": Object {
                "count": 26,
              },
              "edge_media_preview_like": Object {
                "count": 26,
              },
              "edge_media_to_caption": Object {
                "edges": Array [
                  Object {
                    "node": Object {
                      "text": "\\"What would my family say if I hung this over my fireplace?\\" .
.
I've spent so much time worrying what other people think.  I am just now starting to learn to LET THAT GO.  It's so hard because it's so ingrained but .. if there is no one else in the world like me well then no one else is going to like all the same things I like! So why am I wasting my energy worrying about it? .
.
I don't want to negatively impact anyone else but .. for example, hanging a massive #Disneyland D over my fireplace isn't hurting anyone else, my friends might think it's a bit much but that's ok! They still love me and they still have fun at my house and I still love them and I love any and all of my hodge podge Disney decor!
((this was just an example .. but the more we talk the more I really do want that... haha))
.
.
#disneyLife #DisneyDecor #Motivation #PixieDust #downtownDisney",
                    },
                  },
                ],
              },
              "edge_media_to_comment": Object {
                "count": 5,
              },
              "fact_check_information": null,
              "fact_check_overall_rating": null,
              "gating_info": null,
              "id": "2202288628330272926",
              "is_video": false,
              "location": Object {
                "has_public_page": true,
                "id": "212927693",
                "name": "Downtown Disney District",
                "slug": "downtown-disney-district",
              },
              "media_preview": "ACoffipYkG4dqaKmj4IoGTxk7sH8PamSDk04H5s9s1H5gcnH+Qen51DKRXlTg1U21oNzxVQ0gJAwx9Kb9oUHhwPoAf6GqzybOSM7hj8OlMBAGcfqf8a0JNISmTClgQecAYz9fb271WEoWZsnAI/lUAnZcFQOBgVGzb8lgMsP1NSMS7nDnKHgcZFPS7XaN3XAz9azX44+tMyabQuY/9k=",
              "owner": Object {
                "id": "21687057195",
                "username": "ferrytalecreative",
              },
              "shortcode": "B6QGdbYghie",
              "taken_at_timestamp": 1576753284,
              "thumbnail_resources": Array [
                Object {
                  "config_height": 150,
                  "config_width": 150,
                  "src": "https://scontent-lax3-1.cdninstagram.com/v/t51.2885-15/e15/c135.0.810.810a/s150x150/78776330_151657656131777_1273805306692380964_n.jpg?_nc_ht=scontent-lax3-1.cdninstagram.com&_nc_cat=105&_nc_ohc=t6vekKeINksAX_uATzL&oh=2c8ca2d59517b521824009688a2c6a79&oe=5EB3E363",
                },
                Object {
                  "config_height": 240,
                  "config_width": 240,
                  "src": "https://scontent-lax3-1.cdninstagram.com/v/t51.2885-15/e15/c135.0.810.810a/s240x240/78776330_151657656131777_1273805306692380964_n.jpg?_nc_ht=scontent-lax3-1.cdninstagram.com&_nc_cat=105&_nc_ohc=t6vekKeINksAX_uATzL&oh=1f8fff89f44548db4eb968821635f31d&oe=5E913E29",
                },
                Object {
                  "config_height": 320,
                  "config_width": 320,
                  "src": "https://scontent-lax3-1.cdninstagram.com/v/t51.2885-15/e15/c135.0.810.810a/s320x320/78776330_151657656131777_1273805306692380964_n.jpg?_nc_ht=scontent-lax3-1.cdninstagram.com&_nc_cat=105&_nc_ohc=t6vekKeINksAX_uATzL&oh=ef768752bdd485d3c73adb6e93a6b21d&oe=5E73FB93",
                },
                Object {
                  "config_height": 480,
                  "config_width": 480,
                  "src": "https://scontent-lax3-1.cdninstagram.com/v/t51.2885-15/e15/c135.0.810.810a/s480x480/78776330_151657656131777_1273805306692380964_n.jpg?_nc_ht=scontent-lax3-1.cdninstagram.com&_nc_cat=105&_nc_ohc=t6vekKeINksAX_uATzL&oh=80eceb0acd1dffa8fcee6692a56ef1bd&oe=5E7933C9",
                },
                Object {
                  "config_height": 640,
                  "config_width": 640,
                  "src": "https://scontent-lax3-1.cdninstagram.com/v/t51.2885-15/e15/c135.0.810.810a/s640x640/78776330_151657656131777_1273805306692380964_n.jpg?_nc_ht=scontent-lax3-1.cdninstagram.com&_nc_cat=105&_nc_ohc=t6vekKeINksAX_uATzL&oh=5ec7850916c72685aac28634cb46df95&oe=5EA879FC",
                },
              ],
              "thumbnail_src": "https://scontent-lax3-1.cdninstagram.com/v/t51.2885-15/e15/c135.0.810.810a/s640x640/78776330_151657656131777_1273805306692380964_n.jpg?_nc_ht=scontent-lax3-1.cdninstagram.com&_nc_cat=105&_nc_ohc=t6vekKeINksAX_uATzL&oh=5ec7850916c72685aac28634cb46df95&oe=5EA879FC",
            },
          },
          Object {
            "node": Object {
              "__typename": "GraphVideo",
              "comments_disabled": false,
              "dimensions": Object {
                "height": 422,
                "width": 750,
              },
              "display_url": "https://scontent-lax3-1.cdninstagram.com/v/t51.2885-15/e35/80099278_567526504045138_3763954991539593391_n.jpg?_nc_ht=scontent-lax3-1.cdninstagram.com&_nc_cat=110&_nc_ohc=xxYQpbwIN6cAX-vLyxx&oh=e4bc92896421d51410bbef3fec5e8653&oe=5DFF13DB",
              "edge_liked_by": Object {
                "count": 18,
              },
              "edge_media_preview_like": Object {
                "count": 18,
              },
              "edge_media_to_caption": Object {
                "edges": Array [
                  Object {
                    "node": Object {
                      "text": "the most magical
.
.
How does #disney do it? 
Y'all I am TOTALLY ruined for zoos. I'm not even kidding. I decided to become a volunteer at a zoo near me. I went through all the training and even paid for the clothes I'd need. One day they took us on a tour of the zoo and I quit that day. The habitats were small, it was dirty, and the people could throw stuff at the animals. Kids were throwing nuts and crackers at the gorillas and red pandas!! I was so disgusted and heart broken I told them I couldn't be a part of it. .
.
#AnimalKingdom has done this super cool thing where guests can feel immersed in new places and get incredible experiences with these amazing animals while fully maintaining the animals happiness and safety. .
.
I know not all zoos are bad and many are doing work that's just as fine as #DAK 
I just hope people realize it's our job and privilege to be kind to and take care of the animals on this planet. ✨💚✨
.
.
#instadisney #disneylife #disnerd
#disneypics #disneyig #disneyresort #minnieears #disneyigers",
                    },
                  },
                ],
              },
              "edge_media_to_comment": Object {
                "count": 0,
              },
              "fact_check_information": null,
              "fact_check_overall_rating": null,
              "felix_profile_grid_crop": null,
              "gating_info": null,
              "id": "2201582146391390984",
              "is_video": true,
              "location": Object {
                "has_public_page": true,
                "id": "2999359",
                "name": "Disney's Animal Kingdom",
                "slug": "disneys-animal-kingdom",
              },
              "media_preview": "ACoXnvZDEox3PWsyVwpDZJPv3rZkuYz8rDd65xx71VuVSTaijaisASeCMjr7DA6nrTk1LW5mk9rGaZOflGSfyx3/AFq0JXUj5ScjPoMdM/QfSpFa2ibPLEexOfT/AD0xVV7hZ/l2hGxhjz+AGe3rUruU10G/apCoQEcDkgEk/U0hkXvn/P4VHFIU+7kkZ6dPxqPLf3W/Km3fuFjXjXeNxGCed2fTnGPQ/TPQ0W64fpuVMnB9Tgc+uPp19qKK0nFR0QRblq/QgclZcRjG1sbieu4jP0C9AMd6fNEeJVUptdlI3ZBx1Ydx9KKKxfc1S5lZ7XsMaPzJAezZyPf1/wA881UZMEjPQ0UVfX5Inof/2Q==",
              "owner": Object {
                "id": "21687057195",
                "username": "ferrytalecreative",
              },
              "shortcode": "B6Nl0wzgDsI",
              "taken_at_timestamp": 1576669086,
              "thumbnail_resources": Array [
                Object {
                  "config_height": 150,
                  "config_width": 150,
                  "src": "https://scontent-lax3-1.cdninstagram.com/v/t51.2885-15/e35/c157.0.406.406a/s150x150/80099278_567526504045138_3763954991539593391_n.jpg?_nc_ht=scontent-lax3-1.cdninstagram.com&_nc_cat=110&_nc_ohc=xxYQpbwIN6cAX-vLyxx&oh=ed5080e401b304b5f96874f80eb0fe80&oe=5DFF2C19",
                },
                Object {
                  "config_height": 240,
                  "config_width": 240,
                  "src": "https://scontent-lax3-1.cdninstagram.com/v/t51.2885-15/e35/c157.0.406.406a/s240x240/80099278_567526504045138_3763954991539593391_n.jpg?_nc_ht=scontent-lax3-1.cdninstagram.com&_nc_cat=110&_nc_ohc=xxYQpbwIN6cAX-vLyxx&oh=57b908acbf99c727f53cd9709b63a24c&oe=5DFE61D3",
                },
                Object {
                  "config_height": 320,
                  "config_width": 320,
                  "src": "https://scontent-lax3-1.cdninstagram.com/v/t51.2885-15/e35/c157.0.406.406a/s320x320/80099278_567526504045138_3763954991539593391_n.jpg?_nc_ht=scontent-lax3-1.cdninstagram.com&_nc_cat=110&_nc_ohc=xxYQpbwIN6cAX-vLyxx&oh=25b8ce6ebaf38f95f89157595ab8ea51&oe=5DFEE7A9",
                },
                Object {
                  "config_height": 480,
                  "config_width": 480,
                  "src": "https://scontent-lax3-1.cdninstagram.com/v/t51.2885-15/e35/c157.0.406.406a/80099278_567526504045138_3763954991539593391_n.jpg?_nc_ht=scontent-lax3-1.cdninstagram.com&_nc_cat=110&_nc_ohc=xxYQpbwIN6cAX-vLyxx&oh=f00f991e94f050965fb3aed5658c2f20&oe=5DFE567C",
                },
                Object {
                  "config_height": 640,
                  "config_width": 640,
                  "src": "https://scontent-lax3-1.cdninstagram.com/v/t51.2885-15/e35/c157.0.406.406a/80099278_567526504045138_3763954991539593391_n.jpg?_nc_ht=scontent-lax3-1.cdninstagram.com&_nc_cat=110&_nc_ohc=xxYQpbwIN6cAX-vLyxx&oh=f00f991e94f050965fb3aed5658c2f20&oe=5DFE567C",
                },
              ],
              "thumbnail_src": "https://scontent-lax3-1.cdninstagram.com/v/t51.2885-15/e35/c157.0.406.406a/80099278_567526504045138_3763954991539593391_n.jpg?_nc_ht=scontent-lax3-1.cdninstagram.com&_nc_cat=110&_nc_ohc=xxYQpbwIN6cAX-vLyxx&oh=f00f991e94f050965fb3aed5658c2f20&oe=5DFE567C",
              "video_view_count": 31,
            },
          },
          Object {
            "node": Object {
              "__typename": "GraphImage",
              "accessibility_caption": "No photo description available.",
              "comments_disabled": false,
              "dimensions": Object {
                "height": 1205,
                "width": 1080,
              },
              "display_url": "https://scontent-lax3-1.cdninstagram.com/v/t51.2885-15/fr/e15/p1080x1080/79008720_1443522232477124_3915317257760231701_n.jpg?_nc_ht=scontent-lax3-1.cdninstagram.com&_nc_cat=108&_nc_ohc=qpYiCuOqBeQAX84i6OW&oh=d8784deac5c248643b12adb39e671f4d&oe=5E8E8FC6",
              "edge_liked_by": Object {
                "count": 11,
              },
              "edge_media_preview_like": Object {
                "count": 11,
              },
              "edge_media_to_caption": Object {
                "edges": Array [
                  Object {
                    "node": Object {
                      "text": "Feeling #Merry & #Bright .
.
Can y'all tell this #southernGirl is loving her #monogram ear <3
.
.
#custom #disneyGirl #disneyland #DisneyInsta",
                    },
                  },
                ],
              },
              "edge_media_to_comment": Object {
                "count": 2,
              },
              "fact_check_information": null,
              "fact_check_overall_rating": null,
              "gating_info": null,
              "id": "2201007113260909098",
              "is_video": false,
              "location": Object {
                "has_public_page": true,
                "id": "1067278",
                "name": "Disneyland Hotel",
                "slug": "disneyland-hotel",
              },
              "media_preview": "ACYqrPm2kG0neg+YEcA9x9Md6l8+J0IlyGYklUHXPIJ9gegNOmWTzGQHa8n+s4+VQenPPXuajSX7ESuFYoeD1yTxyfp27V0b6/1/w3Yq/wBw1buKMhduVUYyRgnPc49O1CBZW8x/njiCjA6kHOfwFSTOgUAYYMdxbHJ7kZ6D0AHQVI/lXKlox5Lgck8K3+yfXI5/xqeuz10FdWvvYyZ3VnJjGEzwPailmKSNuRdgwAV9+9FVa2gr3L0F0UZpmOWLfd7EY7+mO1SIzSuGdf3fm8joAxHAPf0qncBYpGA4B5GORyOnPoe9SysJNpVSfUD+L/ab3/z0pvoO3X5Elw6rIUZSoUHKg5G7tj29SffjNRpAXGScLgn6n2HvxzVdEBJyw64Hf8fpn69M1ODKsZBbZzhVx1zwSPQYA9z1pPsiGml7v/A+ZTXLHjuM/lxRU0Vw1s58rDADbkjOeck/nRU8z6L8TRWtruSyw7jgHnrk9h/hVQhj8owPfJrSl7n6VWwM/iP607lNdSPbtTHoP1qLdM4JGcDqanP3TUpJEJxxz/SktWKWiv6GcCF49KKIgDnNFBmf/9k=",
              "owner": Object {
                "id": "21687057195",
                "username": "ferrytalecreative",
              },
              "shortcode": "B6LjE7eBkIq",
              "taken_at_timestamp": 1576600515,
              "thumbnail_resources": Array [
                Object {
                  "config_height": 150,
                  "config_width": 150,
                  "src": "https://scontent-lax3-1.cdninstagram.com/v/t51.2885-15/e15/c0.62.1080.1080a/s150x150/79008720_1443522232477124_3915317257760231701_n.jpg?_nc_ht=scontent-lax3-1.cdninstagram.com&_nc_cat=108&_nc_ohc=qpYiCuOqBeQAX84i6OW&oh=19666fbdf370d1be72583cd78dfe1a71&oe=5E8F5B72",
                },
                Object {
                  "config_height": 240,
                  "config_width": 240,
                  "src": "https://scontent-lax3-1.cdninstagram.com/v/t51.2885-15/e15/c0.62.1080.1080a/s240x240/79008720_1443522232477124_3915317257760231701_n.jpg?_nc_ht=scontent-lax3-1.cdninstagram.com&_nc_cat=108&_nc_ohc=qpYiCuOqBeQAX84i6OW&oh=24c2a00d98e2ba07ab2b6e9471eae4a8&oe=5E75C574",
                },
                Object {
                  "config_height": 320,
                  "config_width": 320,
                  "src": "https://scontent-lax3-1.cdninstagram.com/v/t51.2885-15/e15/c0.62.1080.1080a/s320x320/79008720_1443522232477124_3915317257760231701_n.jpg?_nc_ht=scontent-lax3-1.cdninstagram.com&_nc_cat=108&_nc_ohc=qpYiCuOqBeQAX84i6OW&oh=44c8f842cca16cd1286eee3faa826cf2&oe=5E8E850A",
                },
                Object {
                  "config_height": 480,
                  "config_width": 480,
                  "src": "https://scontent-lax3-1.cdninstagram.com/v/t51.2885-15/e15/c0.62.1080.1080a/s480x480/79008720_1443522232477124_3915317257760231701_n.jpg?_nc_ht=scontent-lax3-1.cdninstagram.com&_nc_cat=108&_nc_ohc=qpYiCuOqBeQAX84i6OW&oh=df90630d7bc28d4c882f9a17a43e9af3&oe=5E90034D",
                },
                Object {
                  "config_height": 640,
                  "config_width": 640,
                  "src": "https://scontent-lax3-1.cdninstagram.com/v/t51.2885-15/sh0.08/e35/c0.62.1080.1080a/s640x640/79008720_1443522232477124_3915317257760231701_n.jpg?_nc_ht=scontent-lax3-1.cdninstagram.com&_nc_cat=108&_nc_ohc=qpYiCuOqBeQAX84i6OW&oh=ef0b25528c3d19eb640a2ce047ada15c&oe=5E9919CF",
                },
              ],
              "thumbnail_src": "https://scontent-lax3-1.cdninstagram.com/v/t51.2885-15/sh0.08/e35/c0.62.1080.1080a/s640x640/79008720_1443522232477124_3915317257760231701_n.jpg?_nc_ht=scontent-lax3-1.cdninstagram.com&_nc_cat=108&_nc_ohc=qpYiCuOqBeQAX84i6OW&oh=ef0b25528c3d19eb640a2ce047ada15c&oe=5E9919CF",
            },
          },
          Object {
            "node": Object {
              "__typename": "GraphImage",
              "accessibility_caption": "Image may contain: one or more people and outdoor",
              "comments_disabled": false,
              "dimensions": Object {
                "height": 1031,
                "width": 1080,
              },
              "display_url": "https://scontent-lax3-1.cdninstagram.com/v/t51.2885-15/fr/e15/s1080x1080/75564119_492287501636748_1672326701112392752_n.jpg?_nc_ht=scontent-lax3-1.cdninstagram.com&_nc_cat=100&_nc_ohc=HFsRz5CvEXQAX90zeBR&oh=3ae35295e199e1694c96985646263ab2&oe=5E7F33FF",
              "edge_liked_by": Object {
                "count": 23,
              },
              "edge_media_preview_like": Object {
                "count": 23,
              },
              "edge_media_to_caption": Object {
                "edges": Array [
                  Object {
                    "node": Object {
                      "text": "#MCM do people still do these things? I don't even care.  I've known this guy for over 15 years and he is just easily the best person on the planet.  And hands down the coolest person to explore with.
.
.
He is always so open to adventures and has such an easy breezy approach to so much. He definitely balances out my rigid self! .
.
#Wdwbestdayever
#magickingdom
#waltdisneyworld
#disneygram
#disneydad
#waltdisney
#disneyfamily
#disneyparks 
#mickeymouse",
                    },
                  },
                ],
              },
              "edge_media_to_comment": Object {
                "count": 0,
              },
              "fact_check_information": null,
              "fact_check_overall_rating": null,
              "gating_info": null,
              "id": "2200114218972090690",
              "is_video": false,
              "location": Object {
                "has_public_page": true,
                "id": "829745384073702",
                "name": "Batuu",
                "slug": "batuu",
              },
              "media_preview": "ACoomJyKepwciqgbJNEm7blTg9fyrN6stbFtLhJeVIIPTPB/I1Dd9VrPa2JO9Tu3dQOx9sdKslvM2gnLDIP1H/1qN9g23NmyH7kH1zVvFULRzGiqBuJXIHTueSewq35p7r+taJ2Rm0c5E2SfpT43DJtbmq8Dcn6VEGO9fTIOB19/8ms+rNOhoxEqp2jpz7dP88VCJSxB6bsf/WqXzAgPB5B6D1GKpM5XGeMYIP8ASrj3FJvY2YpihyOduRg+lTG5kPTGO3P/ANas0SgkOvdsEehI/rV7irsmZ3MO2PzH6VdWNR90fWiisHubLYlHDfUVRcYwp5zkfzoorSJDIHU253LkofvDrj/9VaK3y4H+FFFNuwkrn//Z",
              "owner": Object {
                "id": "21687057195",
                "username": "ferrytalecreative",
              },
              "shortcode": "B6IYDm3HhFC",
              "taken_at_timestamp": 1576494074,
              "thumbnail_resources": Array [
                Object {
                  "config_height": 150,
                  "config_width": 150,
                  "src": "https://scontent-lax3-1.cdninstagram.com/v/t51.2885-15/e15/c24.0.1031.1031a/s150x150/75564119_492287501636748_1672326701112392752_n.jpg?_nc_ht=scontent-lax3-1.cdninstagram.com&_nc_cat=100&_nc_ohc=HFsRz5CvEXQAX90zeBR&oh=9db87019f583b4d6aff3e6c60a65b645&oe=5E72FF4E",
                },
                Object {
                  "config_height": 240,
                  "config_width": 240,
                  "src": "https://scontent-lax3-1.cdninstagram.com/v/t51.2885-15/e15/c24.0.1031.1031a/s240x240/75564119_492287501636748_1672326701112392752_n.jpg?_nc_ht=scontent-lax3-1.cdninstagram.com&_nc_cat=100&_nc_ohc=HFsRz5CvEXQAX90zeBR&oh=5f58c1599926c735c9ae33a642395732&oe=5E777204",
                },
                Object {
                  "config_height": 320,
                  "config_width": 320,
                  "src": "https://scontent-lax3-1.cdninstagram.com/v/t51.2885-15/e15/c24.0.1031.1031a/s320x320/75564119_492287501636748_1672326701112392752_n.jpg?_nc_ht=scontent-lax3-1.cdninstagram.com&_nc_cat=100&_nc_ohc=HFsRz5CvEXQAX90zeBR&oh=a372501a3077aefb8239f2ba48a1ea39&oe=5E92ACBE",
                },
                Object {
                  "config_height": 480,
                  "config_width": 480,
                  "src": "https://scontent-lax3-1.cdninstagram.com/v/t51.2885-15/e15/c24.0.1031.1031a/s480x480/75564119_492287501636748_1672326701112392752_n.jpg?_nc_ht=scontent-lax3-1.cdninstagram.com&_nc_cat=100&_nc_ohc=HFsRz5CvEXQAX90zeBR&oh=9cfa0501ffe730f16f1979542c7de5c6&oe=5E7688E4",
                },
                Object {
                  "config_height": 640,
                  "config_width": 640,
                  "src": "https://scontent-lax3-1.cdninstagram.com/v/t51.2885-15/e15/c24.0.1031.1031a/s640x640/75564119_492287501636748_1672326701112392752_n.jpg?_nc_ht=scontent-lax3-1.cdninstagram.com&_nc_cat=100&_nc_ohc=HFsRz5CvEXQAX90zeBR&oh=9ffffb581c4da136b1e7597e21b0bb16&oe=5EB2E8D1",
                },
              ],
              "thumbnail_src": "https://scontent-lax3-1.cdninstagram.com/v/t51.2885-15/e15/c24.0.1031.1031a/s640x640/75564119_492287501636748_1672326701112392752_n.jpg?_nc_ht=scontent-lax3-1.cdninstagram.com&_nc_cat=100&_nc_ohc=HFsRz5CvEXQAX90zeBR&oh=9ffffb581c4da136b1e7597e21b0bb16&oe=5EB2E8D1",
            },
          },
          Object {
            "node": Object {
              "__typename": "GraphImage",
              "accessibility_caption": "Image may contain: possible text that says '\\"Life is so unnerving for a servant who's not serving\\" BE OUR GUEST ST'",
              "comments_disabled": false,
              "dimensions": Object {
                "height": 1080,
                "width": 1080,
              },
              "display_url": "https://scontent-lax3-1.cdninstagram.com/v/t51.2885-15/fr/e15/s1080x1080/79954548_2628988420521914_5794195673190388567_n.jpg?_nc_ht=scontent-lax3-1.cdninstagram.com&_nc_cat=102&_nc_ohc=OcEEZ9xAyRQAX9XODci&oh=f098bf3741d6cdd6bdbd314ce21d1b7c&oe=5E78423C",
              "edge_liked_by": Object {
                "count": 2,
              },
              "edge_media_preview_like": Object {
                "count": 2,
              },
              "edge_media_to_caption": Object {
                "edges": Array [
                  Object {
                    "node": Object {
                      "text": "Ok follow me here..
.
.
What does this even mean?
.
We were made to live in community around eachother. We crave connection, but more and more we are walling ourselves off. We shop online, we \\"connect\\" on social media, we text instead of talk, we stare at a screen and we take every chance we can to avoid human interaction (hello live chat customer service) .
But we were made to be around people and a big part of community is service.

Do you feel unnerved? Are you anxious, sad, lonely, or stressed? Do you know what makes all of that stop for a second? helping someone else. Their problem isn't more or less important that yours but if you're in a position to help someone else (take a meal, walk a dog, sit and talk, etc etc) you can't help but think about your thing less and their need more.  And you will always hear people say \\"I receive more from serving than I give\\" because there's a soul level reward and there's an easing of your strain when you put your effort and heart into turning outwards to give.
.
.
As an aside I'd love to add that giving financially is such a blessing to so many. Money makes other people's efforts go further for sure but there's a very real value and gift in you going yourself and being somewhere. I think of missionaries and over seas service trips for example and people always say wouldn't it be better to donate the money you spent on the trip? I think not. I think there is very deep soul level value to the other volunteers and workers as well as the people being helped. You took time and resources to stop your life to come help theirs. That speaks volumes to a lot of people. .
.
So who will you serve today? How do you serve? Brag on yourself it's ok!",
                    },
                  },
                ],
              },
              "edge_media_to_comment": Object {
                "count": 0,
              },
              "fact_check_information": null,
              "fact_check_overall_rating": null,
              "gating_info": null,
              "id": "2199441724913166849",
              "is_video": false,
              "location": null,
              "media_preview": "ACoq6EkjpRk+3501hzzj8aUBenFMQ4HPWlpAAOlLSGZs33z9ajqSb75+tR1utjM0m69vxpMjtjP0qWkwKxLAZ70tFFIZmzffP1qOrcluzMSCOab9lb1FbJoixcJxRmlorEsTn0o59KWigBKWiigD/9k=",
              "owner": Object {
                "id": "21687057195",
                "username": "ferrytalecreative",
              },
              "shortcode": "B6F_Jh9nyoB",
              "taken_at_timestamp": 1576413907,
              "thumbnail_resources": Array [
                Object {
                  "config_height": 150,
                  "config_width": 150,
                  "src": "https://scontent-lax3-1.cdninstagram.com/v/t51.2885-15/e15/s150x150/79954548_2628988420521914_5794195673190388567_n.jpg?_nc_ht=scontent-lax3-1.cdninstagram.com&_nc_cat=102&_nc_ohc=OcEEZ9xAyRQAX9XODci&oh=ac67563adf007c9e298101d603f566e8&oe=5E98E1C8",
                },
                Object {
                  "config_height": 240,
                  "config_width": 240,
                  "src": "https://scontent-lax3-1.cdninstagram.com/v/t51.2885-15/e15/s240x240/79954548_2628988420521914_5794195673190388567_n.jpg?_nc_ht=scontent-lax3-1.cdninstagram.com&_nc_cat=102&_nc_ohc=OcEEZ9xAyRQAX9XODci&oh=71563049a46443588573539b47cb0175&oe=5E914ECE",
                },
                Object {
                  "config_height": 320,
                  "config_width": 320,
                  "src": "https://scontent-lax3-1.cdninstagram.com/v/t51.2885-15/e15/s320x320/79954548_2628988420521914_5794195673190388567_n.jpg?_nc_ht=scontent-lax3-1.cdninstagram.com&_nc_cat=102&_nc_ohc=OcEEZ9xAyRQAX9XODci&oh=dd3fa8298a0514aa6d39cbf5b405d422&oe=5EB13EB0",
                },
                Object {
                  "config_height": 480,
                  "config_width": 480,
                  "src": "https://scontent-lax3-1.cdninstagram.com/v/t51.2885-15/e15/s480x480/79954548_2628988420521914_5794195673190388567_n.jpg?_nc_ht=scontent-lax3-1.cdninstagram.com&_nc_cat=102&_nc_ohc=OcEEZ9xAyRQAX9XODci&oh=4cf14babd4126386c68e7e35e13dee5c&oe=5E7BFFF7",
                },
                Object {
                  "config_height": 640,
                  "config_width": 640,
                  "src": "https://scontent-lax3-1.cdninstagram.com/v/t51.2885-15/sh0.08/e35/s640x640/79954548_2628988420521914_5794195673190388567_n.jpg?_nc_ht=scontent-lax3-1.cdninstagram.com&_nc_cat=102&_nc_ohc=OcEEZ9xAyRQAX9XODci&oh=abdb1a5d95b6d7e5e7b3448a0fd3b744&oe=5E7EDFF5",
                },
              ],
              "thumbnail_src": "https://scontent-lax3-1.cdninstagram.com/v/t51.2885-15/sh0.08/e35/s640x640/79954548_2628988420521914_5794195673190388567_n.jpg?_nc_ht=scontent-lax3-1.cdninstagram.com&_nc_cat=102&_nc_ohc=OcEEZ9xAyRQAX9XODci&oh=abdb1a5d95b6d7e5e7b3448a0fd3b744&oe=5E7EDFF5",
            },
          },
          Object {
            "node": Object {
              "__typename": "GraphImage",
              "accessibility_caption": "Image may contain: outdoor",
              "comments_disabled": false,
              "dimensions": Object {
                "height": 1080,
                "width": 1080,
              },
              "display_url": "https://scontent-lax3-1.cdninstagram.com/v/t51.2885-15/fr/e15/s1080x1080/75523289_452143548809925_7066911593515514730_n.jpg?_nc_ht=scontent-lax3-1.cdninstagram.com&_nc_cat=109&_nc_ohc=1K3MA0hiqQUAX_H2HpU&oh=cb1c9a10e589528696420e453f155855&oe=5EA8EDEF",
              "edge_liked_by": Object {
                "count": 28,
              },
              "edge_media_preview_like": Object {
                "count": 28,
              },
              "edge_media_to_caption": Object {
                "edges": Array [
                  Object {
                    "node": Object {
                      "text": "what will you stick your ears to?
.
.
we've had so much fun seeing what we can stick ours to while we are out and about in the parks.
.
.
This whole project has honestly been fun. It had some stressful moments of course, and hubs and I have really practiced communicating 😘 but really it's been cool! We've learned a lot of new things, we had fun creating and just trying stuff. It's been such an interesting experience to go through all of this together. 
What do you and your person do together? What are yalls experiments and adventures?
.
.
#disneyBound #waltdisneyworld #disneySprings #instaDisney #disneygirl #disneyMerch",
                    },
                  },
                ],
              },
              "edge_media_to_comment": Object {
                "count": 0,
              },
              "fact_check_information": null,
              "fact_check_overall_rating": null,
              "gating_info": null,
              "id": "2198669144776339468",
              "is_video": false,
              "location": Object {
                "has_public_page": true,
                "id": "455042644",
                "name": "Disney Springs",
                "slug": "disney-springs",
              },
              "media_preview": "ACoqhW4ITkbeOW5P0GOgY+5xmoZZ5WP7zDAddpA7Z/E4/wAKmWPy0BZihIznqrj7wHPAPYjjNOFu3CPtQ4L575PqO3JPftQIrh1HRsg9iKu2MymQLkEAH8/aqMcDFmQbTtbHI45/l7elW5CLbcRw7/KOMAcZP1GfSpsASanOrEDAHbjt+dKL+4Izlefas6NS745PBJx9ef51qrbMwBwORmrAjiuG2eSeCgwfUjsfoR/9eq24xtkZVemccAdSB+PT6mp/LEz7VIbB+9yMfTof8amECxt8pLEfd3HIB7/n+fpQISOIAFySN5Jxjn8f5/SknhaVQoOdhJAP8qmA9f8AP+RR147jkUhhBCIxuI+XBwTgnHUk46ZPbsBUwmUcDp9DTFywx1B5wfUj/GnjHv8AkKRRWiXYuBxnrUlN7UlMQuaUdadGMkZ9f6GkPU/Q/wAqAHIShGOQePy5/rTtrHnn/P40Q9/x/kKmJNIZ/9k=",
              "owner": Object {
                "id": "21687057195",
                "username": "ferrytalecreative",
              },
              "shortcode": "B6DPfApAXAM",
              "taken_at_timestamp": 1576321808,
              "thumbnail_resources": Array [
                Object {
                  "config_height": 150,
                  "config_width": 150,
                  "src": "https://scontent-lax3-1.cdninstagram.com/v/t51.2885-15/e15/s150x150/75523289_452143548809925_7066911593515514730_n.jpg?_nc_ht=scontent-lax3-1.cdninstagram.com&_nc_cat=109&_nc_ohc=1K3MA0hiqQUAX_H2HpU&oh=ea1cae19e9be4b43d65a5b016875b506&oe=5E8FD053",
                },
                Object {
                  "config_height": 240,
                  "config_width": 240,
                  "src": "https://scontent-lax3-1.cdninstagram.com/v/t51.2885-15/e15/s240x240/75523289_452143548809925_7066911593515514730_n.jpg?_nc_ht=scontent-lax3-1.cdninstagram.com&_nc_cat=109&_nc_ohc=1K3MA0hiqQUAX_H2HpU&oh=d91e2a1dd9e5eeeae126f56545633279&oe=5E7E9C19",
                },
                Object {
                  "config_height": 320,
                  "config_width": 320,
                  "src": "https://scontent-lax3-1.cdninstagram.com/v/t51.2885-15/e15/s320x320/75523289_452143548809925_7066911593515514730_n.jpg?_nc_ht=scontent-lax3-1.cdninstagram.com&_nc_cat=109&_nc_ohc=1K3MA0hiqQUAX_H2HpU&oh=9ffcee4c1428ab216f27b13dceeb161a&oe=5E7DEBA3",
                },
                Object {
                  "config_height": 480,
                  "config_width": 480,
                  "src": "https://scontent-lax3-1.cdninstagram.com/v/t51.2885-15/e15/s480x480/75523289_452143548809925_7066911593515514730_n.jpg?_nc_ht=scontent-lax3-1.cdninstagram.com&_nc_cat=109&_nc_ohc=1K3MA0hiqQUAX_H2HpU&oh=eb843db3f8a87c84cf53af1935d572cf&oe=5E8FC5F9",
                },
                Object {
                  "config_height": 640,
                  "config_width": 640,
                  "src": "https://scontent-lax3-1.cdninstagram.com/v/t51.2885-15/sh0.08/e35/s640x640/75523289_452143548809925_7066911593515514730_n.jpg?_nc_ht=scontent-lax3-1.cdninstagram.com&_nc_cat=109&_nc_ohc=1K3MA0hiqQUAX_H2HpU&oh=6547b8e8d8785c1ec24ab74fb1e928b9&oe=5E92FF55",
                },
              ],
              "thumbnail_src": "https://scontent-lax3-1.cdninstagram.com/v/t51.2885-15/sh0.08/e35/s640x640/75523289_452143548809925_7066911593515514730_n.jpg?_nc_ht=scontent-lax3-1.cdninstagram.com&_nc_cat=109&_nc_ohc=1K3MA0hiqQUAX_H2HpU&oh=6547b8e8d8785c1ec24ab74fb1e928b9&oe=5E92FF55",
            },
          },
          Object {
            "node": Object {
              "__typename": "GraphVideo",
              "comments_disabled": false,
              "dimensions": Object {
                "height": 937,
                "width": 750,
              },
              "display_url": "https://scontent-lax3-1.cdninstagram.com/v/t51.2885-15/e35/75397738_170466207531260_840071562086095969_n.jpg?_nc_ht=scontent-lax3-1.cdninstagram.com&_nc_cat=108&_nc_ohc=esI3FqVkJxEAX86jBZd&oh=f54e2b3904e996f1136ff27d2e10f75f&oe=5DFF1550",
              "edge_liked_by": Object {
                "count": 25,
              },
              "edge_media_preview_like": Object {
                "count": 25,
              },
              "edge_media_to_caption": Object {
                "edges": Array [
                  Object {
                    "node": Object {
                      "text": "Wait for it
.
.
Wait for it .
.
How you doin this Christmas?
((Ear link in bio!!))
.
.
Guys it's so fun doing pictures with this guy!! It really hurts my feelings when I hear women say my husband would never or your husband did what with you! Oo or the worst he let you do what.
Let? 
I'm on a roll now - I hear from older people all the time \\"wow you're so lucky he helps with the baby so much\\" um what!! .
.
Haha there's no luck in it - we've known each other for 13 years and coming up on 5 years married.  We had straight forward communication early on about expectations, plans, priorities and more. I knew from day one he'd be the person who would get in the trenches with me and participate in life together. .
.
We both take care of our house. We both take care of our kid. We both plan dates, trips, surprises and more for each other. We both give each other a break when we can. We are a team - a team of peculiar people who don't care to prioritize image or selfishness or anything else over each other ...
.
.
\\"Til death do us part\\" is a long dang time ... Choose wisely dears .
#disneycouple #disneylife #disneyParks #disneyChristmas #disneydad #disneyinsta",
                    },
                  },
                ],
              },
              "edge_media_to_comment": Object {
                "count": 5,
              },
              "fact_check_information": null,
              "fact_check_overall_rating": null,
              "felix_profile_grid_crop": null,
              "gating_info": null,
              "id": "2197239543369979498",
              "is_video": true,
              "location": Object {
                "has_public_page": true,
                "id": "212944517",
                "name": "Cars Land",
                "slug": "cars-land",
              },
              "media_preview": "ACEqjWNJAHwQzc8Dpmqj5Uhuuf6cH8qngn2phsDb0yecf15qO3CNgHG49c98+nH+TStds0bSSJmwnAGEPADde2f1pxiKyeWpDY5AHT6f4nrVeXf5m5VI24OPT6+5pZJnZgzjp0wB1/r7im03onZWf9fNii7O71d/+G+5FzKf3Yvzb/4qisvefX+VFYcsu/4F6f0ydLfzIw55POB0/wA/55qtuwAfw/z+dTi6J3Bh1BC9sf41BEyqwD8qc/rXTqtzLRtJfeWhMSM9T3x1P4/lUpXaCD0yCD1I9vrVeJVjyxG8E4Ap6l4l3sCEkPynrjH+cGi6e4neOsVr/X9fIt/aZPf/AL5X/Ciqnmn2/I0VHLHyL5n2/BlHNIecfWikzgj61oyFuWwAIvmyCTxyBj6/h2HeoN+4BTxjvz69/p7VO/MYzzyapjpWcV1NJPp5Gpk/89x+RorLorX3f5fxMLS/mf3L/I//2Q==",
              "owner": Object {
                "id": "21687057195",
                "username": "ferrytalecreative",
              },
              "shortcode": "B5-KbklAlZq",
              "taken_at_timestamp": 1576151401,
              "thumbnail_resources": Array [
                Object {
                  "config_height": 150,
                  "config_width": 150,
                  "src": "https://scontent-lax3-1.cdninstagram.com/v/t51.2885-15/e35/c0.90.720.720a/s150x150/75397738_170466207531260_840071562086095969_n.jpg?_nc_ht=scontent-lax3-1.cdninstagram.com&_nc_cat=108&_nc_ohc=esI3FqVkJxEAX86jBZd&oh=64c58e38af6ab076dfd0647038c0de49&oe=5DFEDFB3",
                },
                Object {
                  "config_height": 240,
                  "config_width": 240,
                  "src": "https://scontent-lax3-1.cdninstagram.com/v/t51.2885-15/e35/c0.90.720.720a/s240x240/75397738_170466207531260_840071562086095969_n.jpg?_nc_ht=scontent-lax3-1.cdninstagram.com&_nc_cat=108&_nc_ohc=esI3FqVkJxEAX86jBZd&oh=cb3e211c8b888d91a25a173052027659&oe=5DFF4686",
                },
                Object {
                  "config_height": 320,
                  "config_width": 320,
                  "src": "https://scontent-lax3-1.cdninstagram.com/v/t51.2885-15/e35/c0.90.720.720a/s320x320/75397738_170466207531260_840071562086095969_n.jpg?_nc_ht=scontent-lax3-1.cdninstagram.com&_nc_cat=108&_nc_ohc=esI3FqVkJxEAX86jBZd&oh=170ca9837f06154d931b6b13695581e1&oe=5DFE6A3E",
                },
                Object {
                  "config_height": 480,
                  "config_width": 480,
                  "src": "https://scontent-lax3-1.cdninstagram.com/v/t51.2885-15/e35/c0.90.720.720a/s480x480/75397738_170466207531260_840071562086095969_n.jpg?_nc_ht=scontent-lax3-1.cdninstagram.com&_nc_cat=108&_nc_ohc=esI3FqVkJxEAX86jBZd&oh=ae0b408d3b9cd59bb3789adacf13d279&oe=5DFEE9A2",
                },
                Object {
                  "config_height": 640,
                  "config_width": 640,
                  "src": "https://scontent-lax3-1.cdninstagram.com/v/t51.2885-15/sh0.08/e35/c0.90.720.720a/s640x640/75397738_170466207531260_840071562086095969_n.jpg?_nc_ht=scontent-lax3-1.cdninstagram.com&_nc_cat=108&_nc_ohc=esI3FqVkJxEAX86jBZd&oh=12f0c2219b6c716ab7fef34a83efb536&oe=5DFEF505",
                },
              ],
              "thumbnail_src": "https://scontent-lax3-1.cdninstagram.com/v/t51.2885-15/sh0.08/e35/c0.90.720.720a/s640x640/75397738_170466207531260_840071562086095969_n.jpg?_nc_ht=scontent-lax3-1.cdninstagram.com&_nc_cat=108&_nc_ohc=esI3FqVkJxEAX86jBZd&oh=12f0c2219b6c716ab7fef34a83efb536&oe=5DFEF505",
              "video_view_count": 48,
            },
          },
          Object {
            "node": Object {
              "__typename": "GraphImage",
              "accessibility_caption": "No photo description available.",
              "comments_disabled": false,
              "dimensions": Object {
                "height": 1080,
                "width": 1080,
              },
              "display_url": "https://scontent-lax3-1.cdninstagram.com/v/t51.2885-15/fr/e15/s1080x1080/75487933_2609864725759172_1187916892735810885_n.jpg?_nc_ht=scontent-lax3-1.cdninstagram.com&_nc_cat=108&_nc_ohc=am8yvk1GeXQAX-7cAv8&oh=432f36ffdb721f88d1eef281d5ceff05&oe=5E92D4AB",
              "edge_liked_by": Object {
                "count": 20,
              },
              "edge_media_preview_like": Object {
                "count": 20,
              },
              "edge_media_to_caption": Object {
                "edges": Array [
                  Object {
                    "node": Object {
                      "text": "Full disclosure: I don't like snow.  Yes yes it's pretty - from inside a warm house, wearing comfy sweats and dry socks, while holding a mug of something hot and delicious. .
.
Growing up in Atlanta afforded me very few encounters with snow but the off chance we got some slush the whole fam would suit up in leggings, jeans, turtle necks, our best winter coats and hats and for gloves we used socks and on our feet just tennis shoes. .
.
Not even five minutes in I was wet to my core and certain my fingers would fall off but my parents didn't want me to go in, strip down, and dry off just to realize I wanted to go right back out so we had to stay out and play and that's when I said heck no I don't like snow. (I also have amassed quite a lovely snow outfit over the years including some amazing winter boots because #Snowpocalypse #NeverForget ) .
.
all that to say I don't like snow BUT the holidays give me warm fuzzy feelings for the IDEA of snow and using snowflakes in my decorating and accessorizing. .
.
#disneyland #disneyChristmas #disneyGirl #disneyLifestyle #disneybound",
                    },
                  },
                ],
              },
              "edge_media_to_comment": Object {
                "count": 5,
              },
              "fact_check_information": null,
              "fact_check_overall_rating": null,
              "gating_info": null,
              "id": "2196520235108914398",
              "is_video": false,
              "location": Object {
                "has_public_page": true,
                "id": "397219850778919",
                "name": "Pixar Pier",
                "slug": "pixar-pier",
              },
              "media_preview": "ACoqyUi3de/QD/PFIYuwyD6HvVwRlGG7IAxk/hU8kasuI8nAHfg46H6mt/LQXff7jLjgaTJHAHUk4A/Gnm1cDIww9VOR+NavlbW7bduNvbnlj7nNBG0qEAAHBHTg4yfrWTZaRmNbchB1Jxk9Prj/AD2qNrZlJGRwcdanef5yiLvCnhgf8j9KaXcnJAz9TUXHY23J2klVx+PTvz+lRKx3kKoA7Ek/hWazsSPM5U4XGfzNSzuIlDRnkjP4dBWsfX+v62B221LjOVG58A+nfHqKqXs6AN5eeenHTPH6Dp9apvcNIxVzwDjPcZODg0+/AiO1TkYAz6gHg/Xipla9ut/loPTdbDEhVUyRzVfefU1NLIQMevr/AEP+NVM1mgZd3rjcTk579j9P8iq/mBeSdxAwPSkuOo+n9agPWtIvl2Wvch7i7ucnnvWvKwkh3f7IOff0rGq3Ccpg9M9Kzlrb1Lg915ERbIx6UzBp3c1LTJ3P/9k=",
              "owner": Object {
                "id": "21687057195",
                "username": "ferrytalecreative",
              },
              "shortcode": "B57m4Qjn9Te",
              "taken_at_timestamp": 1576065638,
              "thumbnail_resources": Array [
                Object {
                  "config_height": 150,
                  "config_width": 150,
                  "src": "https://scontent-lax3-1.cdninstagram.com/v/t51.2885-15/e15/s150x150/75487933_2609864725759172_1187916892735810885_n.jpg?_nc_ht=scontent-lax3-1.cdninstagram.com&_nc_cat=108&_nc_ohc=am8yvk1GeXQAX-7cAv8&oh=484fbe8210817ff205c91356ad6294d5&oe=5E98DC5F",
                },
                Object {
                  "config_height": 240,
                  "config_width": 240,
                  "src": "https://scontent-lax3-1.cdninstagram.com/v/t51.2885-15/e15/s240x240/75487933_2609864725759172_1187916892735810885_n.jpg?_nc_ht=scontent-lax3-1.cdninstagram.com&_nc_cat=108&_nc_ohc=am8yvk1GeXQAX-7cAv8&oh=ce6f7b172c63ae5770ff645293d0cb21&oe=5E91DF59",
                },
                Object {
                  "config_height": 320,
                  "config_width": 320,
                  "src": "https://scontent-lax3-1.cdninstagram.com/v/t51.2885-15/e15/s320x320/75487933_2609864725759172_1187916892735810885_n.jpg?_nc_ht=scontent-lax3-1.cdninstagram.com&_nc_cat=108&_nc_ohc=am8yvk1GeXQAX-7cAv8&oh=69c33aaebbb73ef081d26828a18b369c&oe=5E91B827",
                },
                Object {
                  "config_height": 480,
                  "config_width": 480,
                  "src": "https://scontent-lax3-1.cdninstagram.com/v/t51.2885-15/e15/s480x480/75487933_2609864725759172_1187916892735810885_n.jpg?_nc_ht=scontent-lax3-1.cdninstagram.com&_nc_cat=108&_nc_ohc=am8yvk1GeXQAX-7cAv8&oh=21915065e481fb20e39a45a1ee4fb42f&oe=5E7D4460",
                },
                Object {
                  "config_height": 640,
                  "config_width": 640,
                  "src": "https://scontent-lax3-1.cdninstagram.com/v/t51.2885-15/sh0.08/e35/s640x640/75487933_2609864725759172_1187916892735810885_n.jpg?_nc_ht=scontent-lax3-1.cdninstagram.com&_nc_cat=108&_nc_ohc=am8yvk1GeXQAX-7cAv8&oh=ae93d62b2cda1d732e7a3aab6839bfc2&oe=5E8E4C62",
                },
              ],
              "thumbnail_src": "https://scontent-lax3-1.cdninstagram.com/v/t51.2885-15/sh0.08/e35/s640x640/75487933_2609864725759172_1187916892735810885_n.jpg?_nc_ht=scontent-lax3-1.cdninstagram.com&_nc_cat=108&_nc_ohc=am8yvk1GeXQAX-7cAv8&oh=ae93d62b2cda1d732e7a3aab6839bfc2&oe=5E8E4C62",
            },
          },
          Object {
            "node": Object {
              "__typename": "GraphImage",
              "accessibility_caption": "No photo description available.",
              "comments_disabled": false,
              "dimensions": Object {
                "height": 1080,
                "width": 1080,
              },
              "display_url": "https://scontent-lax3-1.cdninstagram.com/v/t51.2885-15/e35/80055641_438897707001015_5160973017149832554_n.jpg?_nc_ht=scontent-lax3-1.cdninstagram.com&_nc_cat=103&_nc_ohc=ocFmi1qqh1wAX91cedQ&oh=58cf9880cb5de4c06fa1010dd7a451de&oe=5E777E1D",
              "edge_liked_by": Object {
                "count": 7,
              },
              "edge_media_preview_like": Object {
                "count": 7,
              },
              "edge_media_to_caption": Object {
                "edges": Array [
                  Object {
                    "node": Object {
                      "text": "I know people tend to scroll past quotes and graphics ((guilty)) But I needed to hear this today and I'm so lucky someone said it to me.
.
.
What is precious? 
of great value; not to be wasted or treated carelessly
.
.
You are of great value
You are not to be wasted 
You are not to be treated carelessly
.
.
Isn't this why we love Disney? CMs treat you like royalty. Families slow down and look each other in the eyes. Every movie loops us in and makes us get all the feels. .
.
I hope today you feel Precious cause you are 💚✨💚✨",
                    },
                  },
                ],
              },
              "edge_media_to_comment": Object {
                "count": 0,
              },
              "fact_check_information": null,
              "fact_check_overall_rating": null,
              "gating_info": null,
              "id": "2196125069233801246",
              "is_video": false,
              "location": null,
              "media_preview": "ACoqt3FxIsjAMQAeBUP2mX+8aLn/AFrfWoawbPUjFWWi2XRdib7TL/eNH2mX+8ahopXZXLHsvuRMbmX+8a30OVBPoK5k10sf3R9B/KtInLXSSVklv+hg3P8ArW+tM3ewp9z/AK1vrUNQ9zqirxXovyH7vYUbvYUyikOwhrpY/uj6D+Vc0a6WP7o+g/lWkOpy4jaPz/Qwbk/vW+tQZrpiinqB+VJ5a+g/IUuUarWSVunf/gHNZozXS+WvoPyFHlr6D8hRyj9t5fj/AMA5omulj+6PoP5UeWvoPyFOqoqxhVnz20tY/9k=",
              "owner": Object {
                "id": "21687057195",
                "username": "ferrytalecreative",
              },
              "shortcode": "B56NB1qAsge",
              "taken_at_timestamp": 1576018530,
              "thumbnail_resources": Array [
                Object {
                  "config_height": 150,
                  "config_width": 150,
                  "src": "https://scontent-lax3-1.cdninstagram.com/v/t51.2885-15/e35/s150x150/80055641_438897707001015_5160973017149832554_n.jpg?_nc_ht=scontent-lax3-1.cdninstagram.com&_nc_cat=103&_nc_ohc=ocFmi1qqh1wAX91cedQ&oh=c7479e8fd8145a3a673e11ca5240e793&oe=5E790C5F",
                },
                Object {
                  "config_height": 240,
                  "config_width": 240,
                  "src": "https://scontent-lax3-1.cdninstagram.com/v/t51.2885-15/e35/s240x240/80055641_438897707001015_5160973017149832554_n.jpg?_nc_ht=scontent-lax3-1.cdninstagram.com&_nc_cat=103&_nc_ohc=ocFmi1qqh1wAX91cedQ&oh=f63c775cc20cac5318d93fbc15c9eca6&oe=5EA99C15",
                },
                Object {
                  "config_height": 320,
                  "config_width": 320,
                  "src": "https://scontent-lax3-1.cdninstagram.com/v/t51.2885-15/e35/s320x320/80055641_438897707001015_5160973017149832554_n.jpg?_nc_ht=scontent-lax3-1.cdninstagram.com&_nc_cat=103&_nc_ohc=ocFmi1qqh1wAX91cedQ&oh=69adfc31bbbe51bec43d0f843b976f0b&oe=5E93ABAF",
                },
                Object {
                  "config_height": 480,
                  "config_width": 480,
                  "src": "https://scontent-lax3-1.cdninstagram.com/v/t51.2885-15/e35/s480x480/80055641_438897707001015_5160973017149832554_n.jpg?_nc_ht=scontent-lax3-1.cdninstagram.com&_nc_cat=103&_nc_ohc=ocFmi1qqh1wAX91cedQ&oh=9cf23498b80b6c00a7a9ba4590636ca9&oe=5E7A7EF5",
                },
                Object {
                  "config_height": 640,
                  "config_width": 640,
                  "src": "https://scontent-lax3-1.cdninstagram.com/v/t51.2885-15/sh0.08/e35/s640x640/80055641_438897707001015_5160973017149832554_n.jpg?_nc_ht=scontent-lax3-1.cdninstagram.com&_nc_cat=103&_nc_ohc=ocFmi1qqh1wAX91cedQ&oh=e32e4f8095218f80f7147722a7c64fcd&oe=5E8EA0F8",
                },
              ],
              "thumbnail_src": "https://scontent-lax3-1.cdninstagram.com/v/t51.2885-15/sh0.08/e35/s640x640/80055641_438897707001015_5160973017149832554_n.jpg?_nc_ht=scontent-lax3-1.cdninstagram.com&_nc_cat=103&_nc_ohc=ocFmi1qqh1wAX91cedQ&oh=e32e4f8095218f80f7147722a7c64fcd&oe=5E8EA0F8",
            },
          },
          Object {
            "node": Object {
              "__typename": "GraphImage",
              "accessibility_caption": "Image may contain: one or more people",
              "comments_disabled": false,
              "dimensions": Object {
                "height": 1080,
                "width": 1080,
              },
              "display_url": "https://scontent-lax3-1.cdninstagram.com/v/t51.2885-15/e35/79853030_435927650694629_8033354804615676419_n.jpg?_nc_ht=scontent-lax3-1.cdninstagram.com&_nc_cat=105&_nc_ohc=IO5DRvbbnWUAX8gDPE5&oh=25947bb440b7b9bf143efa2e47c087b4&oe=5E91DAC5",
              "edge_liked_by": Object {
                "count": 9,
              },
              "edge_media_preview_like": Object {
                "count": 9,
              },
              "edge_media_to_caption": Object {
                "edges": Array [
                  Object {
                    "node": Object {
                      "text": "I think the lights around cars were my favorite 🎄
.
.
It was so festive and magical walking around #disneyland all decorated for #christmas
.
.
Also how smart is #dadthePumpkinKing ?? He didn't want to wear a headband or a hat so he put our hat bar under his #hoodie !

#hoodieweather #disney #disneyDad #disneyParks #disneyChristmas",
                    },
                  },
                ],
              },
              "edge_media_to_comment": Object {
                "count": 0,
              },
              "fact_check_information": null,
              "fact_check_overall_rating": null,
              "gating_info": null,
              "id": "2196003316885014784",
              "is_video": false,
              "location": Object {
                "has_public_page": true,
                "id": "2998961",
                "name": "Disney California Adventure Park",
                "slug": "disney-california-adventure-park",
              },
              "media_preview": "ACoqsPMGIibOXBGOOSOgJ7DOc1UlcRgA/vFycN0O4YBDdcqOnv60SILmfH91QW7A8jA46deT6VZREY/MqlgcOMY568Y7Y9etZKySLkm32/ruU5YllHmBcA7uU6cY/h/hUVG9sB9xg4yAOxJI9PTtmklXy2IQkdmHT6gdyvv+dPE6Ou2QdTksOvToB0qySLyXAzg4Jxn39KbtNTxBiMq2Ng3dcYPt6n6U/wCyzNztY55oHsQSTrHOxAyp+VgOp6cg+oIyPpVvcjD5Sdh/hwRn/ePU/QfnWYY8SMrc4Jz74/xqzuwuadtPkHNr6lhkSQljwx5JBqzHErE4wuRkkcHOeMdcADr6k1QVucetSLIUwTnuMjqKh3NFZ69R93EEYMMDOQQPbHP1Oear5PqfzNStOWY7gCMYHt/tf7x96afLzxux26VSE7dinF1/A/4f1pgc7Sh6qc/gOtNH3h/utQ3319wK0MupOj5xip4Z9xx0PTFUE/qalbiRSO5FZs1iyy/LH60Yq5MM28bd+ee/U96p0ykz/9k=",
              "owner": Object {
                "id": "21687057195",
                "username": "ferrytalecreative",
              },
              "shortcode": "B55xWG8gskA",
              "taken_at_timestamp": 1576004016,
              "thumbnail_resources": Array [
                Object {
                  "config_height": 150,
                  "config_width": 150,
                  "src": "https://scontent-lax3-1.cdninstagram.com/v/t51.2885-15/e35/s150x150/79853030_435927650694629_8033354804615676419_n.jpg?_nc_ht=scontent-lax3-1.cdninstagram.com&_nc_cat=105&_nc_ohc=IO5DRvbbnWUAX8gDPE5&oh=89f504cc96583057df423990e8813577&oe=5E7D1D87",
                },
                Object {
                  "config_height": 240,
                  "config_width": 240,
                  "src": "https://scontent-lax3-1.cdninstagram.com/v/t51.2885-15/e35/s240x240/79853030_435927650694629_8033354804615676419_n.jpg?_nc_ht=scontent-lax3-1.cdninstagram.com&_nc_cat=105&_nc_ohc=IO5DRvbbnWUAX8gDPE5&oh=6c93b1ed005fba65fec080d2c052ff1a&oe=5E9143CD",
                },
                Object {
                  "config_height": 320,
                  "config_width": 320,
                  "src": "https://scontent-lax3-1.cdninstagram.com/v/t51.2885-15/e35/s320x320/79853030_435927650694629_8033354804615676419_n.jpg?_nc_ht=scontent-lax3-1.cdninstagram.com&_nc_cat=105&_nc_ohc=IO5DRvbbnWUAX8gDPE5&oh=0581fd2060a8a1e15a6d302d3dd3543a&oe=5E900977",
                },
                Object {
                  "config_height": 480,
                  "config_width": 480,
                  "src": "https://scontent-lax3-1.cdninstagram.com/v/t51.2885-15/e35/s480x480/79853030_435927650694629_8033354804615676419_n.jpg?_nc_ht=scontent-lax3-1.cdninstagram.com&_nc_cat=105&_nc_ohc=IO5DRvbbnWUAX8gDPE5&oh=de0963b02a858339d14b29f155d3c80f&oe=5E90672D",
                },
                Object {
                  "config_height": 640,
                  "config_width": 640,
                  "src": "https://scontent-lax3-1.cdninstagram.com/v/t51.2885-15/sh0.08/e35/s640x640/79853030_435927650694629_8033354804615676419_n.jpg?_nc_ht=scontent-lax3-1.cdninstagram.com&_nc_cat=105&_nc_ohc=IO5DRvbbnWUAX8gDPE5&oh=c99229466c828a4c5982e67eead9b7c8&oe=5E91FD20",
                },
              ],
              "thumbnail_src": "https://scontent-lax3-1.cdninstagram.com/v/t51.2885-15/sh0.08/e35/s640x640/79853030_435927650694629_8033354804615676419_n.jpg?_nc_ht=scontent-lax3-1.cdninstagram.com&_nc_cat=105&_nc_ohc=IO5DRvbbnWUAX8gDPE5&oh=c99229466c828a4c5982e67eead9b7c8&oe=5E91FD20",
            },
          },
          Object {
            "node": Object {
              "__typename": "GraphImage",
              "accessibility_caption": "Image may contain: possible text that says 'All I wanna do when the day is through, is linger here on the umme magic front porch with you'",
              "comments_disabled": false,
              "dimensions": Object {
                "height": 1080,
                "width": 1080,
              },
              "display_url": "https://scontent-lax3-1.cdninstagram.com/v/t51.2885-15/fr/e15/s1080x1080/75534205_2387446181383540_7992578007956340509_n.jpg?_nc_ht=scontent-lax3-1.cdninstagram.com&_nc_cat=104&_nc_ohc=HhRq6TUxZWMAX_LVKF7&oh=8f91a864a00c4050bd3536218fa4337f&oe=5E73C0EB",
              "edge_liked_by": Object {
                "count": 9,
              },
              "edge_media_preview_like": Object {
                "count": 9,
              },
              "edge_media_to_caption": Object {
                "edges": Array [
                  Object {
                    "node": Object {
                      "text": "my family has always listened to those Classic Disney CD's.  This one song would always come up and well... I'd always skip it.. It started \\"Three creaky wooden stairs\\" that was my cue to skip.
.
.
I finally listened to the whole thing last week (more than 20 years later) and It's precious.  Such a sweet little reminder to stop and do the little things with some one you love. .
.
What do you do to slow down with your loves?
.
.
.
#disney #disneyMusic #disneyGirl #disneyFamily #instaDisney",
                    },
                  },
                ],
              },
              "edge_media_to_comment": Object {
                "count": 1,
              },
              "fact_check_information": null,
              "fact_check_overall_rating": null,
              "gating_info": null,
              "id": "2191426430057870910",
              "is_video": false,
              "location": null,
              "media_preview": "ACoq6B329ifoM0+o5M8AZ59P8/569qYdw4G768emP6Z+poAnrEvv9cfoP5VqLuDDO4j3xj8fp/Osy8XdMQPQfypoCnRS4pKoR0Ewzjp17kj+VRB8crt9M5PT3FTyZ4xn8BmovQ/NnP8AdH+e1SMsA5Gaybj/AI+D9P6VooTu/iwecEdKzLtts5PsP5UICBMbTnpUNODEAjsabVCOkZQ3Wm+UOnb6mpKKgYgGBj0rFvv9cfoP5Vt1iX3+uP0H8qaAqUUUVQj/2Q==",
              "owner": Object {
                "id": "21687057195",
                "username": "ferrytalecreative",
              },
              "shortcode": "B5pgro7AHY-",
              "taken_at_timestamp": 1575458409,
              "thumbnail_resources": Array [
                Object {
                  "config_height": 150,
                  "config_width": 150,
                  "src": "https://scontent-lax3-1.cdninstagram.com/v/t51.2885-15/e15/s150x150/75534205_2387446181383540_7992578007956340509_n.jpg?_nc_ht=scontent-lax3-1.cdninstagram.com&_nc_cat=104&_nc_ohc=HhRq6TUxZWMAX_LVKF7&oh=0158824cbcca239c440da8714b772797&oe=5E98FD1F",
                },
                Object {
                  "config_height": 240,
                  "config_width": 240,
                  "src": "https://scontent-lax3-1.cdninstagram.com/v/t51.2885-15/e15/s240x240/75534205_2387446181383540_7992578007956340509_n.jpg?_nc_ht=scontent-lax3-1.cdninstagram.com&_nc_cat=104&_nc_ohc=HhRq6TUxZWMAX_LVKF7&oh=349605e2d2f65b78a938e1eb0bfb6902&oe=5EAFF619",
                },
                Object {
                  "config_height": 320,
                  "config_width": 320,
                  "src": "https://scontent-lax3-1.cdninstagram.com/v/t51.2885-15/e15/s320x320/75534205_2387446181383540_7992578007956340509_n.jpg?_nc_ht=scontent-lax3-1.cdninstagram.com&_nc_cat=104&_nc_ohc=HhRq6TUxZWMAX_LVKF7&oh=a501227051e33dd575d7135b15bf8a1e&oe=5EB28667",
                },
                Object {
                  "config_height": 480,
                  "config_width": 480,
                  "src": "https://scontent-lax3-1.cdninstagram.com/v/t51.2885-15/e15/s480x480/75534205_2387446181383540_7992578007956340509_n.jpg?_nc_ht=scontent-lax3-1.cdninstagram.com&_nc_cat=104&_nc_ohc=HhRq6TUxZWMAX_LVKF7&oh=cb224d305676a84a39889273b2048a3a&oe=5EB01320",
                },
                Object {
                  "config_height": 640,
                  "config_width": 640,
                  "src": "https://scontent-lax3-1.cdninstagram.com/v/t51.2885-15/sh0.08/e35/s640x640/75534205_2387446181383540_7992578007956340509_n.jpg?_nc_ht=scontent-lax3-1.cdninstagram.com&_nc_cat=104&_nc_ohc=HhRq6TUxZWMAX_LVKF7&oh=366d906f96539e9120db1e86147f7443&oe=5E8D2322",
                },
              ],
              "thumbnail_src": "https://scontent-lax3-1.cdninstagram.com/v/t51.2885-15/sh0.08/e35/s640x640/75534205_2387446181383540_7992578007956340509_n.jpg?_nc_ht=scontent-lax3-1.cdninstagram.com&_nc_cat=104&_nc_ohc=HhRq6TUxZWMAX_LVKF7&oh=366d906f96539e9120db1e86147f7443&oe=5E8D2322",
            },
          },
          Object {
            "node": Object {
              "__typename": "GraphImage",
              "accessibility_caption": "Image may contain: tree and outdoor",
              "comments_disabled": false,
              "dimensions": Object {
                "height": 1080,
                "width": 1080,
              },
              "display_url": "https://scontent-lax3-1.cdninstagram.com/v/t51.2885-15/fr/e15/s1080x1080/75467948_1247363438784000_8353876559168459828_n.jpg?_nc_ht=scontent-lax3-1.cdninstagram.com&_nc_cat=100&_nc_ohc=q7hrY4KLR-4AX9m6Jf0&oh=8122be81b87ff60b674cf6a770fb841d&oe=5E8DFAEE",
              "edge_liked_by": Object {
                "count": 11,
              },
              "edge_media_preview_like": Object {
                "count": 11,
              },
              "edge_media_to_caption": Object {
                "edges": Array [
                  Object {
                    "node": Object {
                      "text": "A-weema-weh, a-weema-weh, a-weema-weh, a-weema-weh
.
.
.
#animalKingdom #disney #disneyLove # disneyDad #lionKing #disneyFamily #disneyAddict #disneyCrazy",
                    },
                  },
                ],
              },
              "edge_media_to_comment": Object {
                "count": 0,
              },
              "fact_check_information": null,
              "fact_check_overall_rating": null,
              "gating_info": null,
              "id": "2189971874154100752",
              "is_video": false,
              "location": Object {
                "has_public_page": true,
                "id": "2999359",
                "name": "Disney's Animal Kingdom",
                "slug": "disneys-animal-kingdom",
              },
              "media_preview": "ACoqRpl28dqq7gxweg9qRmDPgA5zjpSshQ7W+U/eyR68HHsP0qLC8xu1hjjg/wCeakztPzH0NBhdsqqk88Htj2JpTAwXnG9RnHXI9uMdOetFx8rAs3Q/l6+lPDLjqahXoCARgc4H5Ht1z71MCMcA/mP8KYiWO1A+ZgWbr1GM9hx19/50xrdjKWyoUe/6YPQZprwzgE5Dgc98j6dPyqujSSnAbpj9eAOaSSbve5TutGki35c5Od68dODj8OMVaS0l43OFI749+n+eo4qhao3nqJCcqeh9Rz/9et3G47u3Ye/T/wDUarlQKT7mc8AhYmVskg+gzxjj/CohPABjPT3FW71N8XTJXBAPJGeuD3z/AErLWBSAdyjI6FentRbsT5s0MqmCTjj6k/XPYds9aIXt0YkZDN3b/OBVCY9T71mZz15qYq2xrJ33OzADDjmoJFIG0Z9QR+oPTr/PmsbS3beVycAdM8V0TdPwq9zPY54vg4Hc856jn/PetLFVJ/vflV6t4LlukY1Hz2b7H//Z",
              "owner": Object {
                "id": "21687057195",
                "username": "ferrytalecreative",
              },
              "shortcode": "B5kV9ELDTgQ",
              "taken_at_timestamp": 1575285012,
              "thumbnail_resources": Array [
                Object {
                  "config_height": 150,
                  "config_width": 150,
                  "src": "https://scontent-lax3-1.cdninstagram.com/v/t51.2885-15/e15/s150x150/75467948_1247363438784000_8353876559168459828_n.jpg?_nc_ht=scontent-lax3-1.cdninstagram.com&_nc_cat=100&_nc_ohc=q7hrY4KLR-4AX9m6Jf0&oh=84fcd2084df75e573404b5258b377707&oe=5EB0FC1A",
                },
                Object {
                  "config_height": 240,
                  "config_width": 240,
                  "src": "https://scontent-lax3-1.cdninstagram.com/v/t51.2885-15/e15/s240x240/75467948_1247363438784000_8353876559168459828_n.jpg?_nc_ht=scontent-lax3-1.cdninstagram.com&_nc_cat=100&_nc_ohc=q7hrY4KLR-4AX9m6Jf0&oh=9c20c5588cc7c6be3973a90c63da0d64&oe=5EB21B1C",
                },
                Object {
                  "config_height": 320,
                  "config_width": 320,
                  "src": "https://scontent-lax3-1.cdninstagram.com/v/t51.2885-15/e15/s320x320/75467948_1247363438784000_8353876559168459828_n.jpg?_nc_ht=scontent-lax3-1.cdninstagram.com&_nc_cat=100&_nc_ohc=q7hrY4KLR-4AX9m6Jf0&oh=03a346f4d439396d4b38674f315b27a9&oe=5E8DA962",
                },
                Object {
                  "config_height": 480,
                  "config_width": 480,
                  "src": "https://scontent-lax3-1.cdninstagram.com/v/t51.2885-15/e15/s480x480/75467948_1247363438784000_8353876559168459828_n.jpg?_nc_ht=scontent-lax3-1.cdninstagram.com&_nc_cat=100&_nc_ohc=q7hrY4KLR-4AX9m6Jf0&oh=16ea233b001b2f8eb209922b04393f85&oe=5EA77225",
                },
                Object {
                  "config_height": 640,
                  "config_width": 640,
                  "src": "https://scontent-lax3-1.cdninstagram.com/v/t51.2885-15/sh0.08/e35/s640x640/75467948_1247363438784000_8353876559168459828_n.jpg?_nc_ht=scontent-lax3-1.cdninstagram.com&_nc_cat=100&_nc_ohc=q7hrY4KLR-4AX9m6Jf0&oh=d031569efafc221b9ee1fcc5ac33e47c&oe=5E776127",
                },
              ],
              "thumbnail_src": "https://scontent-lax3-1.cdninstagram.com/v/t51.2885-15/sh0.08/e35/s640x640/75467948_1247363438784000_8353876559168459828_n.jpg?_nc_ht=scontent-lax3-1.cdninstagram.com&_nc_cat=100&_nc_ohc=q7hrY4KLR-4AX9m6Jf0&oh=d031569efafc221b9ee1fcc5ac33e47c&oe=5E776127",
            },
          },
        ],
        "page_info": Object {
          "end_cursor": "[SANITIZED]",
          "has_next_page": true,
        },
      },
      "edge_saved_media": Object {
        "count": 0,
        "edges": Array [],
        "page_info": Object {
          "end_cursor": null,
          "has_next_page": false,
        },
      },
      "external_url": "https://www.etsy.com/shop/FerryTaleCreative",
      "external_url_linkshimmed": "[SANITIZED]",
      "followed_by_viewer": false,
      "follows_viewer": false,
      "full_name": "✨ Ferry Tale Creative ✨",
      "has_blocked_viewer": false,
      "has_channel": false,
      "has_requested_viewer": false,
      "highlight_reel_count": 3,
      "id": "21687057195",
      "is_business_account": true,
      "is_joined_recently": false,
      "is_private": false,
      "is_verified": false,
      "profile_pic_url": "https://scontent-lax3-2.cdninstagram.com/v/t51.2885-19/s150x150/73206448_802495700220354_7567181674845306880_n.jpg?_nc_ht=scontent-lax3-2.cdninstagram.com&_nc_ohc=4GdlO2fOe-EAX-HZD0c&oh=eae1ecae4e2f71fa48e9aa5e9d4c36fe&oe=5EA90413",
      "profile_pic_url_hd": "https://scontent-lax3-2.cdninstagram.com/v/t51.2885-19/s320x320/73206448_802495700220354_7567181674845306880_n.jpg?_nc_ht=scontent-lax3-2.cdninstagram.com&_nc_ohc=4GdlO2fOe-EAX-HZD0c&oh=5b502777cfa22717a472d4029244654e&oe=5E7F2BE3",
      "requested_by_viewer": false,
      "username": "ferrytalecreative",
    },
  },
  "logging_page_id": "profilePage_21687057195",
  "show_follow_dialog": false,
  "show_suggested_profiles": false,
  "toast_content_on_load": null,
}
`;
